2025-10-07 10:52:20,604 - INFO - Initializing TreeSatAI dataset with 2 workers
2025-10-07 10:52:20,604 - INFO - Labels path: /scratch/zf281/pangaea-bench/data/treesatai/TreeSatBA_v9_60m_multi_labels.json
2025-10-07 10:52:20,604 - INFO - H5 directory: /scratch/zf281/pangaea-bench/data/treesatai/sentinel-ts
2025-10-07 10:52:20,604 - INFO - Starting parallel label loading...
2025-10-07 10:52:20,604 - INFO - Loading labels JSON file...
2025-10-07 10:52:20,783 - INFO - Loaded 50381 labels from JSON
2025-10-07 10:52:20,783 - INFO - Scanning H5 directory...
2025-10-07 10:52:20,814 - INFO - Found 50381 H5 files
2025-10-07 10:52:20,815 - INFO - Created 1008 batches for parallel processing
2025-10-07 10:52:20,815 - INFO - Using 2 worker processes
Starting TreeSatAI dataset splitting tests...
=== Testing dataset with file lists ===
Testing train split...
2025-10-07 10:52:20,841 - INFO - Starting parallel processing...
2025-10-07 10:52:20,895 - INFO - Collecting results from worker processes...
2025-10-07 10:52:21,116 - INFO - Processing batch 0 with 50 files
2025-10-07 10:52:21,117 - INFO - Batch 0 completed: 50 valid samples
2025-10-07 10:52:21,118 - INFO - Collected batch 1/1008: 50 samples
2025-10-07 10:52:21,272 - INFO - Processing batch 1 with 50 files
2025-10-07 10:52:21,273 - INFO - Batch 1 completed: 50 valid samples
2025-10-07 10:52:21,274 - INFO - Collected batch 2/1008: 50 samples
2025-10-07 10:52:21,283 - INFO - Processing batch 2 with 50 files
2025-10-07 10:52:21,283 - INFO - Batch 2 completed: 50 valid samples
2025-10-07 10:52:21,284 - INFO - Collected batch 3/1008: 50 samples
2025-10-07 10:52:21,509 - INFO - Processing batch 3 with 50 files
2025-10-07 10:52:21,509 - INFO - Batch 3 completed: 50 valid samples
2025-10-07 10:52:21,510 - INFO - Collected batch 4/1008: 50 samples
2025-10-07 10:52:21,585 - INFO - Processing batch 4 with 50 files
2025-10-07 10:52:21,586 - INFO - Batch 4 completed: 50 valid samples
2025-10-07 10:52:21,587 - INFO - Collected batch 5/1008: 50 samples
2025-10-07 10:52:21,738 - INFO - Processing batch 5 with 50 files
2025-10-07 10:52:21,739 - INFO - Batch 5 completed: 50 valid samples
2025-10-07 10:52:21,740 - INFO - Collected batch 6/1008: 50 samples
2025-10-07 10:52:22,070 - INFO - Processing batch 6 with 50 files
2025-10-07 10:52:22,071 - INFO - Batch 6 completed: 50 valid samples
2025-10-07 10:52:22,072 - INFO - Collected batch 7/1008: 50 samples
2025-10-07 10:52:22,120 - INFO - Processing batch 8 with 50 files
2025-10-07 10:52:22,121 - INFO - Batch 8 completed: 50 valid samples
2025-10-07 10:52:22,134 - INFO - Processing batch 7 with 50 files
2025-10-07 10:52:22,135 - INFO - Batch 7 completed: 50 valid samples
2025-10-07 10:52:22,144 - INFO - Collected batch 8/1008: 50 samples
2025-10-07 10:52:22,145 - INFO - Collected batch 9/1008: 50 samples
2025-10-07 10:52:22,229 - INFO - Processing batch 10 with 50 files
2025-10-07 10:52:22,229 - INFO - Batch 10 completed: 50 valid samples
2025-10-07 10:52:22,398 - INFO - Processing batch 9 with 50 files
2025-10-07 10:52:22,399 - INFO - Batch 9 completed: 50 valid samples
2025-10-07 10:52:22,400 - INFO - Collected batch 10/1008: 50 samples
2025-10-07 10:52:22,400 - INFO - Collected batch 11/1008: 50 samples
2025-10-07 10:52:22,453 - INFO - Processing batch 11 with 50 files
2025-10-07 10:52:22,454 - INFO - Batch 11 completed: 50 valid samples
2025-10-07 10:52:22,455 - INFO - Collected batch 12/1008: 50 samples
2025-10-07 10:52:22,828 - INFO - Processing batch 13 with 50 files
2025-10-07 10:52:22,828 - INFO - Batch 13 completed: 50 valid samples
2025-10-07 10:52:22,850 - INFO - Processing batch 12 with 50 files
2025-10-07 10:52:22,851 - INFO - Batch 12 completed: 50 valid samples
2025-10-07 10:52:22,878 - INFO - Processing batch 14 with 50 files
2025-10-07 10:52:22,878 - INFO - Batch 14 completed: 50 valid samples
2025-10-07 10:52:22,880 - INFO - Collected batch 13/1008: 50 samples
2025-10-07 10:52:22,880 - INFO - Collected batch 14/1008: 50 samples
2025-10-07 10:52:22,880 - INFO - Collected batch 15/1008: 50 samples
2025-10-07 10:52:22,925 - INFO - Processing batch 15 with 50 files
2025-10-07 10:52:22,925 - INFO - Batch 15 completed: 50 valid samples
2025-10-07 10:52:22,964 - INFO - Collected batch 16/1008: 50 samples
2025-10-07 10:52:23,121 - INFO - Processing batch 16 with 50 files
2025-10-07 10:52:23,121 - INFO - Batch 16 completed: 50 valid samples
2025-10-07 10:52:23,123 - INFO - Collected batch 17/1008: 50 samples
2025-10-07 10:52:23,193 - INFO - Processing batch 17 with 50 files
2025-10-07 10:52:23,194 - INFO - Batch 17 completed: 50 valid samples
2025-10-07 10:52:23,195 - INFO - Collected batch 18/1008: 50 samples
2025-10-07 10:52:23,491 - INFO - Processing batch 18 with 50 files
2025-10-07 10:52:23,491 - INFO - Batch 18 completed: 50 valid samples
2025-10-07 10:52:23,492 - INFO - Collected batch 19/1008: 50 samples
2025-10-07 10:52:23,536 - INFO - Processing batch 20 with 50 files
2025-10-07 10:52:23,537 - INFO - Batch 20 completed: 50 valid samples
2025-10-07 10:52:23,637 - INFO - Processing batch 19 with 50 files
2025-10-07 10:52:23,638 - INFO - Batch 19 completed: 50 valid samples
2025-10-07 10:52:23,639 - INFO - Collected batch 20/1008: 50 samples
2025-10-07 10:52:23,639 - INFO - Collected batch 21/1008: 50 samples
2025-10-07 10:52:23,684 - INFO - Processing batch 22 with 50 files
2025-10-07 10:52:23,685 - INFO - Batch 22 completed: 50 valid samples
2025-10-07 10:52:23,921 - INFO - Processing batch 21 with 50 files
2025-10-07 10:52:23,922 - INFO - Batch 21 completed: 50 valid samples
2025-10-07 10:52:23,923 - INFO - Collected batch 22/1008: 50 samples
2025-10-07 10:52:23,923 - INFO - Collected batch 23/1008: 50 samples
2025-10-07 10:52:23,980 - INFO - Processing batch 24 with 50 files
2025-10-07 10:52:23,981 - INFO - Batch 24 completed: 50 valid samples
2025-10-07 10:52:24,192 - INFO - Processing batch 23 with 50 files
2025-10-07 10:52:24,192 - INFO - Batch 23 completed: 50 valid samples
2025-10-07 10:52:24,194 - INFO - Collected batch 24/1008: 50 samples
2025-10-07 10:52:24,194 - INFO - Collected batch 25/1008: 50 samples
2025-10-07 10:52:24,200 - INFO - Processing batch 25 with 50 files
2025-10-07 10:52:24,200 - INFO - Batch 25 completed: 50 valid samples
2025-10-07 10:52:24,201 - INFO - Collected batch 26/1008: 50 samples
2025-10-07 10:52:24,239 - INFO - Processing batch 26 with 50 files
2025-10-07 10:52:24,239 - INFO - Batch 26 completed: 50 valid samples
2025-10-07 10:52:24,265 - INFO - Collected batch 27/1008: 50 samples
2025-10-07 10:52:24,503 - INFO - Processing batch 28 with 50 files
2025-10-07 10:52:24,504 - INFO - Batch 28 completed: 50 valid samples
2025-10-07 10:52:24,610 - INFO - Processing batch 27 with 50 files
2025-10-07 10:52:24,611 - INFO - Batch 27 completed: 50 valid samples
2025-10-07 10:52:24,612 - INFO - Collected batch 28/1008: 50 samples
2025-10-07 10:52:24,613 - INFO - Collected batch 29/1008: 50 samples
2025-10-07 10:52:24,656 - INFO - Processing batch 30 with 50 files
2025-10-07 10:52:24,657 - INFO - Batch 30 completed: 50 valid samples
2025-10-07 10:52:24,839 - INFO - Processing batch 31 with 50 files
2025-10-07 10:52:24,840 - INFO - Batch 31 completed: 50 valid samples
2025-10-07 10:52:24,850 - INFO - Processing batch 29 with 50 files
2025-10-07 10:52:24,851 - INFO - Batch 29 completed: 50 valid samples
2025-10-07 10:52:24,917 - INFO - Collected batch 30/1008: 50 samples
2025-10-07 10:52:24,918 - INFO - Collected batch 31/1008: 50 samples
2025-10-07 10:52:24,918 - INFO - Collected batch 32/1008: 50 samples
2025-10-07 10:52:24,958 - INFO - Processing batch 33 with 50 files
2025-10-07 10:52:24,959 - INFO - Batch 33 completed: 50 valid samples
2025-10-07 10:52:25,158 - INFO - Processing batch 34 with 50 files
2025-10-07 10:52:25,159 - INFO - Batch 34 completed: 50 valid samples
2025-10-07 10:52:25,191 - INFO - Processing batch 32 with 50 files
2025-10-07 10:52:25,192 - INFO - Batch 32 completed: 50 valid samples
2025-10-07 10:52:25,235 - INFO - Collected batch 33/1008: 50 samples
2025-10-07 10:52:25,235 - INFO - Collected batch 34/1008: 50 samples
2025-10-07 10:52:25,235 - INFO - Collected batch 35/1008: 50 samples
2025-10-07 10:52:25,271 - INFO - Processing batch 36 with 50 files
2025-10-07 10:52:25,272 - INFO - Batch 36 completed: 50 valid samples
2025-10-07 10:52:25,531 - INFO - Processing batch 35 with 50 files
2025-10-07 10:52:25,532 - INFO - Batch 35 completed: 50 valid samples
2025-10-07 10:52:25,533 - INFO - Collected batch 36/1008: 50 samples
2025-10-07 10:52:25,533 - INFO - Collected batch 37/1008: 50 samples
2025-10-07 10:52:25,574 - INFO - Processing batch 38 with 50 files
2025-10-07 10:52:25,575 - INFO - Batch 38 completed: 50 valid samples
2025-10-07 10:52:25,603 - INFO - Processing batch 37 with 50 files
2025-10-07 10:52:25,604 - INFO - Batch 37 completed: 50 valid samples
2025-10-07 10:52:25,626 - INFO - Collected batch 38/1008: 50 samples
2025-10-07 10:52:25,626 - INFO - Collected batch 39/1008: 50 samples
2025-10-07 10:52:25,666 - INFO - Processing batch 40 with 50 files
2025-10-07 10:52:25,666 - INFO - Batch 40 completed: 50 valid samples
2025-10-07 10:52:25,853 - INFO - Processing batch 41 with 50 files
2025-10-07 10:52:25,853 - INFO - Batch 41 completed: 50 valid samples
2025-10-07 10:52:25,950 - INFO - Processing batch 39 with 50 files
2025-10-07 10:52:25,951 - INFO - Batch 39 completed: 50 valid samples
2025-10-07 10:52:25,952 - INFO - Collected batch 40/1008: 50 samples
2025-10-07 10:52:25,952 - INFO - Collected batch 41/1008: 50 samples
2025-10-07 10:52:25,952 - INFO - Collected batch 42/1008: 50 samples
2025-10-07 10:52:25,992 - INFO - Processing batch 43 with 50 files
2025-10-07 10:52:25,993 - INFO - Batch 43 completed: 50 valid samples
2025-10-07 10:52:26,165 - INFO - Processing batch 42 with 50 files
2025-10-07 10:52:26,166 - INFO - Batch 42 completed: 50 valid samples
2025-10-07 10:52:26,167 - INFO - Collected batch 43/1008: 50 samples
2025-10-07 10:52:26,168 - INFO - Collected batch 44/1008: 50 samples
2025-10-07 10:52:26,187 - INFO - Processing batch 44 with 50 files
2025-10-07 10:52:26,188 - INFO - Batch 44 completed: 50 valid samples
2025-10-07 10:52:26,218 - INFO - Processing batch 45 with 50 files
2025-10-07 10:52:26,219 - INFO - Batch 45 completed: 50 valid samples
2025-10-07 10:52:26,224 - INFO - Collected batch 45/1008: 50 samples
2025-10-07 10:52:26,225 - INFO - Collected batch 46/1008: 50 samples
2025-10-07 10:52:26,436 - INFO - Processing batch 47 with 50 files
2025-10-07 10:52:26,437 - INFO - Batch 47 completed: 50 valid samples
2025-10-07 10:52:26,578 - INFO - Processing batch 46 with 50 files
2025-10-07 10:52:26,579 - INFO - Batch 46 completed: 50 valid samples
2025-10-07 10:52:26,580 - INFO - Collected batch 47/1008: 50 samples
2025-10-07 10:52:26,581 - INFO - Collected batch 48/1008: 50 samples
2025-10-07 10:52:26,624 - INFO - Processing batch 49 with 50 files
2025-10-07 10:52:26,625 - INFO - Batch 49 completed: 50 valid samples
2025-10-07 10:52:26,759 - INFO - Processing batch 48 with 50 files
2025-10-07 10:52:26,760 - INFO - Batch 48 completed: 50 valid samples
2025-10-07 10:52:26,761 - INFO - Collected batch 49/1008: 50 samples
2025-10-07 10:52:26,761 - INFO - Collected batch 50/1008: 50 samples
2025-10-07 10:52:26,800 - INFO - Processing batch 51 with 50 files
2025-10-07 10:52:26,801 - INFO - Batch 51 completed: 50 valid samples
2025-10-07 10:52:26,801 - INFO - Processing batch 50 with 50 files
2025-10-07 10:52:26,802 - INFO - Batch 50 completed: 50 valid samples
2025-10-07 10:52:26,813 - INFO - Collected batch 51/1008: 50 samples
2025-10-07 10:52:26,814 - INFO - Collected batch 52/1008: 50 samples
2025-10-07 10:52:27,150 - INFO - Processing batch 52 with 50 files
2025-10-07 10:52:27,150 - INFO - Batch 52 completed: 50 valid samples
2025-10-07 10:52:27,151 - INFO - Collected batch 53/1008: 50 samples
2025-10-07 10:52:27,192 - INFO - Processing batch 53 with 50 files
2025-10-07 10:52:27,192 - INFO - Processing batch 54 with 50 files
2025-10-07 10:52:27,193 - INFO - Batch 53 completed: 50 valid samples
2025-10-07 10:52:27,193 - INFO - Batch 54 completed: 50 valid samples
2025-10-07 10:52:27,200 - INFO - Collected batch 54/1008: 50 samples
2025-10-07 10:52:27,200 - INFO - Collected batch 55/1008: 50 samples
2025-10-07 10:52:27,235 - INFO - Processing batch 55 with 50 files
2025-10-07 10:52:27,236 - INFO - Batch 55 completed: 50 valid samples
2025-10-07 10:52:27,243 - INFO - Collected batch 56/1008: 50 samples
2025-10-07 10:52:27,448 - INFO - Processing batch 57 with 50 files
2025-10-07 10:52:27,448 - INFO - Batch 57 completed: 50 valid samples
2025-10-07 10:52:27,559 - INFO - Processing batch 56 with 50 files
2025-10-07 10:52:27,559 - INFO - Batch 56 completed: 50 valid samples
2025-10-07 10:52:27,560 - INFO - Collected batch 57/1008: 50 samples
2025-10-07 10:52:27,561 - INFO - Collected batch 58/1008: 50 samples
2025-10-07 10:52:27,600 - INFO - Processing batch 59 with 50 files
2025-10-07 10:52:27,601 - INFO - Batch 59 completed: 50 valid samples
2025-10-07 10:52:27,768 - INFO - Processing batch 60 with 50 files
2025-10-07 10:52:27,768 - INFO - Batch 60 completed: 50 valid samples
2025-10-07 10:52:27,769 - INFO - Processing batch 58 with 50 files
2025-10-07 10:52:27,770 - INFO - Batch 58 completed: 50 valid samples
2025-10-07 10:52:27,771 - INFO - Collected batch 59/1008: 50 samples
2025-10-07 10:52:27,771 - INFO - Collected batch 60/1008: 50 samples
2025-10-07 10:52:27,771 - INFO - Collected batch 61/1008: 50 samples
2025-10-07 10:52:27,870 - INFO - Processing batch 62 with 50 files
2025-10-07 10:52:27,871 - INFO - Batch 62 completed: 50 valid samples
2025-10-07 10:52:28,051 - INFO - Processing batch 63 with 50 files
2025-10-07 10:52:28,052 - INFO - Batch 63 completed: 50 valid samples
2025-10-07 10:52:28,111 - INFO - Processing batch 61 with 50 files
2025-10-07 10:52:28,111 - INFO - Batch 61 completed: 50 valid samples
2025-10-07 10:52:28,112 - INFO - Collected batch 62/1008: 50 samples
2025-10-07 10:52:28,113 - INFO - Collected batch 63/1008: 50 samples
2025-10-07 10:52:28,113 - INFO - Collected batch 64/1008: 50 samples
2025-10-07 10:52:28,156 - INFO - Processing batch 65 with 50 files
2025-10-07 10:52:28,157 - INFO - Batch 65 completed: 50 valid samples
2025-10-07 10:52:28,319 - INFO - Processing batch 66 with 50 files
2025-10-07 10:52:28,320 - INFO - Batch 66 completed: 50 valid samples
2025-10-07 10:52:28,384 - INFO - Processing batch 64 with 50 files
2025-10-07 10:52:28,385 - INFO - Batch 64 completed: 50 valid samples
2025-10-07 10:52:28,386 - INFO - Collected batch 65/1008: 50 samples
2025-10-07 10:52:28,386 - INFO - Collected batch 66/1008: 50 samples
2025-10-07 10:52:28,386 - INFO - Collected batch 67/1008: 50 samples
2025-10-07 10:52:28,426 - INFO - Processing batch 68 with 50 files
2025-10-07 10:52:28,426 - INFO - Batch 68 completed: 50 valid samples
2025-10-07 10:52:28,627 - INFO - Processing batch 67 with 50 files
2025-10-07 10:52:28,628 - INFO - Batch 67 completed: 50 valid samples
2025-10-07 10:52:28,629 - INFO - Collected batch 68/1008: 50 samples
2025-10-07 10:52:28,629 - INFO - Collected batch 69/1008: 50 samples
2025-10-07 10:52:28,669 - INFO - Processing batch 70 with 50 files
2025-10-07 10:52:28,669 - INFO - Batch 70 completed: 50 valid samples
2025-10-07 10:52:28,742 - INFO - Processing batch 69 with 50 files
2025-10-07 10:52:28,743 - INFO - Batch 69 completed: 50 valid samples
2025-10-07 10:52:28,743 - INFO - Collected batch 70/1008: 50 samples
2025-10-07 10:52:28,744 - INFO - Collected batch 71/1008: 50 samples
2025-10-07 10:52:28,783 - INFO - Processing batch 72 with 50 files
2025-10-07 10:52:28,783 - INFO - Batch 72 completed: 50 valid samples
2025-10-07 10:52:28,956 - INFO - Processing batch 73 with 50 files
2025-10-07 10:52:28,956 - INFO - Batch 73 completed: 50 valid samples
2025-10-07 10:52:28,982 - INFO - Processing batch 71 with 50 files
2025-10-07 10:52:28,983 - INFO - Batch 71 completed: 50 valid samples
2025-10-07 10:52:29,005 - INFO - Collected batch 72/1008: 50 samples
2025-10-07 10:52:29,005 - INFO - Collected batch 73/1008: 50 samples
2025-10-07 10:52:29,005 - INFO - Collected batch 74/1008: 50 samples
2025-10-07 10:52:29,043 - INFO - Processing batch 75 with 50 files
2025-10-07 10:52:29,043 - INFO - Batch 75 completed: 50 valid samples
2025-10-07 10:52:29,229 - INFO - Processing batch 76 with 50 files
2025-10-07 10:52:29,230 - INFO - Batch 76 completed: 50 valid samples
2025-10-07 10:52:29,299 - INFO - Processing batch 74 with 50 files
2025-10-07 10:52:29,299 - INFO - Batch 74 completed: 50 valid samples
2025-10-07 10:52:29,300 - INFO - Collected batch 75/1008: 50 samples
2025-10-07 10:52:29,301 - INFO - Collected batch 76/1008: 50 samples
2025-10-07 10:52:29,301 - INFO - Collected batch 77/1008: 50 samples
2025-10-07 10:52:29,344 - INFO - Processing batch 78 with 50 files
2025-10-07 10:52:29,345 - INFO - Batch 78 completed: 50 valid samples
2025-10-07 10:52:29,509 - INFO - Processing batch 79 with 50 files
2025-10-07 10:52:29,510 - INFO - Batch 79 completed: 50 valid samples
2025-10-07 10:52:29,548 - INFO - Processing batch 77 with 50 files
2025-10-07 10:52:29,548 - INFO - Batch 77 completed: 50 valid samples
2025-10-07 10:52:29,560 - INFO - Collected batch 78/1008: 50 samples
2025-10-07 10:52:29,560 - INFO - Collected batch 79/1008: 50 samples
2025-10-07 10:52:29,560 - INFO - Collected batch 80/1008: 50 samples
2025-10-07 10:52:29,600 - INFO - Processing batch 81 with 50 files
2025-10-07 10:52:29,601 - INFO - Batch 81 completed: 50 valid samples
2025-10-07 10:52:29,782 - INFO - Processing batch 82 with 50 files
2025-10-07 10:52:29,782 - INFO - Batch 82 completed: 50 valid samples
2025-10-07 10:52:29,854 - INFO - Processing batch 80 with 50 files
2025-10-07 10:52:29,855 - INFO - Batch 80 completed: 50 valid samples
2025-10-07 10:52:29,856 - INFO - Collected batch 81/1008: 50 samples
2025-10-07 10:52:29,856 - INFO - Collected batch 82/1008: 50 samples
2025-10-07 10:52:29,856 - INFO - Collected batch 83/1008: 50 samples
2025-10-07 10:52:29,896 - INFO - Processing batch 84 with 50 files
2025-10-07 10:52:29,897 - INFO - Batch 84 completed: 50 valid samples
2025-10-07 10:52:30,135 - INFO - Processing batch 83 with 50 files
2025-10-07 10:52:30,135 - INFO - Batch 83 completed: 50 valid samples
2025-10-07 10:52:30,136 - INFO - Collected batch 84/1008: 50 samples
2025-10-07 10:52:30,136 - INFO - Collected batch 85/1008: 50 samples
2025-10-07 10:52:30,176 - INFO - Processing batch 86 with 50 files
2025-10-07 10:52:30,177 - INFO - Batch 86 completed: 50 valid samples
2025-10-07 10:52:30,237 - INFO - Processing batch 85 with 50 files
2025-10-07 10:52:30,238 - INFO - Batch 85 completed: 50 valid samples
2025-10-07 10:52:30,242 - INFO - Collected batch 86/1008: 50 samples
2025-10-07 10:52:30,242 - INFO - Collected batch 87/1008: 50 samples
2025-10-07 10:52:30,279 - INFO - Processing batch 88 with 50 files
2025-10-07 10:52:30,280 - INFO - Batch 88 completed: 50 valid samples
2025-10-07 10:52:30,452 - INFO - Processing batch 89 with 50 files
2025-10-07 10:52:30,453 - INFO - Batch 89 completed: 50 valid samples
2025-10-07 10:52:30,506 - INFO - Processing batch 87 with 50 files
2025-10-07 10:52:30,507 - INFO - Batch 87 completed: 50 valid samples
2025-10-07 10:52:30,508 - INFO - Collected batch 88/1008: 50 samples
2025-10-07 10:52:30,508 - INFO - Collected batch 89/1008: 50 samples
2025-10-07 10:52:30,508 - INFO - Collected batch 90/1008: 50 samples
2025-10-07 10:52:30,547 - INFO - Processing batch 91 with 50 files
2025-10-07 10:52:30,548 - INFO - Batch 91 completed: 50 valid samples
2025-10-07 10:52:30,718 - INFO - Processing batch 92 with 50 files
2025-10-07 10:52:30,719 - INFO - Batch 92 completed: 50 valid samples
2025-10-07 10:52:30,764 - INFO - Processing batch 90 with 50 files
2025-10-07 10:52:30,765 - INFO - Batch 90 completed: 50 valid samples
2025-10-07 10:52:30,772 - INFO - Collected batch 91/1008: 50 samples
2025-10-07 10:52:30,773 - INFO - Collected batch 92/1008: 50 samples
2025-10-07 10:52:30,773 - INFO - Collected batch 93/1008: 50 samples
2025-10-07 10:52:30,810 - INFO - Processing batch 94 with 50 files
2025-10-07 10:52:30,811 - INFO - Batch 94 completed: 50 valid samples
2025-10-07 10:52:30,975 - INFO - Processing batch 95 with 50 files
2025-10-07 10:52:30,975 - INFO - Batch 95 completed: 50 valid samples
2025-10-07 10:52:31,028 - INFO - Processing batch 93 with 50 files
2025-10-07 10:52:31,029 - INFO - Batch 93 completed: 50 valid samples
2025-10-07 10:52:31,030 - INFO - Collected batch 94/1008: 50 samples
2025-10-07 10:52:31,030 - INFO - Collected batch 95/1008: 50 samples
2025-10-07 10:52:31,030 - INFO - Collected batch 96/1008: 50 samples
2025-10-07 10:52:31,072 - INFO - Processing batch 97 with 50 files
2025-10-07 10:52:31,073 - INFO - Batch 97 completed: 50 valid samples
2025-10-07 10:52:31,235 - INFO - Processing batch 98 with 50 files
2025-10-07 10:52:31,236 - INFO - Batch 98 completed: 50 valid samples
2025-10-07 10:52:31,292 - INFO - Processing batch 96 with 50 files
2025-10-07 10:52:31,293 - INFO - Batch 96 completed: 50 valid samples
2025-10-07 10:52:31,293 - INFO - Collected batch 97/1008: 50 samples
2025-10-07 10:52:31,294 - INFO - Collected batch 98/1008: 50 samples
2025-10-07 10:52:31,294 - INFO - Collected batch 99/1008: 50 samples
2025-10-07 10:52:31,333 - INFO - Processing batch 100 with 50 files
2025-10-07 10:52:31,333 - INFO - Batch 100 completed: 50 valid samples
2025-10-07 10:52:31,546 - INFO - Processing batch 99 with 50 files
2025-10-07 10:52:31,547 - INFO - Batch 99 completed: 50 valid samples
2025-10-07 10:52:31,548 - INFO - Collected batch 100/1008: 50 samples
2025-10-07 10:52:31,548 - INFO - Collected batch 101/1008: 50 samples
2025-10-07 10:52:31,587 - INFO - Processing batch 102 with 50 files
2025-10-07 10:52:31,588 - INFO - Batch 102 completed: 50 valid samples
2025-10-07 10:52:31,665 - INFO - Processing batch 101 with 50 files
2025-10-07 10:52:31,666 - INFO - Batch 101 completed: 50 valid samples
2025-10-07 10:52:31,667 - INFO - Collected batch 102/1008: 50 samples
2025-10-07 10:52:31,667 - INFO - Collected batch 103/1008: 50 samples
2025-10-07 10:52:31,707 - INFO - Processing batch 104 with 50 files
2025-10-07 10:52:31,708 - INFO - Batch 104 completed: 50 valid samples
2025-10-07 10:52:31,879 - INFO - Processing batch 105 with 50 files
2025-10-07 10:52:31,880 - INFO - Batch 105 completed: 50 valid samples
2025-10-07 10:52:31,901 - INFO - Processing batch 103 with 50 files
2025-10-07 10:52:31,902 - INFO - Batch 103 completed: 50 valid samples
2025-10-07 10:52:31,924 - INFO - Collected batch 104/1008: 50 samples
2025-10-07 10:52:31,924 - INFO - Collected batch 105/1008: 50 samples
2025-10-07 10:52:31,924 - INFO - Collected batch 106/1008: 50 samples
2025-10-07 10:52:31,962 - INFO - Processing batch 107 with 50 files
2025-10-07 10:52:31,962 - INFO - Batch 107 completed: 50 valid samples
2025-10-07 10:52:32,150 - INFO - Processing batch 108 with 50 files
2025-10-07 10:52:32,150 - INFO - Batch 108 completed: 50 valid samples
2025-10-07 10:52:32,225 - INFO - Processing batch 106 with 50 files
2025-10-07 10:52:32,225 - INFO - Batch 106 completed: 50 valid samples
2025-10-07 10:52:32,226 - INFO - Collected batch 107/1008: 50 samples
2025-10-07 10:52:32,227 - INFO - Collected batch 108/1008: 50 samples
2025-10-07 10:52:32,227 - INFO - Collected batch 109/1008: 50 samples
2025-10-07 10:52:32,269 - INFO - Processing batch 110 with 50 files
2025-10-07 10:52:32,270 - INFO - Batch 110 completed: 50 valid samples
2025-10-07 10:52:32,448 - INFO - Processing batch 111 with 50 files
2025-10-07 10:52:32,449 - INFO - Batch 111 completed: 50 valid samples
2025-10-07 10:52:32,486 - INFO - Processing batch 109 with 50 files
2025-10-07 10:52:32,487 - INFO - Batch 109 completed: 50 valid samples
2025-10-07 10:52:32,511 - INFO - Collected batch 110/1008: 50 samples
2025-10-07 10:52:32,511 - INFO - Collected batch 111/1008: 50 samples
2025-10-07 10:52:32,511 - INFO - Collected batch 112/1008: 50 samples
2025-10-07 10:52:32,549 - INFO - Processing batch 113 with 50 files
2025-10-07 10:52:32,550 - INFO - Batch 113 completed: 50 valid samples
2025-10-07 10:52:32,717 - INFO - Processing batch 114 with 50 files
2025-10-07 10:52:32,717 - INFO - Batch 114 completed: 50 valid samples
2025-10-07 10:52:32,756 - INFO - Processing batch 112 with 50 files
2025-10-07 10:52:32,757 - INFO - Batch 112 completed: 50 valid samples
2025-10-07 10:52:32,786 - INFO - Collected batch 113/1008: 50 samples
2025-10-07 10:52:32,786 - INFO - Collected batch 114/1008: 50 samples
2025-10-07 10:52:32,786 - INFO - Collected batch 115/1008: 50 samples
2025-10-07 10:52:32,824 - INFO - Processing batch 116 with 50 files
2025-10-07 10:52:32,824 - INFO - Batch 116 completed: 50 valid samples
2025-10-07 10:52:33,064 - INFO - Processing batch 115 with 50 files
2025-10-07 10:52:33,065 - INFO - Batch 115 completed: 50 valid samples
2025-10-07 10:52:33,065 - INFO - Collected batch 116/1008: 50 samples
2025-10-07 10:52:33,066 - INFO - Collected batch 117/1008: 50 samples
2025-10-07 10:52:33,106 - INFO - Processing batch 118 with 50 files
2025-10-07 10:52:33,107 - INFO - Batch 118 completed: 50 valid samples
2025-10-07 10:52:33,173 - INFO - Processing batch 117 with 50 files
2025-10-07 10:52:33,174 - INFO - Batch 117 completed: 50 valid samples
2025-10-07 10:52:33,175 - INFO - Collected batch 118/1008: 50 samples
2025-10-07 10:52:33,175 - INFO - Collected batch 119/1008: 50 samples
2025-10-07 10:52:33,213 - INFO - Processing batch 120 with 50 files
2025-10-07 10:52:33,214 - INFO - Batch 120 completed: 50 valid samples
2025-10-07 10:52:33,382 - INFO - Processing batch 121 with 50 files
2025-10-07 10:52:33,383 - INFO - Batch 121 completed: 50 valid samples
2025-10-07 10:52:33,432 - INFO - Processing batch 119 with 50 files
2025-10-07 10:52:33,433 - INFO - Batch 119 completed: 50 valid samples
2025-10-07 10:52:33,434 - INFO - Collected batch 120/1008: 50 samples
2025-10-07 10:52:33,434 - INFO - Collected batch 121/1008: 50 samples
2025-10-07 10:52:33,434 - INFO - Collected batch 122/1008: 50 samples
2025-10-07 10:52:33,473 - INFO - Processing batch 123 with 50 files
2025-10-07 10:52:33,474 - INFO - Batch 123 completed: 50 valid samples
2025-10-07 10:52:33,639 - INFO - Processing batch 124 with 50 files
2025-10-07 10:52:33,640 - INFO - Batch 124 completed: 50 valid samples
2025-10-07 10:52:33,696 - INFO - Processing batch 122 with 50 files
2025-10-07 10:52:33,697 - INFO - Batch 122 completed: 50 valid samples
2025-10-07 10:52:33,697 - INFO - Collected batch 123/1008: 50 samples
2025-10-07 10:52:33,698 - INFO - Collected batch 124/1008: 50 samples
2025-10-07 10:52:33,698 - INFO - Collected batch 125/1008: 50 samples
2025-10-07 10:52:33,740 - INFO - Processing batch 126 with 50 files
2025-10-07 10:52:33,741 - INFO - Batch 126 completed: 50 valid samples
2025-10-07 10:52:33,909 - INFO - Processing batch 127 with 50 files
2025-10-07 10:52:33,910 - INFO - Batch 127 completed: 50 valid samples
2025-10-07 10:52:33,945 - INFO - Processing batch 125 with 50 files
2025-10-07 10:52:33,946 - INFO - Batch 125 completed: 50 valid samples
2025-10-07 10:52:33,956 - INFO - Collected batch 126/1008: 50 samples
2025-10-07 10:52:33,956 - INFO - Collected batch 127/1008: 50 samples
2025-10-07 10:52:33,957 - INFO - Collected batch 128/1008: 50 samples
2025-10-07 10:52:33,996 - INFO - Processing batch 129 with 50 files
2025-10-07 10:52:33,997 - INFO - Batch 129 completed: 50 valid samples
2025-10-07 10:52:34,163 - INFO - Processing batch 130 with 50 files
2025-10-07 10:52:34,164 - INFO - Batch 130 completed: 50 valid samples
2025-10-07 10:52:34,238 - INFO - Processing batch 128 with 50 files
2025-10-07 10:52:34,239 - INFO - Batch 128 completed: 50 valid samples
2025-10-07 10:52:34,240 - INFO - Collected batch 129/1008: 50 samples
2025-10-07 10:52:34,240 - INFO - Collected batch 130/1008: 50 samples
2025-10-07 10:52:34,240 - INFO - Collected batch 131/1008: 50 samples
2025-10-07 10:52:34,280 - INFO - Processing batch 132 with 50 files
2025-10-07 10:52:34,280 - INFO - Batch 132 completed: 50 valid samples
2025-10-07 10:52:34,470 - INFO - Processing batch 131 with 50 files
2025-10-07 10:52:34,470 - INFO - Batch 131 completed: 50 valid samples
2025-10-07 10:52:34,471 - INFO - Collected batch 132/1008: 50 samples
2025-10-07 10:52:34,472 - INFO - Collected batch 133/1008: 50 samples
2025-10-07 10:52:34,511 - INFO - Processing batch 134 with 50 files
2025-10-07 10:52:34,512 - INFO - Batch 134 completed: 50 valid samples
2025-10-07 10:52:34,601 - INFO - Processing batch 133 with 50 files
2025-10-07 10:52:34,601 - INFO - Batch 133 completed: 50 valid samples
2025-10-07 10:52:34,602 - INFO - Collected batch 134/1008: 50 samples
2025-10-07 10:52:34,603 - INFO - Collected batch 135/1008: 50 samples
2025-10-07 10:52:34,642 - INFO - Processing batch 136 with 50 files
2025-10-07 10:52:34,643 - INFO - Batch 136 completed: 50 valid samples
2025-10-07 10:52:34,815 - INFO - Processing batch 137 with 50 files
2025-10-07 10:52:34,816 - INFO - Batch 137 completed: 50 valid samples
2025-10-07 10:52:34,825 - INFO - Processing batch 135 with 50 files
2025-10-07 10:52:34,826 - INFO - Batch 135 completed: 50 valid samples
2025-10-07 10:52:34,860 - INFO - Collected batch 136/1008: 50 samples
2025-10-07 10:52:34,860 - INFO - Collected batch 137/1008: 50 samples
2025-10-07 10:52:34,860 - INFO - Collected batch 138/1008: 50 samples
2025-10-07 10:52:34,897 - INFO - Processing batch 139 with 50 files
2025-10-07 10:52:34,898 - INFO - Batch 139 completed: 50 valid samples
2025-10-07 10:52:35,086 - INFO - Processing batch 140 with 50 files
2025-10-07 10:52:35,087 - INFO - Batch 140 completed: 50 valid samples
2025-10-07 10:52:35,153 - INFO - Processing batch 138 with 50 files
2025-10-07 10:52:35,154 - INFO - Batch 138 completed: 50 valid samples
2025-10-07 10:52:35,155 - INFO - Collected batch 139/1008: 50 samples
2025-10-07 10:52:35,155 - INFO - Collected batch 140/1008: 50 samples
2025-10-07 10:52:35,155 - INFO - Collected batch 141/1008: 50 samples
2025-10-07 10:52:35,198 - INFO - Processing batch 142 with 50 files
2025-10-07 10:52:35,198 - INFO - Batch 142 completed: 50 valid samples
2025-10-07 10:52:35,366 - INFO - Processing batch 143 with 50 files
2025-10-07 10:52:35,367 - INFO - Batch 143 completed: 50 valid samples
2025-10-07 10:52:35,401 - INFO - Processing batch 141 with 50 files
2025-10-07 10:52:35,401 - INFO - Batch 141 completed: 50 valid samples
2025-10-07 10:52:35,436 - INFO - Collected batch 142/1008: 50 samples
2025-10-07 10:52:35,437 - INFO - Collected batch 143/1008: 50 samples
2025-10-07 10:52:35,437 - INFO - Collected batch 144/1008: 50 samples
2025-10-07 10:52:35,475 - INFO - Processing batch 145 with 50 files
2025-10-07 10:52:35,476 - INFO - Batch 145 completed: 50 valid samples
2025-10-07 10:52:35,655 - INFO - Processing batch 146 with 50 files
2025-10-07 10:52:35,656 - INFO - Batch 146 completed: 50 valid samples
2025-10-07 10:52:35,713 - INFO - Processing batch 144 with 50 files
2025-10-07 10:52:35,714 - INFO - Batch 144 completed: 50 valid samples
2025-10-07 10:52:35,715 - INFO - Collected batch 145/1008: 50 samples
2025-10-07 10:52:35,715 - INFO - Collected batch 146/1008: 50 samples
2025-10-07 10:52:35,715 - INFO - Collected batch 147/1008: 50 samples
2025-10-07 10:52:35,756 - INFO - Processing batch 148 with 50 files
2025-10-07 10:52:35,757 - INFO - Batch 148 completed: 50 valid samples
2025-10-07 10:52:35,988 - INFO - Processing batch 147 with 50 files
2025-10-07 10:52:35,989 - INFO - Batch 147 completed: 50 valid samples
2025-10-07 10:52:35,990 - INFO - Collected batch 148/1008: 50 samples
2025-10-07 10:52:35,990 - INFO - Collected batch 149/1008: 50 samples
2025-10-07 10:52:36,029 - INFO - Processing batch 150 with 50 files
2025-10-07 10:52:36,030 - INFO - Batch 150 completed: 50 valid samples
2025-10-07 10:52:36,077 - INFO - Processing batch 149 with 50 files
2025-10-07 10:52:36,078 - INFO - Batch 149 completed: 50 valid samples
2025-10-07 10:52:36,089 - INFO - Collected batch 150/1008: 50 samples
2025-10-07 10:52:36,089 - INFO - Collected batch 151/1008: 50 samples
2025-10-07 10:52:36,127 - INFO - Processing batch 152 with 50 files
2025-10-07 10:52:36,128 - INFO - Batch 152 completed: 50 valid samples
2025-10-07 10:52:36,315 - INFO - Processing batch 153 with 50 files
2025-10-07 10:52:36,315 - INFO - Batch 153 completed: 50 valid samples
2025-10-07 10:52:36,395 - INFO - Processing batch 151 with 50 files
2025-10-07 10:52:36,396 - INFO - Batch 151 completed: 50 valid samples
2025-10-07 10:52:36,397 - INFO - Collected batch 152/1008: 50 samples
2025-10-07 10:52:36,397 - INFO - Collected batch 153/1008: 50 samples
2025-10-07 10:52:36,397 - INFO - Collected batch 154/1008: 50 samples
2025-10-07 10:52:36,436 - INFO - Processing batch 155 with 50 files
2025-10-07 10:52:36,437 - INFO - Batch 155 completed: 50 valid samples
2025-10-07 10:52:36,618 - INFO - Processing batch 156 with 50 files
2025-10-07 10:52:36,618 - INFO - Batch 156 completed: 50 valid samples
2025-10-07 10:52:36,650 - INFO - Processing batch 154 with 50 files
2025-10-07 10:52:36,651 - INFO - Batch 154 completed: 50 valid samples
2025-10-07 10:52:36,664 - INFO - Collected batch 155/1008: 50 samples
2025-10-07 10:52:36,664 - INFO - Collected batch 156/1008: 50 samples
2025-10-07 10:52:36,664 - INFO - Collected batch 157/1008: 50 samples
2025-10-07 10:52:36,704 - INFO - Processing batch 158 with 50 files
2025-10-07 10:52:36,705 - INFO - Batch 158 completed: 50 valid samples
2025-10-07 10:52:36,883 - INFO - Processing batch 159 with 50 files
2025-10-07 10:52:36,884 - INFO - Batch 159 completed: 50 valid samples
2025-10-07 10:52:36,966 - INFO - Processing batch 157 with 50 files
2025-10-07 10:52:36,967 - INFO - Batch 157 completed: 50 valid samples
2025-10-07 10:52:36,968 - INFO - Collected batch 158/1008: 50 samples
2025-10-07 10:52:36,968 - INFO - Collected batch 159/1008: 50 samples
2025-10-07 10:52:36,968 - INFO - Collected batch 160/1008: 50 samples
2025-10-07 10:52:37,012 - INFO - Processing batch 161 with 50 files
2025-10-07 10:52:37,013 - INFO - Batch 161 completed: 50 valid samples
2025-10-07 10:52:37,183 - INFO - Processing batch 162 with 50 files
2025-10-07 10:52:37,184 - INFO - Batch 162 completed: 50 valid samples
2025-10-07 10:52:37,209 - INFO - Processing batch 160 with 50 files
2025-10-07 10:52:37,209 - INFO - Batch 160 completed: 50 valid samples
2025-10-07 10:52:37,230 - INFO - Collected batch 161/1008: 50 samples
2025-10-07 10:52:37,230 - INFO - Collected batch 162/1008: 50 samples
2025-10-07 10:52:37,230 - INFO - Collected batch 163/1008: 50 samples
2025-10-07 10:52:37,267 - INFO - Processing batch 164 with 50 files
2025-10-07 10:52:37,268 - INFO - Batch 164 completed: 50 valid samples
2025-10-07 10:52:37,536 - INFO - Processing batch 163 with 50 files
2025-10-07 10:52:37,537 - INFO - Batch 163 completed: 50 valid samples
2025-10-07 10:52:37,537 - INFO - Collected batch 164/1008: 50 samples
2025-10-07 10:52:37,538 - INFO - Collected batch 165/1008: 50 samples
2025-10-07 10:52:37,578 - INFO - Processing batch 166 with 50 files
2025-10-07 10:52:37,579 - INFO - Batch 166 completed: 50 valid samples
2025-10-07 10:52:37,617 - INFO - Processing batch 165 with 50 files
2025-10-07 10:52:37,617 - INFO - Batch 165 completed: 50 valid samples
2025-10-07 10:52:37,627 - INFO - Collected batch 166/1008: 50 samples
2025-10-07 10:52:37,627 - INFO - Collected batch 167/1008: 50 samples
2025-10-07 10:52:37,662 - INFO - Processing batch 168 with 50 files
2025-10-07 10:52:37,662 - INFO - Batch 168 completed: 50 valid samples
2025-10-07 10:52:37,833 - INFO - Processing batch 169 with 50 files
2025-10-07 10:52:37,833 - INFO - Batch 169 completed: 50 valid samples
2025-10-07 10:52:37,902 - INFO - Processing batch 167 with 50 files
2025-10-07 10:52:37,903 - INFO - Batch 167 completed: 50 valid samples
2025-10-07 10:52:37,904 - INFO - Collected batch 168/1008: 50 samples
2025-10-07 10:52:37,904 - INFO - Collected batch 169/1008: 50 samples
2025-10-07 10:52:37,904 - INFO - Collected batch 170/1008: 50 samples
2025-10-07 10:52:37,944 - INFO - Processing batch 171 with 50 files
2025-10-07 10:52:37,944 - INFO - Batch 171 completed: 50 valid samples
2025-10-07 10:52:38,115 - INFO - Processing batch 172 with 50 files
2025-10-07 10:52:38,115 - INFO - Batch 172 completed: 50 valid samples
2025-10-07 10:52:38,154 - INFO - Processing batch 170 with 50 files
2025-10-07 10:52:38,155 - INFO - Batch 170 completed: 50 valid samples
2025-10-07 10:52:38,160 - INFO - Collected batch 171/1008: 50 samples
2025-10-07 10:52:38,161 - INFO - Collected batch 172/1008: 50 samples
2025-10-07 10:52:38,161 - INFO - Collected batch 173/1008: 50 samples
2025-10-07 10:52:38,199 - INFO - Processing batch 174 with 50 files
2025-10-07 10:52:38,200 - INFO - Batch 174 completed: 50 valid samples
2025-10-07 10:52:38,365 - INFO - Processing batch 175 with 50 files
2025-10-07 10:52:38,365 - INFO - Batch 175 completed: 50 valid samples
2025-10-07 10:52:38,430 - INFO - Processing batch 173 with 50 files
2025-10-07 10:52:38,431 - INFO - Batch 173 completed: 50 valid samples
2025-10-07 10:52:38,431 - INFO - Collected batch 174/1008: 50 samples
2025-10-07 10:52:38,432 - INFO - Collected batch 175/1008: 50 samples
2025-10-07 10:52:38,432 - INFO - Collected batch 176/1008: 50 samples
2025-10-07 10:52:38,474 - INFO - Processing batch 177 with 50 files
2025-10-07 10:52:38,475 - INFO - Batch 177 completed: 50 valid samples
2025-10-07 10:52:38,640 - INFO - Processing batch 178 with 50 files
2025-10-07 10:52:38,641 - INFO - Batch 178 completed: 50 valid samples
2025-10-07 10:52:38,679 - INFO - Processing batch 176 with 50 files
2025-10-07 10:52:38,680 - INFO - Batch 176 completed: 50 valid samples
2025-10-07 10:52:38,687 - INFO - Collected batch 177/1008: 50 samples
2025-10-07 10:52:38,688 - INFO - Collected batch 178/1008: 50 samples
2025-10-07 10:52:38,688 - INFO - Collected batch 179/1008: 50 samples
2025-10-07 10:52:38,726 - INFO - Processing batch 180 with 50 files
2025-10-07 10:52:38,727 - INFO - Batch 180 completed: 50 valid samples
2025-10-07 10:52:38,996 - INFO - Processing batch 179 with 50 files
2025-10-07 10:52:38,997 - INFO - Batch 179 completed: 50 valid samples
2025-10-07 10:52:38,998 - INFO - Collected batch 180/1008: 50 samples
2025-10-07 10:52:38,998 - INFO - Collected batch 181/1008: 50 samples
2025-10-07 10:52:39,042 - INFO - Processing batch 182 with 50 files
2025-10-07 10:52:39,043 - INFO - Batch 182 completed: 50 valid samples
2025-10-07 10:52:39,073 - INFO - Processing batch 181 with 50 files
2025-10-07 10:52:39,074 - INFO - Batch 181 completed: 50 valid samples
2025-10-07 10:52:39,109 - INFO - Collected batch 182/1008: 50 samples
2025-10-07 10:52:39,110 - INFO - Collected batch 183/1008: 50 samples
2025-10-07 10:52:39,156 - INFO - Processing batch 184 with 50 files
2025-10-07 10:52:39,157 - INFO - Batch 184 completed: 50 valid samples
2025-10-07 10:52:39,418 - INFO - Processing batch 185 with 50 files
2025-10-07 10:52:39,419 - INFO - Batch 185 completed: 50 valid samples
2025-10-07 10:52:39,578 - INFO - Processing batch 183 with 50 files
2025-10-07 10:52:39,579 - INFO - Batch 183 completed: 50 valid samples
2025-10-07 10:52:39,580 - INFO - Collected batch 184/1008: 50 samples
2025-10-07 10:52:39,580 - INFO - Collected batch 185/1008: 50 samples
2025-10-07 10:52:39,580 - INFO - Collected batch 186/1008: 50 samples
2025-10-07 10:52:39,628 - INFO - Processing batch 187 with 50 files
2025-10-07 10:52:39,628 - INFO - Batch 187 completed: 50 valid samples
2025-10-07 10:52:39,883 - INFO - Processing batch 188 with 50 files
2025-10-07 10:52:39,883 - INFO - Batch 188 completed: 50 valid samples
2025-10-07 10:52:39,969 - INFO - Processing batch 186 with 50 files
2025-10-07 10:52:39,969 - INFO - Batch 186 completed: 50 valid samples
2025-10-07 10:52:39,970 - INFO - Collected batch 187/1008: 50 samples
2025-10-07 10:52:39,971 - INFO - Collected batch 188/1008: 50 samples
2025-10-07 10:52:39,971 - INFO - Collected batch 189/1008: 50 samples
2025-10-07 10:52:40,021 - INFO - Processing batch 190 with 50 files
2025-10-07 10:52:40,022 - INFO - Batch 190 completed: 50 valid samples
2025-10-07 10:52:40,243 - INFO - Processing batch 191 with 50 files
2025-10-07 10:52:40,243 - INFO - Batch 191 completed: 50 valid samples
2025-10-07 10:52:40,396 - INFO - Processing batch 189 with 50 files
2025-10-07 10:52:40,397 - INFO - Batch 189 completed: 50 valid samples
2025-10-07 10:52:40,398 - INFO - Collected batch 190/1008: 50 samples
2025-10-07 10:52:40,399 - INFO - Collected batch 191/1008: 50 samples
2025-10-07 10:52:40,399 - INFO - Collected batch 192/1008: 50 samples
2025-10-07 10:52:40,454 - INFO - Processing batch 193 with 50 files
2025-10-07 10:52:40,454 - INFO - Batch 193 completed: 50 valid samples
2025-10-07 10:52:40,565 - INFO - Processing batch 192 with 50 files
2025-10-07 10:52:40,566 - INFO - Batch 192 completed: 50 valid samples
2025-10-07 10:52:40,566 - INFO - Collected batch 193/1008: 50 samples
2025-10-07 10:52:40,566 - INFO - Collected batch 194/1008: 50 samples
2025-10-07 10:52:40,607 - INFO - Processing batch 195 with 50 files
2025-10-07 10:52:40,608 - INFO - Batch 195 completed: 50 valid samples
2025-10-07 10:52:40,710 - INFO - Processing batch 194 with 50 files
2025-10-07 10:52:40,710 - INFO - Batch 194 completed: 50 valid samples
2025-10-07 10:52:40,711 - INFO - Collected batch 195/1008: 50 samples
2025-10-07 10:52:40,712 - INFO - Collected batch 196/1008: 50 samples
2025-10-07 10:52:40,922 - INFO - Processing batch 196 with 50 files
2025-10-07 10:52:40,923 - INFO - Batch 196 completed: 50 valid samples
2025-10-07 10:52:40,924 - INFO - Collected batch 197/1008: 50 samples
2025-10-07 10:52:40,964 - INFO - Processing batch 198 with 50 files
2025-10-07 10:52:40,964 - INFO - Batch 198 completed: 50 valid samples
2025-10-07 10:52:41,135 - INFO - Processing batch 199 with 50 files
2025-10-07 10:52:41,136 - INFO - Batch 199 completed: 50 valid samples
2025-10-07 10:52:41,223 - INFO - Processing batch 197 with 50 files
2025-10-07 10:52:41,224 - INFO - Batch 197 completed: 50 valid samples
2025-10-07 10:52:41,225 - INFO - Collected batch 198/1008: 50 samples
2025-10-07 10:52:41,225 - INFO - Collected batch 199/1008: 50 samples
2025-10-07 10:52:41,225 - INFO - Collected batch 200/1008: 50 samples
2025-10-07 10:52:41,275 - INFO - Processing batch 201 with 50 files
2025-10-07 10:52:41,276 - INFO - Batch 201 completed: 50 valid samples
2025-10-07 10:52:41,451 - INFO - Processing batch 200 with 50 files
2025-10-07 10:52:41,451 - INFO - Batch 200 completed: 50 valid samples
2025-10-07 10:52:41,452 - INFO - Collected batch 201/1008: 50 samples
2025-10-07 10:52:41,453 - INFO - Collected batch 202/1008: 50 samples
2025-10-07 10:52:41,495 - INFO - Processing batch 203 with 50 files
2025-10-07 10:52:41,496 - INFO - Batch 203 completed: 50 valid samples
2025-10-07 10:52:41,675 - INFO - Processing batch 204 with 50 files
2025-10-07 10:52:41,676 - INFO - Batch 204 completed: 50 valid samples
2025-10-07 10:52:41,789 - INFO - Processing batch 202 with 50 files
2025-10-07 10:52:41,790 - INFO - Batch 202 completed: 50 valid samples
2025-10-07 10:52:41,791 - INFO - Collected batch 203/1008: 50 samples
2025-10-07 10:52:41,791 - INFO - Collected batch 204/1008: 50 samples
2025-10-07 10:52:41,791 - INFO - Collected batch 205/1008: 50 samples
2025-10-07 10:52:41,841 - INFO - Processing batch 206 with 50 files
2025-10-07 10:52:41,842 - INFO - Batch 206 completed: 50 valid samples
2025-10-07 10:52:41,989 - INFO - Processing batch 205 with 50 files
2025-10-07 10:52:41,990 - INFO - Batch 205 completed: 50 valid samples
2025-10-07 10:52:41,991 - INFO - Collected batch 206/1008: 50 samples
2025-10-07 10:52:41,991 - INFO - Collected batch 207/1008: 50 samples
2025-10-07 10:52:42,031 - INFO - Processing batch 208 with 50 files
2025-10-07 10:52:42,032 - INFO - Batch 208 completed: 50 valid samples
2025-10-07 10:52:42,104 - INFO - Processing batch 207 with 50 files
2025-10-07 10:52:42,104 - INFO - Batch 207 completed: 50 valid samples
2025-10-07 10:52:42,105 - INFO - Collected batch 208/1008: 50 samples
2025-10-07 10:52:42,105 - INFO - Collected batch 209/1008: 50 samples
2025-10-07 10:52:42,345 - INFO - Processing batch 209 with 50 files
2025-10-07 10:52:42,346 - INFO - Batch 209 completed: 50 valid samples
2025-10-07 10:52:42,347 - INFO - Collected batch 210/1008: 50 samples
2025-10-07 10:52:42,386 - INFO - Processing batch 211 with 50 files
2025-10-07 10:52:42,387 - INFO - Batch 211 completed: 50 valid samples
2025-10-07 10:52:42,563 - INFO - Processing batch 212 with 50 files
2025-10-07 10:52:42,563 - INFO - Batch 212 completed: 50 valid samples
2025-10-07 10:52:42,631 - INFO - Processing batch 210 with 50 files
2025-10-07 10:52:42,632 - INFO - Batch 210 completed: 50 valid samples
2025-10-07 10:52:42,633 - INFO - Collected batch 211/1008: 50 samples
2025-10-07 10:52:42,633 - INFO - Collected batch 212/1008: 50 samples
2025-10-07 10:52:42,634 - INFO - Collected batch 213/1008: 50 samples
2025-10-07 10:52:42,684 - INFO - Processing batch 214 with 50 files
2025-10-07 10:52:42,684 - INFO - Batch 214 completed: 50 valid samples
2025-10-07 10:52:42,880 - INFO - Processing batch 213 with 50 files
2025-10-07 10:52:42,881 - INFO - Batch 213 completed: 50 valid samples
2025-10-07 10:52:42,882 - INFO - Collected batch 214/1008: 50 samples
2025-10-07 10:52:42,882 - INFO - Collected batch 215/1008: 50 samples
2025-10-07 10:52:42,903 - INFO - Processing batch 215 with 50 files
2025-10-07 10:52:42,904 - INFO - Batch 215 completed: 50 valid samples
2025-10-07 10:52:42,928 - INFO - Processing batch 216 with 50 files
2025-10-07 10:52:42,928 - INFO - Batch 216 completed: 50 valid samples
2025-10-07 10:52:42,947 - INFO - Collected batch 216/1008: 50 samples
2025-10-07 10:52:42,947 - INFO - Collected batch 217/1008: 50 samples
2025-10-07 10:52:43,155 - INFO - Processing batch 218 with 50 files
2025-10-07 10:52:43,156 - INFO - Batch 218 completed: 50 valid samples
2025-10-07 10:52:43,290 - INFO - Processing batch 217 with 50 files
2025-10-07 10:52:43,291 - INFO - Batch 217 completed: 50 valid samples
2025-10-07 10:52:43,291 - INFO - Collected batch 218/1008: 50 samples
2025-10-07 10:52:43,292 - INFO - Collected batch 219/1008: 50 samples
2025-10-07 10:52:43,331 - INFO - Processing batch 220 with 50 files
2025-10-07 10:52:43,331 - INFO - Batch 220 completed: 50 valid samples
2025-10-07 10:52:43,486 - INFO - Processing batch 219 with 50 files
2025-10-07 10:52:43,487 - INFO - Batch 219 completed: 50 valid samples
2025-10-07 10:52:43,488 - INFO - Collected batch 220/1008: 50 samples
2025-10-07 10:52:43,488 - INFO - Collected batch 221/1008: 50 samples
2025-10-07 10:52:43,528 - INFO - Processing batch 222 with 50 files
2025-10-07 10:52:43,528 - INFO - Batch 222 completed: 50 valid samples
2025-10-07 10:52:43,658 - INFO - Processing batch 221 with 50 files
2025-10-07 10:52:43,659 - INFO - Batch 221 completed: 50 valid samples
2025-10-07 10:52:43,660 - INFO - Collected batch 222/1008: 50 samples
2025-10-07 10:52:43,660 - INFO - Collected batch 223/1008: 50 samples
2025-10-07 10:52:43,699 - INFO - Processing batch 224 with 50 files
2025-10-07 10:52:43,700 - INFO - Batch 224 completed: 50 valid samples
2025-10-07 10:52:43,846 - INFO - Processing batch 223 with 50 files
2025-10-07 10:52:43,847 - INFO - Batch 223 completed: 50 valid samples
2025-10-07 10:52:43,847 - INFO - Collected batch 224/1008: 50 samples
2025-10-07 10:52:43,848 - INFO - Collected batch 225/1008: 50 samples
2025-10-07 10:52:43,864 - INFO - Processing batch 225 with 50 files
2025-10-07 10:52:43,865 - INFO - Batch 225 completed: 50 valid samples
2025-10-07 10:52:43,886 - INFO - Processing batch 226 with 50 files
2025-10-07 10:52:43,887 - INFO - Batch 226 completed: 50 valid samples
2025-10-07 10:52:43,891 - INFO - Collected batch 226/1008: 50 samples
2025-10-07 10:52:43,892 - INFO - Collected batch 227/1008: 50 samples
2025-10-07 10:52:44,107 - INFO - Processing batch 228 with 50 files
2025-10-07 10:52:44,108 - INFO - Batch 228 completed: 50 valid samples
2025-10-07 10:52:44,226 - INFO - Processing batch 227 with 50 files
2025-10-07 10:52:44,227 - INFO - Batch 227 completed: 50 valid samples
2025-10-07 10:52:44,228 - INFO - Collected batch 228/1008: 50 samples
2025-10-07 10:52:44,228 - INFO - Collected batch 229/1008: 50 samples
2025-10-07 10:52:44,271 - INFO - Processing batch 230 with 50 files
2025-10-07 10:52:44,271 - INFO - Batch 230 completed: 50 valid samples
2025-10-07 10:52:44,421 - INFO - Processing batch 229 with 50 files
2025-10-07 10:52:44,422 - INFO - Batch 229 completed: 50 valid samples
2025-10-07 10:52:44,423 - INFO - Collected batch 230/1008: 50 samples
2025-10-07 10:52:44,423 - INFO - Collected batch 231/1008: 50 samples
2025-10-07 10:52:44,436 - INFO - Processing batch 231 with 50 files
2025-10-07 10:52:44,437 - INFO - Batch 231 completed: 50 valid samples
2025-10-07 10:52:44,465 - INFO - Processing batch 232 with 50 files
2025-10-07 10:52:44,466 - INFO - Batch 232 completed: 50 valid samples
2025-10-07 10:52:44,484 - INFO - Collected batch 232/1008: 50 samples
2025-10-07 10:52:44,485 - INFO - Collected batch 233/1008: 50 samples
2025-10-07 10:52:44,695 - INFO - Processing batch 234 with 50 files
2025-10-07 10:52:44,696 - INFO - Batch 234 completed: 50 valid samples
2025-10-07 10:52:44,806 - INFO - Processing batch 233 with 50 files
2025-10-07 10:52:44,807 - INFO - Batch 233 completed: 50 valid samples
2025-10-07 10:52:44,808 - INFO - Collected batch 234/1008: 50 samples
2025-10-07 10:52:44,808 - INFO - Collected batch 235/1008: 50 samples
2025-10-07 10:52:44,847 - INFO - Processing batch 236 with 50 files
2025-10-07 10:52:44,848 - INFO - Batch 236 completed: 50 valid samples
2025-10-07 10:52:45,021 - INFO - Processing batch 235 with 50 files
2025-10-07 10:52:45,022 - INFO - Batch 235 completed: 50 valid samples
2025-10-07 10:52:45,023 - INFO - Collected batch 236/1008: 50 samples
2025-10-07 10:52:45,023 - INFO - Collected batch 237/1008: 50 samples
2025-10-07 10:52:45,063 - INFO - Processing batch 238 with 50 files
2025-10-07 10:52:45,064 - INFO - Batch 238 completed: 50 valid samples
2025-10-07 10:52:45,164 - INFO - Processing batch 237 with 50 files
2025-10-07 10:52:45,165 - INFO - Batch 237 completed: 50 valid samples
2025-10-07 10:52:45,166 - INFO - Collected batch 238/1008: 50 samples
2025-10-07 10:52:45,167 - INFO - Collected batch 239/1008: 50 samples
2025-10-07 10:52:45,206 - INFO - Processing batch 240 with 50 files
2025-10-07 10:52:45,206 - INFO - Batch 240 completed: 50 valid samples
2025-10-07 10:52:45,371 - INFO - Processing batch 241 with 50 files
2025-10-07 10:52:45,372 - INFO - Batch 241 completed: 50 valid samples
2025-10-07 10:52:45,384 - INFO - Processing batch 239 with 50 files
2025-10-07 10:52:45,384 - INFO - Batch 239 completed: 50 valid samples
2025-10-07 10:52:45,416 - INFO - Collected batch 240/1008: 50 samples
2025-10-07 10:52:45,416 - INFO - Collected batch 241/1008: 50 samples
2025-10-07 10:52:45,416 - INFO - Collected batch 242/1008: 50 samples
2025-10-07 10:52:45,453 - INFO - Processing batch 243 with 50 files
2025-10-07 10:52:45,453 - INFO - Batch 243 completed: 50 valid samples
2025-10-07 10:52:45,640 - INFO - Processing batch 244 with 50 files
2025-10-07 10:52:45,641 - INFO - Batch 244 completed: 50 valid samples
2025-10-07 10:52:45,723 - INFO - Processing batch 242 with 50 files
2025-10-07 10:52:45,724 - INFO - Batch 242 completed: 50 valid samples
2025-10-07 10:52:45,725 - INFO - Collected batch 243/1008: 50 samples
2025-10-07 10:52:45,725 - INFO - Collected batch 244/1008: 50 samples
2025-10-07 10:52:45,725 - INFO - Collected batch 245/1008: 50 samples
2025-10-07 10:52:45,770 - INFO - Processing batch 246 with 50 files
2025-10-07 10:52:45,770 - INFO - Batch 246 completed: 50 valid samples
2025-10-07 10:52:45,937 - INFO - Processing batch 247 with 50 files
2025-10-07 10:52:45,938 - INFO - Batch 247 completed: 50 valid samples
2025-10-07 10:52:45,976 - INFO - Processing batch 245 with 50 files
2025-10-07 10:52:45,976 - INFO - Batch 245 completed: 50 valid samples
2025-10-07 10:52:45,984 - INFO - Collected batch 246/1008: 50 samples
2025-10-07 10:52:45,984 - INFO - Collected batch 247/1008: 50 samples
2025-10-07 10:52:45,984 - INFO - Collected batch 248/1008: 50 samples
2025-10-07 10:52:46,020 - INFO - Processing batch 249 with 50 files
2025-10-07 10:52:46,021 - INFO - Batch 249 completed: 50 valid samples
2025-10-07 10:52:46,190 - INFO - Processing batch 250 with 50 files
2025-10-07 10:52:46,191 - INFO - Batch 250 completed: 50 valid samples
2025-10-07 10:52:46,249 - INFO - Processing batch 248 with 50 files
2025-10-07 10:52:46,250 - INFO - Batch 248 completed: 50 valid samples
2025-10-07 10:52:46,251 - INFO - Collected batch 249/1008: 50 samples
2025-10-07 10:52:46,251 - INFO - Collected batch 250/1008: 50 samples
2025-10-07 10:52:46,251 - INFO - Collected batch 251/1008: 50 samples
2025-10-07 10:52:46,290 - INFO - Processing batch 252 with 50 files
2025-10-07 10:52:46,291 - INFO - Batch 252 completed: 50 valid samples
2025-10-07 10:52:46,504 - INFO - Processing batch 251 with 50 files
2025-10-07 10:52:46,505 - INFO - Batch 251 completed: 50 valid samples
2025-10-07 10:52:46,506 - INFO - Collected batch 252/1008: 50 samples
2025-10-07 10:52:46,506 - INFO - Collected batch 253/1008: 50 samples
2025-10-07 10:52:46,546 - INFO - Processing batch 254 with 50 files
2025-10-07 10:52:46,546 - INFO - Batch 254 completed: 50 valid samples
2025-10-07 10:52:46,611 - INFO - Processing batch 253 with 50 files
2025-10-07 10:52:46,612 - INFO - Batch 253 completed: 50 valid samples
2025-10-07 10:52:46,613 - INFO - Collected batch 254/1008: 50 samples
2025-10-07 10:52:46,613 - INFO - Collected batch 255/1008: 50 samples
2025-10-07 10:52:46,653 - INFO - Processing batch 256 with 50 files
2025-10-07 10:52:46,653 - INFO - Batch 256 completed: 50 valid samples
2025-10-07 10:52:46,822 - INFO - Processing batch 257 with 50 files
2025-10-07 10:52:46,823 - INFO - Batch 257 completed: 50 valid samples
2025-10-07 10:52:46,864 - INFO - Processing batch 255 with 50 files
2025-10-07 10:52:46,865 - INFO - Batch 255 completed: 50 valid samples
2025-10-07 10:52:46,867 - INFO - Collected batch 256/1008: 50 samples
2025-10-07 10:52:46,867 - INFO - Collected batch 257/1008: 50 samples
2025-10-07 10:52:46,868 - INFO - Collected batch 258/1008: 50 samples
2025-10-07 10:52:46,905 - INFO - Processing batch 259 with 50 files
2025-10-07 10:52:46,906 - INFO - Batch 259 completed: 50 valid samples
2025-10-07 10:52:47,076 - INFO - Processing batch 260 with 50 files
2025-10-07 10:52:47,077 - INFO - Batch 260 completed: 50 valid samples
2025-10-07 10:52:47,135 - INFO - Processing batch 258 with 50 files
2025-10-07 10:52:47,136 - INFO - Batch 258 completed: 50 valid samples
2025-10-07 10:52:47,137 - INFO - Collected batch 259/1008: 50 samples
2025-10-07 10:52:47,137 - INFO - Collected batch 260/1008: 50 samples
2025-10-07 10:52:47,138 - INFO - Collected batch 261/1008: 50 samples
2025-10-07 10:52:47,179 - INFO - Processing batch 262 with 50 files
2025-10-07 10:52:47,180 - INFO - Batch 262 completed: 50 valid samples
2025-10-07 10:52:47,344 - INFO - Processing batch 263 with 50 files
2025-10-07 10:52:47,345 - INFO - Batch 263 completed: 50 valid samples
2025-10-07 10:52:47,395 - INFO - Processing batch 261 with 50 files
2025-10-07 10:52:47,396 - INFO - Batch 261 completed: 50 valid samples
2025-10-07 10:52:47,412 - INFO - Collected batch 262/1008: 50 samples
2025-10-07 10:52:47,413 - INFO - Collected batch 263/1008: 50 samples
2025-10-07 10:52:47,413 - INFO - Collected batch 264/1008: 50 samples
2025-10-07 10:52:47,453 - INFO - Processing batch 265 with 50 files
2025-10-07 10:52:47,454 - INFO - Batch 265 completed: 50 valid samples
2025-10-07 10:52:47,635 - INFO - Processing batch 266 with 50 files
2025-10-07 10:52:47,636 - INFO - Batch 266 completed: 50 valid samples
2025-10-07 10:52:47,689 - INFO - Processing batch 264 with 50 files
2025-10-07 10:52:47,689 - INFO - Batch 264 completed: 50 valid samples
2025-10-07 10:52:47,708 - INFO - Collected batch 265/1008: 50 samples
2025-10-07 10:52:47,709 - INFO - Collected batch 266/1008: 50 samples
2025-10-07 10:52:47,709 - INFO - Collected batch 267/1008: 50 samples
2025-10-07 10:52:47,744 - INFO - Processing batch 268 with 50 files
2025-10-07 10:52:47,744 - INFO - Batch 268 completed: 50 valid samples
2025-10-07 10:52:47,969 - INFO - Processing batch 267 with 50 files
2025-10-07 10:52:47,969 - INFO - Batch 267 completed: 50 valid samples
2025-10-07 10:52:47,970 - INFO - Collected batch 268/1008: 50 samples
2025-10-07 10:52:47,971 - INFO - Collected batch 269/1008: 50 samples
2025-10-07 10:52:48,019 - INFO - Processing batch 270 with 50 files
2025-10-07 10:52:48,020 - INFO - Batch 270 completed: 50 valid samples
2025-10-07 10:52:48,064 - INFO - Processing batch 269 with 50 files
2025-10-07 10:52:48,065 - INFO - Batch 269 completed: 50 valid samples
2025-10-07 10:52:48,068 - INFO - Collected batch 270/1008: 50 samples
2025-10-07 10:52:48,069 - INFO - Collected batch 271/1008: 50 samples
2025-10-07 10:52:48,106 - INFO - Processing batch 272 with 50 files
2025-10-07 10:52:48,107 - INFO - Batch 272 completed: 50 valid samples
2025-10-07 10:52:48,275 - INFO - Processing batch 273 with 50 files
2025-10-07 10:52:48,276 - INFO - Batch 273 completed: 50 valid samples
2025-10-07 10:52:48,335 - INFO - Processing batch 271 with 50 files
2025-10-07 10:52:48,336 - INFO - Batch 271 completed: 50 valid samples
2025-10-07 10:52:48,336 - INFO - Collected batch 272/1008: 50 samples
2025-10-07 10:52:48,337 - INFO - Collected batch 273/1008: 50 samples
2025-10-07 10:52:48,337 - INFO - Collected batch 274/1008: 50 samples
2025-10-07 10:52:48,376 - INFO - Processing batch 275 with 50 files
2025-10-07 10:52:48,376 - INFO - Batch 275 completed: 50 valid samples
2025-10-07 10:52:48,547 - INFO - Processing batch 276 with 50 files
2025-10-07 10:52:48,548 - INFO - Batch 276 completed: 50 valid samples
2025-10-07 10:52:48,583 - INFO - Processing batch 274 with 50 files
2025-10-07 10:52:48,583 - INFO - Batch 274 completed: 50 valid samples
2025-10-07 10:52:48,592 - INFO - Collected batch 275/1008: 50 samples
2025-10-07 10:52:48,592 - INFO - Collected batch 276/1008: 50 samples
2025-10-07 10:52:48,592 - INFO - Collected batch 277/1008: 50 samples
2025-10-07 10:52:48,633 - INFO - Processing batch 278 with 50 files
2025-10-07 10:52:48,634 - INFO - Batch 278 completed: 50 valid samples
2025-10-07 10:52:48,811 - INFO - Processing batch 279 with 50 files
2025-10-07 10:52:48,812 - INFO - Batch 279 completed: 50 valid samples
2025-10-07 10:52:48,894 - INFO - Processing batch 277 with 50 files
2025-10-07 10:52:48,895 - INFO - Batch 277 completed: 50 valid samples
2025-10-07 10:52:48,896 - INFO - Collected batch 278/1008: 50 samples
2025-10-07 10:52:48,896 - INFO - Collected batch 279/1008: 50 samples
2025-10-07 10:52:48,896 - INFO - Collected batch 280/1008: 50 samples
2025-10-07 10:52:48,940 - INFO - Processing batch 281 with 50 files
2025-10-07 10:52:48,941 - INFO - Batch 281 completed: 50 valid samples
2025-10-07 10:52:49,107 - INFO - Processing batch 282 with 50 files
2025-10-07 10:52:49,108 - INFO - Batch 282 completed: 50 valid samples
2025-10-07 10:52:49,143 - INFO - Processing batch 280 with 50 files
2025-10-07 10:52:49,144 - INFO - Batch 280 completed: 50 valid samples
2025-10-07 10:52:49,178 - INFO - Collected batch 281/1008: 50 samples
2025-10-07 10:52:49,179 - INFO - Collected batch 282/1008: 50 samples
2025-10-07 10:52:49,179 - INFO - Collected batch 283/1008: 50 samples
2025-10-07 10:52:49,216 - INFO - Processing batch 284 with 50 files
2025-10-07 10:52:49,217 - INFO - Batch 284 completed: 50 valid samples
2025-10-07 10:52:49,452 - INFO - Processing batch 283 with 50 files
2025-10-07 10:52:49,453 - INFO - Batch 283 completed: 50 valid samples
2025-10-07 10:52:49,454 - INFO - Collected batch 284/1008: 50 samples
2025-10-07 10:52:49,454 - INFO - Collected batch 285/1008: 50 samples
2025-10-07 10:52:49,496 - INFO - Processing batch 286 with 50 files
2025-10-07 10:52:49,497 - INFO - Batch 286 completed: 50 valid samples
2025-10-07 10:52:49,576 - INFO - Processing batch 285 with 50 files
2025-10-07 10:52:49,577 - INFO - Batch 285 completed: 50 valid samples
2025-10-07 10:52:49,578 - INFO - Collected batch 286/1008: 50 samples
2025-10-07 10:52:49,578 - INFO - Collected batch 287/1008: 50 samples
2025-10-07 10:52:49,618 - INFO - Processing batch 288 with 50 files
2025-10-07 10:52:49,619 - INFO - Batch 288 completed: 50 valid samples
2025-10-07 10:52:49,786 - INFO - Processing batch 289 with 50 files
2025-10-07 10:52:49,787 - INFO - Batch 289 completed: 50 valid samples
2025-10-07 10:52:49,817 - INFO - Processing batch 287 with 50 files
2025-10-07 10:52:49,818 - INFO - Batch 287 completed: 50 valid samples
2025-10-07 10:52:49,848 - INFO - Collected batch 288/1008: 50 samples
2025-10-07 10:52:49,848 - INFO - Collected batch 289/1008: 50 samples
2025-10-07 10:52:49,848 - INFO - Collected batch 290/1008: 50 samples
2025-10-07 10:52:49,885 - INFO - Processing batch 291 with 50 files
2025-10-07 10:52:49,886 - INFO - Batch 291 completed: 50 valid samples
2025-10-07 10:52:50,074 - INFO - Processing batch 292 with 50 files
2025-10-07 10:52:50,075 - INFO - Batch 292 completed: 50 valid samples
2025-10-07 10:52:50,134 - INFO - Processing batch 290 with 50 files
2025-10-07 10:52:50,135 - INFO - Batch 290 completed: 50 valid samples
2025-10-07 10:52:50,136 - INFO - Collected batch 291/1008: 50 samples
2025-10-07 10:52:50,136 - INFO - Collected batch 292/1008: 50 samples
2025-10-07 10:52:50,136 - INFO - Collected batch 293/1008: 50 samples
2025-10-07 10:52:50,180 - INFO - Processing batch 294 with 50 files
2025-10-07 10:52:50,181 - INFO - Batch 294 completed: 50 valid samples
2025-10-07 10:52:50,353 - INFO - Processing batch 295 with 50 files
2025-10-07 10:52:50,354 - INFO - Batch 295 completed: 50 valid samples
2025-10-07 10:52:50,412 - INFO - Processing batch 293 with 50 files
2025-10-07 10:52:50,412 - INFO - Batch 293 completed: 50 valid samples
2025-10-07 10:52:50,413 - INFO - Collected batch 294/1008: 50 samples
2025-10-07 10:52:50,413 - INFO - Collected batch 295/1008: 50 samples
2025-10-07 10:52:50,414 - INFO - Collected batch 296/1008: 50 samples
2025-10-07 10:52:50,457 - INFO - Processing batch 297 with 50 files
2025-10-07 10:52:50,457 - INFO - Batch 297 completed: 50 valid samples
2025-10-07 10:52:50,622 - INFO - Processing batch 298 with 50 files
2025-10-07 10:52:50,622 - INFO - Batch 298 completed: 50 valid samples
2025-10-07 10:52:50,668 - INFO - Processing batch 296 with 50 files
2025-10-07 10:52:50,669 - INFO - Batch 296 completed: 50 valid samples
2025-10-07 10:52:50,669 - INFO - Collected batch 297/1008: 50 samples
2025-10-07 10:52:50,670 - INFO - Collected batch 298/1008: 50 samples
2025-10-07 10:52:50,670 - INFO - Collected batch 299/1008: 50 samples
2025-10-07 10:52:50,709 - INFO - Processing batch 300 with 50 files
2025-10-07 10:52:50,710 - INFO - Batch 300 completed: 50 valid samples
2025-10-07 10:52:50,933 - INFO - Processing batch 299 with 50 files
2025-10-07 10:52:50,934 - INFO - Batch 299 completed: 50 valid samples
2025-10-07 10:52:50,935 - INFO - Collected batch 300/1008: 50 samples
2025-10-07 10:52:50,935 - INFO - Collected batch 301/1008: 50 samples
2025-10-07 10:52:50,974 - INFO - Processing batch 302 with 50 files
2025-10-07 10:52:50,975 - INFO - Batch 302 completed: 50 valid samples
2025-10-07 10:52:51,022 - INFO - Processing batch 301 with 50 files
2025-10-07 10:52:51,023 - INFO - Batch 301 completed: 50 valid samples
2025-10-07 10:52:51,024 - INFO - Collected batch 302/1008: 50 samples
2025-10-07 10:52:51,024 - INFO - Collected batch 303/1008: 50 samples
2025-10-07 10:52:51,063 - INFO - Processing batch 304 with 50 files
2025-10-07 10:52:51,064 - INFO - Batch 304 completed: 50 valid samples
2025-10-07 10:52:51,230 - INFO - Processing batch 305 with 50 files
2025-10-07 10:52:51,231 - INFO - Batch 305 completed: 50 valid samples
2025-10-07 10:52:51,290 - INFO - Processing batch 303 with 50 files
2025-10-07 10:52:51,291 - INFO - Batch 303 completed: 50 valid samples
2025-10-07 10:52:51,292 - INFO - Collected batch 304/1008: 50 samples
2025-10-07 10:52:51,292 - INFO - Collected batch 305/1008: 50 samples
2025-10-07 10:52:51,293 - INFO - Collected batch 306/1008: 50 samples
2025-10-07 10:52:51,332 - INFO - Processing batch 307 with 50 files
2025-10-07 10:52:51,333 - INFO - Batch 307 completed: 50 valid samples
2025-10-07 10:52:51,501 - INFO - Processing batch 308 with 50 files
2025-10-07 10:52:51,502 - INFO - Batch 308 completed: 50 valid samples
2025-10-07 10:52:51,538 - INFO - Processing batch 306 with 50 files
2025-10-07 10:52:51,538 - INFO - Batch 306 completed: 50 valid samples
2025-10-07 10:52:51,566 - INFO - Collected batch 307/1008: 50 samples
2025-10-07 10:52:51,566 - INFO - Collected batch 308/1008: 50 samples
2025-10-07 10:52:51,566 - INFO - Collected batch 309/1008: 50 samples
2025-10-07 10:52:51,606 - INFO - Processing batch 310 with 50 files
2025-10-07 10:52:51,606 - INFO - Batch 310 completed: 50 valid samples
2025-10-07 10:52:51,789 - INFO - Processing batch 311 with 50 files
2025-10-07 10:52:51,790 - INFO - Batch 311 completed: 50 valid samples
2025-10-07 10:52:51,846 - INFO - Processing batch 309 with 50 files
2025-10-07 10:52:51,847 - INFO - Batch 309 completed: 50 valid samples
2025-10-07 10:52:51,861 - INFO - Collected batch 310/1008: 50 samples
2025-10-07 10:52:51,861 - INFO - Collected batch 311/1008: 50 samples
2025-10-07 10:52:51,861 - INFO - Collected batch 312/1008: 50 samples
2025-10-07 10:52:51,899 - INFO - Processing batch 313 with 50 files
2025-10-07 10:52:51,899 - INFO - Batch 313 completed: 50 valid samples
2025-10-07 10:52:52,064 - INFO - Processing batch 314 with 50 files
2025-10-07 10:52:52,065 - INFO - Batch 314 completed: 50 valid samples
2025-10-07 10:52:52,125 - INFO - Processing batch 312 with 50 files
2025-10-07 10:52:52,125 - INFO - Batch 312 completed: 50 valid samples
2025-10-07 10:52:52,128 - INFO - Collected batch 313/1008: 50 samples
2025-10-07 10:52:52,129 - INFO - Collected batch 314/1008: 50 samples
2025-10-07 10:52:52,129 - INFO - Collected batch 315/1008: 50 samples
2025-10-07 10:52:52,166 - INFO - Processing batch 316 with 50 files
2025-10-07 10:52:52,167 - INFO - Batch 316 completed: 50 valid samples
2025-10-07 10:52:52,379 - INFO - Processing batch 315 with 50 files
2025-10-07 10:52:52,380 - INFO - Batch 315 completed: 50 valid samples
2025-10-07 10:52:52,381 - INFO - Collected batch 316/1008: 50 samples
2025-10-07 10:52:52,381 - INFO - Collected batch 317/1008: 50 samples
2025-10-07 10:52:52,420 - INFO - Processing batch 318 with 50 files
2025-10-07 10:52:52,421 - INFO - Batch 318 completed: 50 valid samples
2025-10-07 10:52:52,483 - INFO - Processing batch 317 with 50 files
2025-10-07 10:52:52,484 - INFO - Batch 317 completed: 50 valid samples
2025-10-07 10:52:52,484 - INFO - Collected batch 318/1008: 50 samples
2025-10-07 10:52:52,485 - INFO - Collected batch 319/1008: 50 samples
2025-10-07 10:52:52,525 - INFO - Processing batch 320 with 50 files
2025-10-07 10:52:52,525 - INFO - Batch 320 completed: 50 valid samples
2025-10-07 10:52:52,695 - INFO - Processing batch 321 with 50 files
2025-10-07 10:52:52,695 - INFO - Batch 321 completed: 50 valid samples
2025-10-07 10:52:52,733 - INFO - Processing batch 319 with 50 files
2025-10-07 10:52:52,733 - INFO - Batch 319 completed: 50 valid samples
2025-10-07 10:52:52,756 - INFO - Collected batch 320/1008: 50 samples
2025-10-07 10:52:52,756 - INFO - Collected batch 321/1008: 50 samples
2025-10-07 10:52:52,757 - INFO - Collected batch 322/1008: 50 samples
2025-10-07 10:52:52,794 - INFO - Processing batch 323 with 50 files
2025-10-07 10:52:52,795 - INFO - Batch 323 completed: 50 valid samples
2025-10-07 10:52:52,981 - INFO - Processing batch 324 with 50 files
2025-10-07 10:52:52,982 - INFO - Batch 324 completed: 50 valid samples
2025-10-07 10:52:53,046 - INFO - Processing batch 322 with 50 files
2025-10-07 10:52:53,047 - INFO - Batch 322 completed: 50 valid samples
2025-10-07 10:52:53,048 - INFO - Collected batch 323/1008: 50 samples
2025-10-07 10:52:53,048 - INFO - Collected batch 324/1008: 50 samples
2025-10-07 10:52:53,048 - INFO - Collected batch 325/1008: 50 samples
2025-10-07 10:52:53,093 - INFO - Processing batch 326 with 50 files
2025-10-07 10:52:53,094 - INFO - Batch 326 completed: 50 valid samples
2025-10-07 10:52:53,257 - INFO - Processing batch 327 with 50 files
2025-10-07 10:52:53,258 - INFO - Batch 327 completed: 50 valid samples
2025-10-07 10:52:53,318 - INFO - Processing batch 325 with 50 files
2025-10-07 10:52:53,319 - INFO - Batch 325 completed: 50 valid samples
2025-10-07 10:52:53,320 - INFO - Collected batch 326/1008: 50 samples
2025-10-07 10:52:53,320 - INFO - Collected batch 327/1008: 50 samples
2025-10-07 10:52:53,320 - INFO - Collected batch 328/1008: 50 samples
2025-10-07 10:52:53,363 - INFO - Processing batch 329 with 50 files
2025-10-07 10:52:53,364 - INFO - Batch 329 completed: 50 valid samples
2025-10-07 10:52:53,535 - INFO - Processing batch 330 with 50 files
2025-10-07 10:52:53,535 - INFO - Batch 330 completed: 50 valid samples
2025-10-07 10:52:53,565 - INFO - Processing batch 328 with 50 files
2025-10-07 10:52:53,566 - INFO - Batch 328 completed: 50 valid samples
2025-10-07 10:52:53,582 - INFO - Collected batch 329/1008: 50 samples
2025-10-07 10:52:53,583 - INFO - Collected batch 330/1008: 50 samples
2025-10-07 10:52:53,583 - INFO - Collected batch 331/1008: 50 samples
2025-10-07 10:52:53,621 - INFO - Processing batch 332 with 50 files
2025-10-07 10:52:53,622 - INFO - Batch 332 completed: 50 valid samples
2025-10-07 10:52:53,886 - INFO - Processing batch 331 with 50 files
2025-10-07 10:52:53,887 - INFO - Batch 331 completed: 50 valid samples
2025-10-07 10:52:53,888 - INFO - Collected batch 332/1008: 50 samples
2025-10-07 10:52:53,888 - INFO - Collected batch 333/1008: 50 samples
2025-10-07 10:52:53,929 - INFO - Processing batch 334 with 50 files
2025-10-07 10:52:53,930 - INFO - Batch 334 completed: 50 valid samples
2025-10-07 10:52:53,980 - INFO - Processing batch 333 with 50 files
2025-10-07 10:52:53,980 - INFO - Batch 333 completed: 50 valid samples
2025-10-07 10:52:53,989 - INFO - Collected batch 334/1008: 50 samples
2025-10-07 10:52:53,989 - INFO - Collected batch 335/1008: 50 samples
2025-10-07 10:52:54,025 - INFO - Processing batch 336 with 50 files
2025-10-07 10:52:54,026 - INFO - Batch 336 completed: 50 valid samples
2025-10-07 10:52:54,195 - INFO - Processing batch 337 with 50 files
2025-10-07 10:52:54,195 - INFO - Batch 337 completed: 50 valid samples
2025-10-07 10:52:54,264 - INFO - Processing batch 335 with 50 files
2025-10-07 10:52:54,264 - INFO - Batch 335 completed: 50 valid samples
2025-10-07 10:52:54,265 - INFO - Collected batch 336/1008: 50 samples
2025-10-07 10:52:54,265 - INFO - Collected batch 337/1008: 50 samples
2025-10-07 10:52:54,266 - INFO - Collected batch 338/1008: 50 samples
2025-10-07 10:52:54,305 - INFO - Processing batch 339 with 50 files
2025-10-07 10:52:54,306 - INFO - Batch 339 completed: 50 valid samples
2025-10-07 10:52:54,476 - INFO - Processing batch 340 with 50 files
2025-10-07 10:52:54,476 - INFO - Batch 340 completed: 50 valid samples
2025-10-07 10:52:54,503 - INFO - Processing batch 338 with 50 files
2025-10-07 10:52:54,504 - INFO - Batch 338 completed: 50 valid samples
2025-10-07 10:52:54,522 - INFO - Collected batch 339/1008: 50 samples
2025-10-07 10:52:54,522 - INFO - Collected batch 340/1008: 50 samples
2025-10-07 10:52:54,522 - INFO - Collected batch 341/1008: 50 samples
2025-10-07 10:52:54,562 - INFO - Processing batch 342 with 50 files
2025-10-07 10:52:54,563 - INFO - Batch 342 completed: 50 valid samples
2025-10-07 10:52:54,748 - INFO - Processing batch 343 with 50 files
2025-10-07 10:52:54,749 - INFO - Batch 343 completed: 50 valid samples
2025-10-07 10:52:54,826 - INFO - Processing batch 341 with 50 files
2025-10-07 10:52:54,827 - INFO - Batch 341 completed: 50 valid samples
2025-10-07 10:52:54,828 - INFO - Collected batch 342/1008: 50 samples
2025-10-07 10:52:54,828 - INFO - Collected batch 343/1008: 50 samples
2025-10-07 10:52:54,828 - INFO - Collected batch 344/1008: 50 samples
2025-10-07 10:52:54,869 - INFO - Processing batch 345 with 50 files
2025-10-07 10:52:54,870 - INFO - Batch 345 completed: 50 valid samples
2025-10-07 10:52:55,037 - INFO - Processing batch 346 with 50 files
2025-10-07 10:52:55,038 - INFO - Batch 346 completed: 50 valid samples
2025-10-07 10:52:55,062 - INFO - Processing batch 344 with 50 files
2025-10-07 10:52:55,063 - INFO - Batch 344 completed: 50 valid samples
2025-10-07 10:52:55,103 - INFO - Collected batch 345/1008: 50 samples
2025-10-07 10:52:55,103 - INFO - Collected batch 346/1008: 50 samples
2025-10-07 10:52:55,103 - INFO - Collected batch 347/1008: 50 samples
2025-10-07 10:52:55,140 - INFO - Processing batch 348 with 50 files
2025-10-07 10:52:55,140 - INFO - Batch 348 completed: 50 valid samples
2025-10-07 10:52:55,388 - INFO - Processing batch 347 with 50 files
2025-10-07 10:52:55,389 - INFO - Batch 347 completed: 50 valid samples
2025-10-07 10:52:55,390 - INFO - Collected batch 348/1008: 50 samples
2025-10-07 10:52:55,390 - INFO - Collected batch 349/1008: 50 samples
2025-10-07 10:52:55,431 - INFO - Processing batch 350 with 50 files
2025-10-07 10:52:55,432 - INFO - Batch 350 completed: 50 valid samples
2025-10-07 10:52:55,489 - INFO - Processing batch 349 with 50 files
2025-10-07 10:52:55,489 - INFO - Batch 349 completed: 50 valid samples
2025-10-07 10:52:55,498 - INFO - Collected batch 350/1008: 50 samples
2025-10-07 10:52:55,499 - INFO - Collected batch 351/1008: 50 samples
2025-10-07 10:52:55,538 - INFO - Processing batch 352 with 50 files
2025-10-07 10:52:55,538 - INFO - Batch 352 completed: 50 valid samples
2025-10-07 10:52:55,720 - INFO - Processing batch 353 with 50 files
2025-10-07 10:52:55,721 - INFO - Batch 353 completed: 50 valid samples
2025-10-07 10:52:55,787 - INFO - Processing batch 351 with 50 files
2025-10-07 10:52:55,788 - INFO - Batch 351 completed: 50 valid samples
2025-10-07 10:52:55,789 - INFO - Collected batch 352/1008: 50 samples
2025-10-07 10:52:55,790 - INFO - Collected batch 353/1008: 50 samples
2025-10-07 10:52:55,790 - INFO - Collected batch 354/1008: 50 samples
2025-10-07 10:52:55,829 - INFO - Processing batch 355 with 50 files
2025-10-07 10:52:55,830 - INFO - Batch 355 completed: 50 valid samples
2025-10-07 10:52:55,993 - INFO - Processing batch 356 with 50 files
2025-10-07 10:52:55,994 - INFO - Batch 356 completed: 50 valid samples
2025-10-07 10:52:56,033 - INFO - Processing batch 354 with 50 files
2025-10-07 10:52:56,034 - INFO - Batch 354 completed: 50 valid samples
2025-10-07 10:52:56,038 - INFO - Collected batch 355/1008: 50 samples
2025-10-07 10:52:56,038 - INFO - Collected batch 356/1008: 50 samples
2025-10-07 10:52:56,038 - INFO - Collected batch 357/1008: 50 samples
2025-10-07 10:52:56,077 - INFO - Processing batch 358 with 50 files
2025-10-07 10:52:56,078 - INFO - Batch 358 completed: 50 valid samples
2025-10-07 10:52:56,246 - INFO - Processing batch 359 with 50 files
2025-10-07 10:52:56,246 - INFO - Batch 359 completed: 50 valid samples
2025-10-07 10:52:56,303 - INFO - Processing batch 357 with 50 files
2025-10-07 10:52:56,304 - INFO - Batch 357 completed: 50 valid samples
2025-10-07 10:52:56,316 - INFO - Collected batch 358/1008: 50 samples
2025-10-07 10:52:56,316 - INFO - Collected batch 359/1008: 50 samples
2025-10-07 10:52:56,316 - INFO - Collected batch 360/1008: 50 samples
2025-10-07 10:52:56,357 - INFO - Processing batch 361 with 50 files
2025-10-07 10:52:56,357 - INFO - Batch 361 completed: 50 valid samples
2025-10-07 10:52:56,539 - INFO - Processing batch 362 with 50 files
2025-10-07 10:52:56,539 - INFO - Batch 362 completed: 50 valid samples
2025-10-07 10:52:56,591 - INFO - Processing batch 360 with 50 files
2025-10-07 10:52:56,592 - INFO - Batch 360 completed: 50 valid samples
2025-10-07 10:52:56,615 - INFO - Collected batch 361/1008: 50 samples
2025-10-07 10:52:56,615 - INFO - Collected batch 362/1008: 50 samples
2025-10-07 10:52:56,615 - INFO - Collected batch 363/1008: 50 samples
2025-10-07 10:52:56,652 - INFO - Processing batch 364 with 50 files
2025-10-07 10:52:56,652 - INFO - Batch 364 completed: 50 valid samples
2025-10-07 10:52:56,872 - INFO - Processing batch 363 with 50 files
2025-10-07 10:52:56,872 - INFO - Batch 363 completed: 50 valid samples
2025-10-07 10:52:56,873 - INFO - Collected batch 364/1008: 50 samples
2025-10-07 10:52:56,874 - INFO - Collected batch 365/1008: 50 samples
2025-10-07 10:52:56,913 - INFO - Processing batch 366 with 50 files
2025-10-07 10:52:56,914 - INFO - Batch 366 completed: 50 valid samples
2025-10-07 10:52:56,968 - INFO - Processing batch 365 with 50 files
2025-10-07 10:52:56,969 - INFO - Batch 365 completed: 50 valid samples
2025-10-07 10:52:56,970 - INFO - Collected batch 366/1008: 50 samples
2025-10-07 10:52:56,970 - INFO - Collected batch 367/1008: 50 samples
2025-10-07 10:52:57,009 - INFO - Processing batch 368 with 50 files
2025-10-07 10:52:57,010 - INFO - Batch 368 completed: 50 valid samples
2025-10-07 10:52:57,179 - INFO - Processing batch 369 with 50 files
2025-10-07 10:52:57,179 - INFO - Batch 369 completed: 50 valid samples
2025-10-07 10:52:57,232 - INFO - Processing batch 367 with 50 files
2025-10-07 10:52:57,233 - INFO - Batch 367 completed: 50 valid samples
2025-10-07 10:52:57,234 - INFO - Collected batch 368/1008: 50 samples
2025-10-07 10:52:57,234 - INFO - Collected batch 369/1008: 50 samples
2025-10-07 10:52:57,234 - INFO - Collected batch 370/1008: 50 samples
2025-10-07 10:52:57,274 - INFO - Processing batch 371 with 50 files
2025-10-07 10:52:57,274 - INFO - Batch 371 completed: 50 valid samples
2025-10-07 10:52:57,444 - INFO - Processing batch 372 with 50 files
2025-10-07 10:52:57,445 - INFO - Batch 372 completed: 50 valid samples
2025-10-07 10:52:57,490 - INFO - Processing batch 370 with 50 files
2025-10-07 10:52:57,491 - INFO - Batch 370 completed: 50 valid samples
2025-10-07 10:52:57,506 - INFO - Collected batch 371/1008: 50 samples
2025-10-07 10:52:57,506 - INFO - Collected batch 372/1008: 50 samples
2025-10-07 10:52:57,507 - INFO - Collected batch 373/1008: 50 samples
2025-10-07 10:52:57,547 - INFO - Processing batch 374 with 50 files
2025-10-07 10:52:57,547 - INFO - Batch 374 completed: 50 valid samples
2025-10-07 10:52:57,730 - INFO - Processing batch 375 with 50 files
2025-10-07 10:52:57,731 - INFO - Batch 375 completed: 50 valid samples
2025-10-07 10:52:57,792 - INFO - Processing batch 373 with 50 files
2025-10-07 10:52:57,793 - INFO - Batch 373 completed: 50 valid samples
2025-10-07 10:52:57,795 - INFO - Collected batch 374/1008: 50 samples
2025-10-07 10:52:57,795 - INFO - Collected batch 375/1008: 50 samples
2025-10-07 10:52:57,796 - INFO - Collected batch 376/1008: 50 samples
2025-10-07 10:52:57,839 - INFO - Processing batch 377 with 50 files
2025-10-07 10:52:57,840 - INFO - Batch 377 completed: 50 valid samples
2025-10-07 10:52:58,004 - INFO - Processing batch 378 with 50 files
2025-10-07 10:52:58,005 - INFO - Batch 378 completed: 50 valid samples
2025-10-07 10:52:58,066 - INFO - Processing batch 376 with 50 files
2025-10-07 10:52:58,067 - INFO - Batch 376 completed: 50 valid samples
2025-10-07 10:52:58,069 - INFO - Collected batch 377/1008: 50 samples
2025-10-07 10:52:58,070 - INFO - Collected batch 378/1008: 50 samples
2025-10-07 10:52:58,070 - INFO - Collected batch 379/1008: 50 samples
2025-10-07 10:52:58,108 - INFO - Processing batch 380 with 50 files
2025-10-07 10:52:58,109 - INFO - Batch 380 completed: 50 valid samples
2025-10-07 10:52:58,310 - INFO - Processing batch 379 with 50 files
2025-10-07 10:52:58,311 - INFO - Batch 379 completed: 50 valid samples
2025-10-07 10:52:58,312 - INFO - Collected batch 380/1008: 50 samples
2025-10-07 10:52:58,312 - INFO - Collected batch 381/1008: 50 samples
2025-10-07 10:52:58,352 - INFO - Processing batch 382 with 50 files
2025-10-07 10:52:58,353 - INFO - Batch 382 completed: 50 valid samples
2025-10-07 10:52:58,428 - INFO - Processing batch 381 with 50 files
2025-10-07 10:52:58,429 - INFO - Batch 381 completed: 50 valid samples
2025-10-07 10:52:58,430 - INFO - Collected batch 382/1008: 50 samples
2025-10-07 10:52:58,430 - INFO - Collected batch 383/1008: 50 samples
2025-10-07 10:52:58,471 - INFO - Processing batch 384 with 50 files
2025-10-07 10:52:58,471 - INFO - Batch 384 completed: 50 valid samples
2025-10-07 10:52:58,640 - INFO - Processing batch 385 with 50 files
2025-10-07 10:52:58,641 - INFO - Batch 385 completed: 50 valid samples
2025-10-07 10:52:58,668 - INFO - Processing batch 383 with 50 files
2025-10-07 10:52:58,668 - INFO - Batch 383 completed: 50 valid samples
2025-10-07 10:52:58,684 - INFO - Collected batch 384/1008: 50 samples
2025-10-07 10:52:58,685 - INFO - Collected batch 385/1008: 50 samples
2025-10-07 10:52:58,685 - INFO - Collected batch 386/1008: 50 samples
2025-10-07 10:52:58,723 - INFO - Processing batch 387 with 50 files
2025-10-07 10:52:58,724 - INFO - Batch 387 completed: 50 valid samples
2025-10-07 10:52:58,910 - INFO - Processing batch 388 with 50 files
2025-10-07 10:52:58,911 - INFO - Batch 388 completed: 50 valid samples
2025-10-07 10:52:58,989 - INFO - Processing batch 386 with 50 files
2025-10-07 10:52:58,990 - INFO - Batch 386 completed: 50 valid samples
2025-10-07 10:52:58,991 - INFO - Collected batch 387/1008: 50 samples
2025-10-07 10:52:58,991 - INFO - Collected batch 388/1008: 50 samples
2025-10-07 10:52:58,991 - INFO - Collected batch 389/1008: 50 samples
2025-10-07 10:52:59,035 - INFO - Processing batch 390 with 50 files
2025-10-07 10:52:59,036 - INFO - Batch 390 completed: 50 valid samples
2025-10-07 10:52:59,200 - INFO - Processing batch 391 with 50 files
2025-10-07 10:52:59,201 - INFO - Batch 391 completed: 50 valid samples
2025-10-07 10:52:59,241 - INFO - Processing batch 389 with 50 files
2025-10-07 10:52:59,241 - INFO - Batch 389 completed: 50 valid samples
2025-10-07 10:52:59,247 - INFO - Collected batch 390/1008: 50 samples
2025-10-07 10:52:59,248 - INFO - Collected batch 391/1008: 50 samples
2025-10-07 10:52:59,248 - INFO - Collected batch 392/1008: 50 samples
2025-10-07 10:52:59,285 - INFO - Processing batch 393 with 50 files
2025-10-07 10:52:59,286 - INFO - Batch 393 completed: 50 valid samples
2025-10-07 10:52:59,450 - INFO - Processing batch 394 with 50 files
2025-10-07 10:52:59,450 - INFO - Batch 394 completed: 50 valid samples
2025-10-07 10:52:59,513 - INFO - Processing batch 392 with 50 files
2025-10-07 10:52:59,513 - INFO - Batch 392 completed: 50 valid samples
2025-10-07 10:52:59,514 - INFO - Collected batch 393/1008: 50 samples
2025-10-07 10:52:59,515 - INFO - Collected batch 394/1008: 50 samples
2025-10-07 10:52:59,515 - INFO - Collected batch 395/1008: 50 samples
2025-10-07 10:52:59,554 - INFO - Processing batch 396 with 50 files
2025-10-07 10:52:59,555 - INFO - Batch 396 completed: 50 valid samples
2025-10-07 10:52:59,758 - INFO - Processing batch 395 with 50 files
2025-10-07 10:52:59,759 - INFO - Batch 395 completed: 50 valid samples
2025-10-07 10:52:59,760 - INFO - Collected batch 396/1008: 50 samples
2025-10-07 10:52:59,760 - INFO - Collected batch 397/1008: 50 samples
2025-10-07 10:52:59,800 - INFO - Processing batch 398 with 50 files
2025-10-07 10:52:59,801 - INFO - Batch 398 completed: 50 valid samples
2025-10-07 10:52:59,866 - INFO - Processing batch 397 with 50 files
2025-10-07 10:52:59,866 - INFO - Batch 397 completed: 50 valid samples
2025-10-07 10:52:59,867 - INFO - Collected batch 398/1008: 50 samples
2025-10-07 10:52:59,868 - INFO - Collected batch 399/1008: 50 samples
2025-10-07 10:52:59,907 - INFO - Processing batch 400 with 50 files
2025-10-07 10:52:59,907 - INFO - Batch 400 completed: 50 valid samples
2025-10-07 10:53:00,074 - INFO - Processing batch 401 with 50 files
2025-10-07 10:53:00,075 - INFO - Batch 401 completed: 50 valid samples
2025-10-07 10:53:00,114 - INFO - Processing batch 399 with 50 files
2025-10-07 10:53:00,115 - INFO - Batch 399 completed: 50 valid samples
2025-10-07 10:53:00,118 - INFO - Collected batch 400/1008: 50 samples
2025-10-07 10:53:00,119 - INFO - Collected batch 401/1008: 50 samples
2025-10-07 10:53:00,119 - INFO - Collected batch 402/1008: 50 samples
2025-10-07 10:53:00,156 - INFO - Processing batch 403 with 50 files
2025-10-07 10:53:00,157 - INFO - Batch 403 completed: 50 valid samples
2025-10-07 10:53:00,322 - INFO - Processing batch 404 with 50 files
2025-10-07 10:53:00,323 - INFO - Batch 404 completed: 50 valid samples
2025-10-07 10:53:00,384 - INFO - Processing batch 402 with 50 files
2025-10-07 10:53:00,385 - INFO - Batch 402 completed: 50 valid samples
2025-10-07 10:53:00,386 - INFO - Collected batch 403/1008: 50 samples
2025-10-07 10:53:00,386 - INFO - Collected batch 404/1008: 50 samples
2025-10-07 10:53:00,386 - INFO - Collected batch 405/1008: 50 samples
2025-10-07 10:53:00,428 - INFO - Processing batch 406 with 50 files
2025-10-07 10:53:00,429 - INFO - Batch 406 completed: 50 valid samples
2025-10-07 10:53:00,591 - INFO - Processing batch 407 with 50 files
2025-10-07 10:53:00,592 - INFO - Batch 407 completed: 50 valid samples
2025-10-07 10:53:00,633 - INFO - Processing batch 405 with 50 files
2025-10-07 10:53:00,633 - INFO - Batch 405 completed: 50 valid samples
2025-10-07 10:53:00,659 - INFO - Collected batch 406/1008: 50 samples
2025-10-07 10:53:00,659 - INFO - Collected batch 407/1008: 50 samples
2025-10-07 10:53:00,659 - INFO - Collected batch 408/1008: 50 samples
2025-10-07 10:53:00,700 - INFO - Processing batch 409 with 50 files
2025-10-07 10:53:00,700 - INFO - Batch 409 completed: 50 valid samples
2025-10-07 10:53:00,883 - INFO - Processing batch 410 with 50 files
2025-10-07 10:53:00,884 - INFO - Batch 410 completed: 50 valid samples
2025-10-07 10:53:00,939 - INFO - Processing batch 408 with 50 files
2025-10-07 10:53:00,940 - INFO - Batch 408 completed: 50 valid samples
2025-10-07 10:53:00,941 - INFO - Collected batch 409/1008: 50 samples
2025-10-07 10:53:00,941 - INFO - Collected batch 410/1008: 50 samples
2025-10-07 10:53:00,941 - INFO - Collected batch 411/1008: 50 samples
2025-10-07 10:53:00,983 - INFO - Processing batch 412 with 50 files
2025-10-07 10:53:00,984 - INFO - Batch 412 completed: 50 valid samples
2025-10-07 10:53:01,218 - INFO - Processing batch 411 with 50 files
2025-10-07 10:53:01,218 - INFO - Batch 411 completed: 50 valid samples
2025-10-07 10:53:01,219 - INFO - Collected batch 412/1008: 50 samples
2025-10-07 10:53:01,220 - INFO - Collected batch 413/1008: 50 samples
2025-10-07 10:53:01,259 - INFO - Processing batch 414 with 50 files
2025-10-07 10:53:01,260 - INFO - Batch 414 completed: 50 valid samples
2025-10-07 10:53:01,309 - INFO - Processing batch 413 with 50 files
2025-10-07 10:53:01,310 - INFO - Batch 413 completed: 50 valid samples
2025-10-07 10:53:01,319 - INFO - Collected batch 414/1008: 50 samples
2025-10-07 10:53:01,319 - INFO - Collected batch 415/1008: 50 samples
2025-10-07 10:53:01,358 - INFO - Processing batch 416 with 50 files
2025-10-07 10:53:01,359 - INFO - Batch 416 completed: 50 valid samples
2025-10-07 10:53:01,542 - INFO - Processing batch 417 with 50 files
2025-10-07 10:53:01,543 - INFO - Batch 417 completed: 50 valid samples
2025-10-07 10:53:01,628 - INFO - Processing batch 415 with 50 files
2025-10-07 10:53:01,629 - INFO - Batch 415 completed: 50 valid samples
2025-10-07 10:53:01,630 - INFO - Collected batch 416/1008: 50 samples
2025-10-07 10:53:01,630 - INFO - Collected batch 417/1008: 50 samples
2025-10-07 10:53:01,630 - INFO - Collected batch 418/1008: 50 samples
2025-10-07 10:53:01,670 - INFO - Processing batch 419 with 50 files
2025-10-07 10:53:01,671 - INFO - Batch 419 completed: 50 valid samples
2025-10-07 10:53:01,863 - INFO - Processing batch 420 with 50 files
2025-10-07 10:53:01,864 - INFO - Batch 420 completed: 50 valid samples
2025-10-07 10:53:01,882 - INFO - Processing batch 418 with 50 files
2025-10-07 10:53:01,883 - INFO - Batch 418 completed: 50 valid samples
2025-10-07 10:53:01,908 - INFO - Collected batch 419/1008: 50 samples
2025-10-07 10:53:01,908 - INFO - Collected batch 420/1008: 50 samples
2025-10-07 10:53:01,908 - INFO - Collected batch 421/1008: 50 samples
2025-10-07 10:53:01,948 - INFO - Processing batch 422 with 50 files
2025-10-07 10:53:01,949 - INFO - Batch 422 completed: 50 valid samples
2025-10-07 10:53:02,126 - INFO - Processing batch 423 with 50 files
2025-10-07 10:53:02,127 - INFO - Batch 423 completed: 50 valid samples
2025-10-07 10:53:02,202 - INFO - Processing batch 421 with 50 files
2025-10-07 10:53:02,203 - INFO - Batch 421 completed: 50 valid samples
2025-10-07 10:53:02,204 - INFO - Collected batch 422/1008: 50 samples
2025-10-07 10:53:02,204 - INFO - Collected batch 423/1008: 50 samples
2025-10-07 10:53:02,204 - INFO - Collected batch 424/1008: 50 samples
2025-10-07 10:53:02,247 - INFO - Processing batch 425 with 50 files
2025-10-07 10:53:02,248 - INFO - Batch 425 completed: 50 valid samples
2025-10-07 10:53:02,422 - INFO - Processing batch 426 with 50 files
2025-10-07 10:53:02,423 - INFO - Batch 426 completed: 50 valid samples
2025-10-07 10:53:02,437 - INFO - Processing batch 424 with 50 files
2025-10-07 10:53:02,438 - INFO - Batch 424 completed: 50 valid samples
2025-10-07 10:53:02,469 - INFO - Collected batch 425/1008: 50 samples
2025-10-07 10:53:02,470 - INFO - Collected batch 426/1008: 50 samples
2025-10-07 10:53:02,470 - INFO - Collected batch 427/1008: 50 samples
2025-10-07 10:53:02,508 - INFO - Processing batch 428 with 50 files
2025-10-07 10:53:02,508 - INFO - Batch 428 completed: 50 valid samples
2025-10-07 10:53:02,770 - INFO - Processing batch 427 with 50 files
2025-10-07 10:53:02,771 - INFO - Batch 427 completed: 50 valid samples
2025-10-07 10:53:02,772 - INFO - Collected batch 428/1008: 50 samples
2025-10-07 10:53:02,773 - INFO - Collected batch 429/1008: 50 samples
2025-10-07 10:53:02,814 - INFO - Processing batch 430 with 50 files
2025-10-07 10:53:02,815 - INFO - Batch 430 completed: 50 valid samples
2025-10-07 10:53:02,859 - INFO - Processing batch 429 with 50 files
2025-10-07 10:53:02,860 - INFO - Batch 429 completed: 50 valid samples
2025-10-07 10:53:02,879 - INFO - Collected batch 430/1008: 50 samples
2025-10-07 10:53:02,880 - INFO - Collected batch 431/1008: 50 samples
2025-10-07 10:53:02,914 - INFO - Processing batch 432 with 50 files
2025-10-07 10:53:02,915 - INFO - Batch 432 completed: 50 valid samples
2025-10-07 10:53:03,098 - INFO - Processing batch 433 with 50 files
2025-10-07 10:53:03,099 - INFO - Batch 433 completed: 50 valid samples
2025-10-07 10:53:03,167 - INFO - Processing batch 431 with 50 files
2025-10-07 10:53:03,167 - INFO - Batch 431 completed: 50 valid samples
2025-10-07 10:53:03,168 - INFO - Collected batch 432/1008: 50 samples
2025-10-07 10:53:03,169 - INFO - Collected batch 433/1008: 50 samples
2025-10-07 10:53:03,169 - INFO - Collected batch 434/1008: 50 samples
2025-10-07 10:53:03,208 - INFO - Processing batch 435 with 50 files
2025-10-07 10:53:03,209 - INFO - Batch 435 completed: 50 valid samples
2025-10-07 10:53:03,381 - INFO - Processing batch 436 with 50 files
2025-10-07 10:53:03,381 - INFO - Batch 436 completed: 50 valid samples
2025-10-07 10:53:03,412 - INFO - Processing batch 434 with 50 files
2025-10-07 10:53:03,413 - INFO - Batch 434 completed: 50 valid samples
2025-10-07 10:53:03,425 - INFO - Collected batch 435/1008: 50 samples
2025-10-07 10:53:03,425 - INFO - Collected batch 436/1008: 50 samples
2025-10-07 10:53:03,425 - INFO - Collected batch 437/1008: 50 samples
2025-10-07 10:53:03,466 - INFO - Processing batch 438 with 50 files
2025-10-07 10:53:03,466 - INFO - Batch 438 completed: 50 valid samples
2025-10-07 10:53:03,645 - INFO - Processing batch 439 with 50 files
2025-10-07 10:53:03,646 - INFO - Batch 439 completed: 50 valid samples
2025-10-07 10:53:03,727 - INFO - Processing batch 437 with 50 files
2025-10-07 10:53:03,728 - INFO - Batch 437 completed: 50 valid samples
2025-10-07 10:53:03,729 - INFO - Collected batch 438/1008: 50 samples
2025-10-07 10:53:03,729 - INFO - Collected batch 439/1008: 50 samples
2025-10-07 10:53:03,729 - INFO - Collected batch 440/1008: 50 samples
2025-10-07 10:53:03,773 - INFO - Processing batch 441 with 50 files
2025-10-07 10:53:03,774 - INFO - Batch 441 completed: 50 valid samples
2025-10-07 10:53:03,954 - INFO - Processing batch 442 with 50 files
2025-10-07 10:53:03,955 - INFO - Batch 442 completed: 50 valid samples
2025-10-07 10:53:03,993 - INFO - Processing batch 440 with 50 files
2025-10-07 10:53:03,994 - INFO - Batch 440 completed: 50 valid samples
2025-10-07 10:53:04,029 - INFO - Collected batch 441/1008: 50 samples
2025-10-07 10:53:04,029 - INFO - Collected batch 442/1008: 50 samples
2025-10-07 10:53:04,029 - INFO - Collected batch 443/1008: 50 samples
2025-10-07 10:53:04,068 - INFO - Processing batch 444 with 50 files
2025-10-07 10:53:04,068 - INFO - Batch 444 completed: 50 valid samples
2025-10-07 10:53:04,297 - INFO - Processing batch 443 with 50 files
2025-10-07 10:53:04,298 - INFO - Batch 443 completed: 50 valid samples
2025-10-07 10:53:04,299 - INFO - Collected batch 444/1008: 50 samples
2025-10-07 10:53:04,300 - INFO - Collected batch 445/1008: 50 samples
2025-10-07 10:53:04,339 - INFO - Processing batch 446 with 50 files
2025-10-07 10:53:04,340 - INFO - Batch 446 completed: 50 valid samples
2025-10-07 10:53:04,399 - INFO - Processing batch 445 with 50 files
2025-10-07 10:53:04,400 - INFO - Batch 445 completed: 50 valid samples
2025-10-07 10:53:04,401 - INFO - Collected batch 446/1008: 50 samples
2025-10-07 10:53:04,402 - INFO - Collected batch 447/1008: 50 samples
2025-10-07 10:53:04,441 - INFO - Processing batch 448 with 50 files
2025-10-07 10:53:04,441 - INFO - Batch 448 completed: 50 valid samples
2025-10-07 10:53:04,606 - INFO - Processing batch 449 with 50 files
2025-10-07 10:53:04,607 - INFO - Batch 449 completed: 50 valid samples
2025-10-07 10:53:04,669 - INFO - Processing batch 447 with 50 files
2025-10-07 10:53:04,670 - INFO - Batch 447 completed: 50 valid samples
2025-10-07 10:53:04,673 - INFO - Collected batch 448/1008: 50 samples
2025-10-07 10:53:04,673 - INFO - Collected batch 449/1008: 50 samples
2025-10-07 10:53:04,673 - INFO - Collected batch 450/1008: 50 samples
2025-10-07 10:53:04,711 - INFO - Processing batch 451 with 50 files
2025-10-07 10:53:04,712 - INFO - Batch 451 completed: 50 valid samples
2025-10-07 10:53:04,882 - INFO - Processing batch 452 with 50 files
2025-10-07 10:53:04,883 - INFO - Batch 452 completed: 50 valid samples
2025-10-07 10:53:04,926 - INFO - Processing batch 450 with 50 files
2025-10-07 10:53:04,926 - INFO - Batch 450 completed: 50 valid samples
2025-10-07 10:53:04,927 - INFO - Collected batch 451/1008: 50 samples
2025-10-07 10:53:04,927 - INFO - Collected batch 452/1008: 50 samples
2025-10-07 10:53:04,927 - INFO - Collected batch 453/1008: 50 samples
2025-10-07 10:53:04,970 - INFO - Processing batch 454 with 50 files
2025-10-07 10:53:04,971 - INFO - Batch 454 completed: 50 valid samples
2025-10-07 10:53:05,136 - INFO - Processing batch 455 with 50 files
2025-10-07 10:53:05,137 - INFO - Batch 455 completed: 50 valid samples
2025-10-07 10:53:05,189 - INFO - Processing batch 453 with 50 files
2025-10-07 10:53:05,190 - INFO - Batch 453 completed: 50 valid samples
2025-10-07 10:53:05,201 - INFO - Collected batch 454/1008: 50 samples
2025-10-07 10:53:05,202 - INFO - Collected batch 455/1008: 50 samples
2025-10-07 10:53:05,202 - INFO - Collected batch 456/1008: 50 samples
2025-10-07 10:53:05,242 - INFO - Processing batch 457 with 50 files
2025-10-07 10:53:05,243 - INFO - Batch 457 completed: 50 valid samples
2025-10-07 10:53:05,407 - INFO - Processing batch 458 with 50 files
2025-10-07 10:53:05,408 - INFO - Batch 458 completed: 50 valid samples
2025-10-07 10:53:05,456 - INFO - Processing batch 456 with 50 files
2025-10-07 10:53:05,457 - INFO - Batch 456 completed: 50 valid samples
2025-10-07 10:53:05,475 - INFO - Collected batch 457/1008: 50 samples
2025-10-07 10:53:05,476 - INFO - Collected batch 458/1008: 50 samples
2025-10-07 10:53:05,476 - INFO - Collected batch 459/1008: 50 samples
2025-10-07 10:53:05,513 - INFO - Processing batch 460 with 50 files
2025-10-07 10:53:05,514 - INFO - Batch 460 completed: 50 valid samples
2025-10-07 10:53:05,758 - INFO - Processing batch 459 with 50 files
2025-10-07 10:53:05,758 - INFO - Batch 459 completed: 50 valid samples
2025-10-07 10:53:05,759 - INFO - Collected batch 460/1008: 50 samples
2025-10-07 10:53:05,759 - INFO - Collected batch 461/1008: 50 samples
2025-10-07 10:53:05,802 - INFO - Processing batch 462 with 50 files
2025-10-07 10:53:05,803 - INFO - Batch 462 completed: 50 valid samples
2025-10-07 10:53:05,869 - INFO - Processing batch 461 with 50 files
2025-10-07 10:53:05,869 - INFO - Batch 461 completed: 50 valid samples
2025-10-07 10:53:05,870 - INFO - Collected batch 462/1008: 50 samples
2025-10-07 10:53:05,871 - INFO - Collected batch 463/1008: 50 samples
2025-10-07 10:53:05,912 - INFO - Processing batch 464 with 50 files
2025-10-07 10:53:05,913 - INFO - Batch 464 completed: 50 valid samples
2025-10-07 10:53:06,085 - INFO - Processing batch 465 with 50 files
2025-10-07 10:53:06,086 - INFO - Batch 465 completed: 50 valid samples
2025-10-07 10:53:06,151 - INFO - Processing batch 463 with 50 files
2025-10-07 10:53:06,152 - INFO - Batch 463 completed: 50 valid samples
2025-10-07 10:53:06,153 - INFO - Collected batch 464/1008: 50 samples
2025-10-07 10:53:06,153 - INFO - Collected batch 465/1008: 50 samples
2025-10-07 10:53:06,153 - INFO - Collected batch 466/1008: 50 samples
2025-10-07 10:53:06,192 - INFO - Processing batch 467 with 50 files
2025-10-07 10:53:06,193 - INFO - Batch 467 completed: 50 valid samples
2025-10-07 10:53:06,362 - INFO - Processing batch 468 with 50 files
2025-10-07 10:53:06,363 - INFO - Batch 468 completed: 50 valid samples
2025-10-07 10:53:06,397 - INFO - Processing batch 466 with 50 files
2025-10-07 10:53:06,398 - INFO - Batch 466 completed: 50 valid samples
2025-10-07 10:53:06,407 - INFO - Collected batch 467/1008: 50 samples
2025-10-07 10:53:06,407 - INFO - Collected batch 468/1008: 50 samples
2025-10-07 10:53:06,408 - INFO - Collected batch 469/1008: 50 samples
2025-10-07 10:53:06,448 - INFO - Processing batch 470 with 50 files
2025-10-07 10:53:06,449 - INFO - Batch 470 completed: 50 valid samples
2025-10-07 10:53:06,628 - INFO - Processing batch 471 with 50 files
2025-10-07 10:53:06,629 - INFO - Batch 471 completed: 50 valid samples
2025-10-07 10:53:06,716 - INFO - Processing batch 469 with 50 files
2025-10-07 10:53:06,717 - INFO - Batch 469 completed: 50 valid samples
2025-10-07 10:53:06,717 - INFO - Collected batch 470/1008: 50 samples
2025-10-07 10:53:06,718 - INFO - Collected batch 471/1008: 50 samples
2025-10-07 10:53:06,718 - INFO - Collected batch 472/1008: 50 samples
2025-10-07 10:53:06,759 - INFO - Processing batch 473 with 50 files
2025-10-07 10:53:06,760 - INFO - Batch 473 completed: 50 valid samples
2025-10-07 10:53:06,928 - INFO - Processing batch 474 with 50 files
2025-10-07 10:53:06,928 - INFO - Batch 474 completed: 50 valid samples
2025-10-07 10:53:06,948 - INFO - Processing batch 472 with 50 files
2025-10-07 10:53:06,948 - INFO - Batch 472 completed: 50 valid samples
2025-10-07 10:53:06,974 - INFO - Collected batch 473/1008: 50 samples
2025-10-07 10:53:06,974 - INFO - Collected batch 474/1008: 50 samples
2025-10-07 10:53:06,974 - INFO - Collected batch 475/1008: 50 samples
2025-10-07 10:53:07,012 - INFO - Processing batch 476 with 50 files
2025-10-07 10:53:07,013 - INFO - Batch 476 completed: 50 valid samples
2025-10-07 10:53:07,247 - INFO - Processing batch 475 with 50 files
2025-10-07 10:53:07,248 - INFO - Batch 475 completed: 50 valid samples
2025-10-07 10:53:07,249 - INFO - Collected batch 476/1008: 50 samples
2025-10-07 10:53:07,250 - INFO - Collected batch 477/1008: 50 samples
2025-10-07 10:53:07,290 - INFO - Processing batch 478 with 50 files
2025-10-07 10:53:07,291 - INFO - Batch 478 completed: 50 valid samples
2025-10-07 10:53:07,329 - INFO - Processing batch 477 with 50 files
2025-10-07 10:53:07,330 - INFO - Batch 477 completed: 50 valid samples
2025-10-07 10:53:07,341 - INFO - Collected batch 478/1008: 50 samples
2025-10-07 10:53:07,342 - INFO - Collected batch 479/1008: 50 samples
2025-10-07 10:53:07,381 - INFO - Processing batch 480 with 50 files
2025-10-07 10:53:07,382 - INFO - Batch 480 completed: 50 valid samples
2025-10-07 10:53:07,553 - INFO - Processing batch 481 with 50 files
2025-10-07 10:53:07,554 - INFO - Batch 481 completed: 50 valid samples
2025-10-07 10:53:07,617 - INFO - Processing batch 479 with 50 files
2025-10-07 10:53:07,618 - INFO - Batch 479 completed: 50 valid samples
2025-10-07 10:53:07,619 - INFO - Collected batch 480/1008: 50 samples
2025-10-07 10:53:07,619 - INFO - Collected batch 481/1008: 50 samples
2025-10-07 10:53:07,619 - INFO - Collected batch 482/1008: 50 samples
2025-10-07 10:53:07,659 - INFO - Processing batch 483 with 50 files
2025-10-07 10:53:07,659 - INFO - Batch 483 completed: 50 valid samples
2025-10-07 10:53:07,827 - INFO - Processing batch 484 with 50 files
2025-10-07 10:53:07,828 - INFO - Batch 484 completed: 50 valid samples
2025-10-07 10:53:07,872 - INFO - Processing batch 482 with 50 files
2025-10-07 10:53:07,873 - INFO - Batch 482 completed: 50 valid samples
2025-10-07 10:53:07,874 - INFO - Collected batch 483/1008: 50 samples
2025-10-07 10:53:07,874 - INFO - Collected batch 484/1008: 50 samples
2025-10-07 10:53:07,874 - INFO - Collected batch 485/1008: 50 samples
2025-10-07 10:53:07,917 - INFO - Processing batch 486 with 50 files
2025-10-07 10:53:07,918 - INFO - Batch 486 completed: 50 valid samples
2025-10-07 10:53:08,086 - INFO - Processing batch 487 with 50 files
2025-10-07 10:53:08,087 - INFO - Batch 487 completed: 50 valid samples
2025-10-07 10:53:08,141 - INFO - Processing batch 485 with 50 files
2025-10-07 10:53:08,142 - INFO - Batch 485 completed: 50 valid samples
2025-10-07 10:53:08,160 - INFO - Collected batch 486/1008: 50 samples
2025-10-07 10:53:08,160 - INFO - Collected batch 487/1008: 50 samples
2025-10-07 10:53:08,161 - INFO - Collected batch 488/1008: 50 samples
2025-10-07 10:53:08,200 - INFO - Processing batch 489 with 50 files
2025-10-07 10:53:08,201 - INFO - Batch 489 completed: 50 valid samples
2025-10-07 10:53:08,382 - INFO - Processing batch 490 with 50 files
2025-10-07 10:53:08,382 - INFO - Batch 490 completed: 50 valid samples
2025-10-07 10:53:08,433 - INFO - Processing batch 488 with 50 files
2025-10-07 10:53:08,433 - INFO - Batch 488 completed: 50 valid samples
2025-10-07 10:53:08,434 - INFO - Collected batch 489/1008: 50 samples
2025-10-07 10:53:08,434 - INFO - Collected batch 490/1008: 50 samples
2025-10-07 10:53:08,435 - INFO - Collected batch 491/1008: 50 samples
2025-10-07 10:53:08,473 - INFO - Processing batch 492 with 50 files
2025-10-07 10:53:08,474 - INFO - Batch 492 completed: 50 valid samples
2025-10-07 10:53:08,699 - INFO - Processing batch 491 with 50 files
2025-10-07 10:53:08,700 - INFO - Batch 491 completed: 50 valid samples
2025-10-07 10:53:08,701 - INFO - Collected batch 492/1008: 50 samples
2025-10-07 10:53:08,702 - INFO - Collected batch 493/1008: 50 samples
2025-10-07 10:53:08,741 - INFO - Processing batch 494 with 50 files
2025-10-07 10:53:08,742 - INFO - Batch 494 completed: 50 valid samples
2025-10-07 10:53:08,792 - INFO - Processing batch 493 with 50 files
2025-10-07 10:53:08,793 - INFO - Batch 493 completed: 50 valid samples
2025-10-07 10:53:08,794 - INFO - Collected batch 494/1008: 50 samples
2025-10-07 10:53:08,794 - INFO - Collected batch 495/1008: 50 samples
2025-10-07 10:53:08,834 - INFO - Processing batch 496 with 50 files
2025-10-07 10:53:08,834 - INFO - Batch 496 completed: 50 valid samples
2025-10-07 10:53:09,001 - INFO - Processing batch 497 with 50 files
2025-10-07 10:53:09,002 - INFO - Batch 497 completed: 50 valid samples
2025-10-07 10:53:09,058 - INFO - Processing batch 495 with 50 files
2025-10-07 10:53:09,059 - INFO - Batch 495 completed: 50 valid samples
2025-10-07 10:53:09,060 - INFO - Collected batch 496/1008: 50 samples
2025-10-07 10:53:09,060 - INFO - Collected batch 497/1008: 50 samples
2025-10-07 10:53:09,060 - INFO - Collected batch 498/1008: 50 samples
2025-10-07 10:53:09,100 - INFO - Processing batch 499 with 50 files
2025-10-07 10:53:09,101 - INFO - Batch 499 completed: 50 valid samples
2025-10-07 10:53:09,270 - INFO - Processing batch 500 with 50 files
2025-10-07 10:53:09,270 - INFO - Batch 500 completed: 50 valid samples
2025-10-07 10:53:09,310 - INFO - Processing batch 498 with 50 files
2025-10-07 10:53:09,311 - INFO - Batch 498 completed: 50 valid samples
2025-10-07 10:53:09,340 - INFO - Collected batch 499/1008: 50 samples
2025-10-07 10:53:09,340 - INFO - Collected batch 500/1008: 50 samples
2025-10-07 10:53:09,340 - INFO - Collected batch 501/1008: 50 samples
2025-10-07 10:53:09,380 - INFO - Processing batch 502 with 50 files
2025-10-07 10:53:09,380 - INFO - Batch 502 completed: 50 valid samples
2025-10-07 10:53:09,549 - INFO - Processing batch 503 with 50 files
2025-10-07 10:53:09,550 - INFO - Batch 503 completed: 50 valid samples
2025-10-07 10:53:09,599 - INFO - Processing batch 501 with 50 files
2025-10-07 10:53:09,600 - INFO - Batch 501 completed: 50 valid samples
2025-10-07 10:53:09,601 - INFO - Collected batch 502/1008: 50 samples
2025-10-07 10:53:09,601 - INFO - Collected batch 503/1008: 50 samples
2025-10-07 10:53:09,601 - INFO - Collected batch 504/1008: 50 samples
2025-10-07 10:53:09,644 - INFO - Processing batch 505 with 50 files
2025-10-07 10:53:09,644 - INFO - Batch 505 completed: 50 valid samples
2025-10-07 10:53:09,811 - INFO - Processing batch 506 with 50 files
2025-10-07 10:53:09,812 - INFO - Batch 506 completed: 50 valid samples
2025-10-07 10:53:09,870 - INFO - Processing batch 504 with 50 files
2025-10-07 10:53:09,870 - INFO - Batch 504 completed: 50 valid samples
2025-10-07 10:53:09,871 - INFO - Collected batch 505/1008: 50 samples
2025-10-07 10:53:09,872 - INFO - Collected batch 506/1008: 50 samples
2025-10-07 10:53:09,872 - INFO - Collected batch 507/1008: 50 samples
2025-10-07 10:53:09,912 - INFO - Processing batch 508 with 50 files
2025-10-07 10:53:09,912 - INFO - Batch 508 completed: 50 valid samples
2025-10-07 10:53:10,122 - INFO - Processing batch 507 with 50 files
2025-10-07 10:53:10,123 - INFO - Batch 507 completed: 50 valid samples
2025-10-07 10:53:10,123 - INFO - Collected batch 508/1008: 50 samples
2025-10-07 10:53:10,124 - INFO - Collected batch 509/1008: 50 samples
2025-10-07 10:53:10,164 - INFO - Processing batch 510 with 50 files
2025-10-07 10:53:10,164 - INFO - Batch 510 completed: 50 valid samples
2025-10-07 10:53:10,224 - INFO - Processing batch 509 with 50 files
2025-10-07 10:53:10,225 - INFO - Batch 509 completed: 50 valid samples
2025-10-07 10:53:10,226 - INFO - Collected batch 510/1008: 50 samples
2025-10-07 10:53:10,226 - INFO - Collected batch 511/1008: 50 samples
2025-10-07 10:53:10,267 - INFO - Processing batch 512 with 50 files
2025-10-07 10:53:10,268 - INFO - Batch 512 completed: 50 valid samples
2025-10-07 10:53:10,440 - INFO - Processing batch 513 with 50 files
2025-10-07 10:53:10,441 - INFO - Batch 513 completed: 50 valid samples
2025-10-07 10:53:10,481 - INFO - Processing batch 511 with 50 files
2025-10-07 10:53:10,482 - INFO - Batch 511 completed: 50 valid samples
2025-10-07 10:53:10,501 - INFO - Collected batch 512/1008: 50 samples
2025-10-07 10:53:10,501 - INFO - Collected batch 513/1008: 50 samples
2025-10-07 10:53:10,502 - INFO - Collected batch 514/1008: 50 samples
2025-10-07 10:53:10,540 - INFO - Processing batch 515 with 50 files
2025-10-07 10:53:10,540 - INFO - Batch 515 completed: 50 valid samples
2025-10-07 10:53:10,725 - INFO - Processing batch 516 with 50 files
2025-10-07 10:53:10,726 - INFO - Batch 516 completed: 50 valid samples
2025-10-07 10:53:10,785 - INFO - Processing batch 514 with 50 files
2025-10-07 10:53:10,786 - INFO - Batch 514 completed: 50 valid samples
2025-10-07 10:53:10,787 - INFO - Collected batch 515/1008: 50 samples
2025-10-07 10:53:10,787 - INFO - Collected batch 516/1008: 50 samples
2025-10-07 10:53:10,787 - INFO - Collected batch 517/1008: 50 samples
2025-10-07 10:53:10,832 - INFO - Processing batch 518 with 50 files
2025-10-07 10:53:10,833 - INFO - Batch 518 completed: 50 valid samples
2025-10-07 10:53:10,998 - INFO - Processing batch 519 with 50 files
2025-10-07 10:53:10,999 - INFO - Batch 519 completed: 50 valid samples
2025-10-07 10:53:11,061 - INFO - Processing batch 517 with 50 files
2025-10-07 10:53:11,061 - INFO - Batch 517 completed: 50 valid samples
2025-10-07 10:53:11,062 - INFO - Collected batch 518/1008: 50 samples
2025-10-07 10:53:11,063 - INFO - Collected batch 519/1008: 50 samples
2025-10-07 10:53:11,063 - INFO - Collected batch 520/1008: 50 samples
2025-10-07 10:53:11,106 - INFO - Processing batch 521 with 50 files
2025-10-07 10:53:11,106 - INFO - Batch 521 completed: 50 valid samples
2025-10-07 10:53:11,275 - INFO - Processing batch 522 with 50 files
2025-10-07 10:53:11,275 - INFO - Batch 522 completed: 50 valid samples
2025-10-07 10:53:11,307 - INFO - Processing batch 520 with 50 files
2025-10-07 10:53:11,308 - INFO - Batch 520 completed: 50 valid samples
2025-10-07 10:53:11,339 - INFO - Collected batch 521/1008: 50 samples
2025-10-07 10:53:11,340 - INFO - Collected batch 522/1008: 50 samples
2025-10-07 10:53:11,340 - INFO - Collected batch 523/1008: 50 samples
2025-10-07 10:53:11,378 - INFO - Processing batch 524 with 50 files
2025-10-07 10:53:11,379 - INFO - Batch 524 completed: 50 valid samples
2025-10-07 10:53:11,621 - INFO - Processing batch 523 with 50 files
2025-10-07 10:53:11,622 - INFO - Batch 523 completed: 50 valid samples
2025-10-07 10:53:11,623 - INFO - Collected batch 524/1008: 50 samples
2025-10-07 10:53:11,623 - INFO - Collected batch 525/1008: 50 samples
2025-10-07 10:53:11,666 - INFO - Processing batch 526 with 50 files
2025-10-07 10:53:11,666 - INFO - Batch 526 completed: 50 valid samples
2025-10-07 10:53:11,723 - INFO - Processing batch 525 with 50 files
2025-10-07 10:53:11,724 - INFO - Batch 525 completed: 50 valid samples
2025-10-07 10:53:11,728 - INFO - Collected batch 526/1008: 50 samples
2025-10-07 10:53:11,728 - INFO - Collected batch 527/1008: 50 samples
2025-10-07 10:53:11,764 - INFO - Processing batch 528 with 50 files
2025-10-07 10:53:11,765 - INFO - Batch 528 completed: 50 valid samples
2025-10-07 10:53:11,936 - INFO - Processing batch 529 with 50 files
2025-10-07 10:53:11,936 - INFO - Batch 529 completed: 50 valid samples
2025-10-07 10:53:11,995 - INFO - Processing batch 527 with 50 files
2025-10-07 10:53:11,996 - INFO - Batch 527 completed: 50 valid samples
2025-10-07 10:53:11,997 - INFO - Collected batch 528/1008: 50 samples
2025-10-07 10:53:11,997 - INFO - Collected batch 529/1008: 50 samples
2025-10-07 10:53:11,997 - INFO - Collected batch 530/1008: 50 samples
2025-10-07 10:53:12,037 - INFO - Processing batch 531 with 50 files
2025-10-07 10:53:12,038 - INFO - Batch 531 completed: 50 valid samples
2025-10-07 10:53:12,203 - INFO - Processing batch 532 with 50 files
2025-10-07 10:53:12,204 - INFO - Batch 532 completed: 50 valid samples
2025-10-07 10:53:12,249 - INFO - Processing batch 530 with 50 files
2025-10-07 10:53:12,250 - INFO - Batch 530 completed: 50 valid samples
2025-10-07 10:53:12,265 - INFO - Collected batch 531/1008: 50 samples
2025-10-07 10:53:12,265 - INFO - Collected batch 532/1008: 50 samples
2025-10-07 10:53:12,265 - INFO - Collected batch 533/1008: 50 samples
2025-10-07 10:53:12,306 - INFO - Processing batch 534 with 50 files
2025-10-07 10:53:12,306 - INFO - Batch 534 completed: 50 valid samples
2025-10-07 10:53:12,491 - INFO - Processing batch 535 with 50 files
2025-10-07 10:53:12,492 - INFO - Batch 535 completed: 50 valid samples
2025-10-07 10:53:12,550 - INFO - Processing batch 533 with 50 files
2025-10-07 10:53:12,551 - INFO - Batch 533 completed: 50 valid samples
2025-10-07 10:53:12,560 - INFO - Collected batch 534/1008: 50 samples
2025-10-07 10:53:12,560 - INFO - Collected batch 535/1008: 50 samples
2025-10-07 10:53:12,560 - INFO - Collected batch 536/1008: 50 samples
2025-10-07 10:53:12,597 - INFO - Processing batch 537 with 50 files
2025-10-07 10:53:12,598 - INFO - Batch 537 completed: 50 valid samples
2025-10-07 10:53:12,775 - INFO - Processing batch 538 with 50 files
2025-10-07 10:53:12,776 - INFO - Batch 538 completed: 50 valid samples
2025-10-07 10:53:12,836 - INFO - Processing batch 536 with 50 files
2025-10-07 10:53:12,837 - INFO - Batch 536 completed: 50 valid samples
2025-10-07 10:53:12,838 - INFO - Collected batch 537/1008: 50 samples
2025-10-07 10:53:12,838 - INFO - Collected batch 538/1008: 50 samples
2025-10-07 10:53:12,838 - INFO - Collected batch 539/1008: 50 samples
2025-10-07 10:53:12,878 - INFO - Processing batch 540 with 50 files
2025-10-07 10:53:12,878 - INFO - Batch 540 completed: 50 valid samples
2025-10-07 10:53:13,093 - INFO - Processing batch 539 with 50 files
2025-10-07 10:53:13,094 - INFO - Batch 539 completed: 50 valid samples
2025-10-07 10:53:13,095 - INFO - Collected batch 540/1008: 50 samples
2025-10-07 10:53:13,095 - INFO - Collected batch 541/1008: 50 samples
2025-10-07 10:53:13,134 - INFO - Processing batch 542 with 50 files
2025-10-07 10:53:13,134 - INFO - Batch 542 completed: 50 valid samples
2025-10-07 10:53:13,192 - INFO - Processing batch 541 with 50 files
2025-10-07 10:53:13,193 - INFO - Batch 541 completed: 50 valid samples
2025-10-07 10:53:13,194 - INFO - Collected batch 542/1008: 50 samples
2025-10-07 10:53:13,194 - INFO - Collected batch 543/1008: 50 samples
2025-10-07 10:53:13,234 - INFO - Processing batch 544 with 50 files
2025-10-07 10:53:13,235 - INFO - Batch 544 completed: 50 valid samples
2025-10-07 10:53:13,401 - INFO - Processing batch 545 with 50 files
2025-10-07 10:53:13,402 - INFO - Batch 545 completed: 50 valid samples
2025-10-07 10:53:13,450 - INFO - Processing batch 543 with 50 files
2025-10-07 10:53:13,451 - INFO - Batch 543 completed: 50 valid samples
2025-10-07 10:53:13,455 - INFO - Collected batch 544/1008: 50 samples
2025-10-07 10:53:13,456 - INFO - Collected batch 545/1008: 50 samples
2025-10-07 10:53:13,456 - INFO - Collected batch 546/1008: 50 samples
2025-10-07 10:53:13,492 - INFO - Processing batch 547 with 50 files
2025-10-07 10:53:13,493 - INFO - Batch 547 completed: 50 valid samples
2025-10-07 10:53:13,664 - INFO - Processing batch 548 with 50 files
2025-10-07 10:53:13,665 - INFO - Batch 548 completed: 50 valid samples
2025-10-07 10:53:13,724 - INFO - Processing batch 546 with 50 files
2025-10-07 10:53:13,725 - INFO - Batch 546 completed: 50 valid samples
2025-10-07 10:53:13,726 - INFO - Collected batch 547/1008: 50 samples
2025-10-07 10:53:13,726 - INFO - Collected batch 548/1008: 50 samples
2025-10-07 10:53:13,726 - INFO - Collected batch 549/1008: 50 samples
2025-10-07 10:53:13,769 - INFO - Processing batch 550 with 50 files
2025-10-07 10:53:13,769 - INFO - Batch 550 completed: 50 valid samples
2025-10-07 10:53:13,935 - INFO - Processing batch 551 with 50 files
2025-10-07 10:53:13,936 - INFO - Batch 551 completed: 50 valid samples
2025-10-07 10:53:13,980 - INFO - Processing batch 549 with 50 files
2025-10-07 10:53:13,981 - INFO - Batch 549 completed: 50 valid samples
2025-10-07 10:53:13,983 - INFO - Collected batch 550/1008: 50 samples
2025-10-07 10:53:13,983 - INFO - Collected batch 551/1008: 50 samples
2025-10-07 10:53:13,983 - INFO - Collected batch 552/1008: 50 samples
2025-10-07 10:53:14,025 - INFO - Processing batch 553 with 50 files
2025-10-07 10:53:14,026 - INFO - Batch 553 completed: 50 valid samples
2025-10-07 10:53:14,185 - INFO - Processing batch 554 with 50 files
2025-10-07 10:53:14,186 - INFO - Batch 554 completed: 50 valid samples
2025-10-07 10:53:14,247 - INFO - Processing batch 552 with 50 files
2025-10-07 10:53:14,247 - INFO - Batch 552 completed: 50 valid samples
2025-10-07 10:53:14,248 - INFO - Collected batch 553/1008: 50 samples
2025-10-07 10:53:14,248 - INFO - Collected batch 554/1008: 50 samples
2025-10-07 10:53:14,248 - INFO - Collected batch 555/1008: 50 samples
2025-10-07 10:53:14,288 - INFO - Processing batch 556 with 50 files
2025-10-07 10:53:14,289 - INFO - Batch 556 completed: 50 valid samples
2025-10-07 10:53:14,498 - INFO - Processing batch 555 with 50 files
2025-10-07 10:53:14,499 - INFO - Batch 555 completed: 50 valid samples
2025-10-07 10:53:14,500 - INFO - Collected batch 556/1008: 50 samples
2025-10-07 10:53:14,500 - INFO - Collected batch 557/1008: 50 samples
2025-10-07 10:53:14,540 - INFO - Processing batch 558 with 50 files
2025-10-07 10:53:14,541 - INFO - Batch 558 completed: 50 valid samples
2025-10-07 10:53:14,607 - INFO - Processing batch 557 with 50 files
2025-10-07 10:53:14,608 - INFO - Batch 557 completed: 50 valid samples
2025-10-07 10:53:14,609 - INFO - Collected batch 558/1008: 50 samples
2025-10-07 10:53:14,609 - INFO - Collected batch 559/1008: 50 samples
2025-10-07 10:53:14,649 - INFO - Processing batch 560 with 50 files
2025-10-07 10:53:14,649 - INFO - Batch 560 completed: 50 valid samples
2025-10-07 10:53:14,818 - INFO - Processing batch 561 with 50 files
2025-10-07 10:53:14,819 - INFO - Batch 561 completed: 50 valid samples
2025-10-07 10:53:14,858 - INFO - Processing batch 559 with 50 files
2025-10-07 10:53:14,859 - INFO - Batch 559 completed: 50 valid samples
2025-10-07 10:53:14,864 - INFO - Collected batch 560/1008: 50 samples
2025-10-07 10:53:14,865 - INFO - Collected batch 561/1008: 50 samples
2025-10-07 10:53:14,865 - INFO - Collected batch 562/1008: 50 samples
2025-10-07 10:53:14,900 - INFO - Processing batch 563 with 50 files
2025-10-07 10:53:14,901 - INFO - Batch 563 completed: 50 valid samples
2025-10-07 10:53:15,078 - INFO - Processing batch 564 with 50 files
2025-10-07 10:53:15,078 - INFO - Batch 564 completed: 50 valid samples
2025-10-07 10:53:15,156 - INFO - Processing batch 562 with 50 files
2025-10-07 10:53:15,157 - INFO - Batch 562 completed: 50 valid samples
2025-10-07 10:53:15,158 - INFO - Collected batch 563/1008: 50 samples
2025-10-07 10:53:15,158 - INFO - Collected batch 564/1008: 50 samples
2025-10-07 10:53:15,158 - INFO - Collected batch 565/1008: 50 samples
2025-10-07 10:53:15,201 - INFO - Processing batch 566 with 50 files
2025-10-07 10:53:15,202 - INFO - Batch 566 completed: 50 valid samples
2025-10-07 10:53:15,365 - INFO - Processing batch 567 with 50 files
2025-10-07 10:53:15,366 - INFO - Batch 567 completed: 50 valid samples
2025-10-07 10:53:15,398 - INFO - Processing batch 565 with 50 files
2025-10-07 10:53:15,399 - INFO - Batch 565 completed: 50 valid samples
2025-10-07 10:53:15,412 - INFO - Collected batch 566/1008: 50 samples
2025-10-07 10:53:15,413 - INFO - Collected batch 567/1008: 50 samples
2025-10-07 10:53:15,413 - INFO - Collected batch 568/1008: 50 samples
2025-10-07 10:53:15,453 - INFO - Processing batch 569 with 50 files
2025-10-07 10:53:15,453 - INFO - Batch 569 completed: 50 valid samples
2025-10-07 10:53:15,636 - INFO - Processing batch 570 with 50 files
2025-10-07 10:53:15,636 - INFO - Batch 570 completed: 50 valid samples
2025-10-07 10:53:15,716 - INFO - Processing batch 568 with 50 files
2025-10-07 10:53:15,716 - INFO - Batch 568 completed: 50 valid samples
2025-10-07 10:53:15,717 - INFO - Collected batch 569/1008: 50 samples
2025-10-07 10:53:15,718 - INFO - Collected batch 570/1008: 50 samples
2025-10-07 10:53:15,718 - INFO - Collected batch 571/1008: 50 samples
2025-10-07 10:53:15,759 - INFO - Processing batch 572 with 50 files
2025-10-07 10:53:15,760 - INFO - Batch 572 completed: 50 valid samples
2025-10-07 10:53:15,973 - INFO - Processing batch 571 with 50 files
2025-10-07 10:53:15,973 - INFO - Batch 571 completed: 50 valid samples
2025-10-07 10:53:15,974 - INFO - Collected batch 572/1008: 50 samples
2025-10-07 10:53:15,975 - INFO - Collected batch 573/1008: 50 samples
2025-10-07 10:53:16,014 - INFO - Processing batch 574 with 50 files
2025-10-07 10:53:16,015 - INFO - Batch 574 completed: 50 valid samples
2025-10-07 10:53:16,085 - INFO - Processing batch 573 with 50 files
2025-10-07 10:53:16,086 - INFO - Batch 573 completed: 50 valid samples
2025-10-07 10:53:16,087 - INFO - Collected batch 574/1008: 50 samples
2025-10-07 10:53:16,087 - INFO - Collected batch 575/1008: 50 samples
2025-10-07 10:53:16,127 - INFO - Processing batch 576 with 50 files
2025-10-07 10:53:16,128 - INFO - Batch 576 completed: 50 valid samples
2025-10-07 10:53:16,297 - INFO - Processing batch 577 with 50 files
2025-10-07 10:53:16,297 - INFO - Batch 577 completed: 50 valid samples
2025-10-07 10:53:16,336 - INFO - Processing batch 575 with 50 files
2025-10-07 10:53:16,337 - INFO - Batch 575 completed: 50 valid samples
2025-10-07 10:53:16,341 - INFO - Collected batch 576/1008: 50 samples
2025-10-07 10:53:16,342 - INFO - Collected batch 577/1008: 50 samples
2025-10-07 10:53:16,342 - INFO - Collected batch 578/1008: 50 samples
2025-10-07 10:53:16,377 - INFO - Processing batch 579 with 50 files
2025-10-07 10:53:16,378 - INFO - Batch 579 completed: 50 valid samples
2025-10-07 10:53:16,548 - INFO - Processing batch 580 with 50 files
2025-10-07 10:53:16,549 - INFO - Batch 580 completed: 50 valid samples
2025-10-07 10:53:16,608 - INFO - Processing batch 578 with 50 files
2025-10-07 10:53:16,609 - INFO - Batch 578 completed: 50 valid samples
2025-10-07 10:53:16,610 - INFO - Collected batch 579/1008: 50 samples
2025-10-07 10:53:16,610 - INFO - Collected batch 580/1008: 50 samples
2025-10-07 10:53:16,610 - INFO - Collected batch 581/1008: 50 samples
2025-10-07 10:53:16,654 - INFO - Processing batch 582 with 50 files
2025-10-07 10:53:16,654 - INFO - Batch 582 completed: 50 valid samples
2025-10-07 10:53:16,816 - INFO - Processing batch 583 with 50 files
2025-10-07 10:53:16,817 - INFO - Batch 583 completed: 50 valid samples
2025-10-07 10:53:16,864 - INFO - Processing batch 581 with 50 files
2025-10-07 10:53:16,864 - INFO - Batch 581 completed: 50 valid samples
2025-10-07 10:53:16,885 - INFO - Collected batch 582/1008: 50 samples
2025-10-07 10:53:16,885 - INFO - Collected batch 583/1008: 50 samples
2025-10-07 10:53:16,885 - INFO - Collected batch 584/1008: 50 samples
2025-10-07 10:53:16,925 - INFO - Processing batch 585 with 50 files
2025-10-07 10:53:16,926 - INFO - Batch 585 completed: 50 valid samples
2025-10-07 10:53:17,107 - INFO - Processing batch 586 with 50 files
2025-10-07 10:53:17,108 - INFO - Batch 586 completed: 50 valid samples
2025-10-07 10:53:17,161 - INFO - Processing batch 584 with 50 files
2025-10-07 10:53:17,162 - INFO - Batch 584 completed: 50 valid samples
2025-10-07 10:53:17,180 - INFO - Collected batch 585/1008: 50 samples
2025-10-07 10:53:17,180 - INFO - Collected batch 586/1008: 50 samples
2025-10-07 10:53:17,180 - INFO - Collected batch 587/1008: 50 samples
2025-10-07 10:53:17,215 - INFO - Processing batch 588 with 50 files
2025-10-07 10:53:17,215 - INFO - Batch 588 completed: 50 valid samples
2025-10-07 10:53:17,439 - INFO - Processing batch 587 with 50 files
2025-10-07 10:53:17,440 - INFO - Batch 587 completed: 50 valid samples
2025-10-07 10:53:17,441 - INFO - Collected batch 588/1008: 50 samples
2025-10-07 10:53:17,441 - INFO - Collected batch 589/1008: 50 samples
2025-10-07 10:53:17,480 - INFO - Processing batch 590 with 50 files
2025-10-07 10:53:17,481 - INFO - Batch 590 completed: 50 valid samples
2025-10-07 10:53:17,532 - INFO - Processing batch 589 with 50 files
2025-10-07 10:53:17,533 - INFO - Batch 589 completed: 50 valid samples
2025-10-07 10:53:17,541 - INFO - Collected batch 590/1008: 50 samples
2025-10-07 10:53:17,541 - INFO - Collected batch 591/1008: 50 samples
2025-10-07 10:53:17,581 - INFO - Processing batch 592 with 50 files
2025-10-07 10:53:17,582 - INFO - Batch 592 completed: 50 valid samples
2025-10-07 10:53:17,769 - INFO - Processing batch 593 with 50 files
2025-10-07 10:53:17,769 - INFO - Batch 593 completed: 50 valid samples
2025-10-07 10:53:17,843 - INFO - Processing batch 591 with 50 files
2025-10-07 10:53:17,844 - INFO - Batch 591 completed: 50 valid samples
2025-10-07 10:53:17,845 - INFO - Collected batch 592/1008: 50 samples
2025-10-07 10:53:17,845 - INFO - Collected batch 593/1008: 50 samples
2025-10-07 10:53:17,845 - INFO - Collected batch 594/1008: 50 samples
2025-10-07 10:53:17,884 - INFO - Processing batch 595 with 50 files
2025-10-07 10:53:17,885 - INFO - Batch 595 completed: 50 valid samples
2025-10-07 10:53:18,063 - INFO - Processing batch 596 with 50 files
2025-10-07 10:53:18,064 - INFO - Batch 596 completed: 50 valid samples
2025-10-07 10:53:18,113 - INFO - Processing batch 594 with 50 files
2025-10-07 10:53:18,114 - INFO - Batch 594 completed: 50 valid samples
2025-10-07 10:53:18,125 - INFO - Collected batch 595/1008: 50 samples
2025-10-07 10:53:18,125 - INFO - Collected batch 596/1008: 50 samples
2025-10-07 10:53:18,125 - INFO - Collected batch 597/1008: 50 samples
2025-10-07 10:53:18,165 - INFO - Processing batch 598 with 50 files
2025-10-07 10:53:18,166 - INFO - Batch 598 completed: 50 valid samples
2025-10-07 10:53:18,328 - INFO - Processing batch 599 with 50 files
2025-10-07 10:53:18,329 - INFO - Batch 599 completed: 50 valid samples
2025-10-07 10:53:18,374 - INFO - Processing batch 597 with 50 files
2025-10-07 10:53:18,375 - INFO - Batch 597 completed: 50 valid samples
2025-10-07 10:53:18,392 - INFO - Collected batch 598/1008: 50 samples
2025-10-07 10:53:18,392 - INFO - Collected batch 599/1008: 50 samples
2025-10-07 10:53:18,392 - INFO - Collected batch 600/1008: 50 samples
2025-10-07 10:53:18,432 - INFO - Processing batch 601 with 50 files
2025-10-07 10:53:18,433 - INFO - Batch 601 completed: 50 valid samples
2025-10-07 10:53:18,613 - INFO - Processing batch 602 with 50 files
2025-10-07 10:53:18,614 - INFO - Batch 602 completed: 50 valid samples
2025-10-07 10:53:18,676 - INFO - Processing batch 600 with 50 files
2025-10-07 10:53:18,676 - INFO - Batch 600 completed: 50 valid samples
2025-10-07 10:53:18,677 - INFO - Collected batch 601/1008: 50 samples
2025-10-07 10:53:18,678 - INFO - Collected batch 602/1008: 50 samples
2025-10-07 10:53:18,678 - INFO - Collected batch 603/1008: 50 samples
2025-10-07 10:53:18,719 - INFO - Processing batch 604 with 50 files
2025-10-07 10:53:18,720 - INFO - Batch 604 completed: 50 valid samples
2025-10-07 10:53:18,958 - INFO - Processing batch 603 with 50 files
2025-10-07 10:53:18,958 - INFO - Batch 603 completed: 50 valid samples
2025-10-07 10:53:18,959 - INFO - Collected batch 604/1008: 50 samples
2025-10-07 10:53:18,960 - INFO - Collected batch 605/1008: 50 samples
2025-10-07 10:53:19,000 - INFO - Processing batch 606 with 50 files
2025-10-07 10:53:19,001 - INFO - Batch 606 completed: 50 valid samples
2025-10-07 10:53:19,053 - INFO - Processing batch 605 with 50 files
2025-10-07 10:53:19,054 - INFO - Batch 605 completed: 50 valid samples
2025-10-07 10:53:19,054 - INFO - Collected batch 606/1008: 50 samples
2025-10-07 10:53:19,055 - INFO - Collected batch 607/1008: 50 samples
2025-10-07 10:53:19,095 - INFO - Processing batch 608 with 50 files
2025-10-07 10:53:19,096 - INFO - Batch 608 completed: 50 valid samples
2025-10-07 10:53:19,263 - INFO - Processing batch 609 with 50 files
2025-10-07 10:53:19,264 - INFO - Batch 609 completed: 50 valid samples
2025-10-07 10:53:19,316 - INFO - Processing batch 607 with 50 files
2025-10-07 10:53:19,317 - INFO - Batch 607 completed: 50 valid samples
2025-10-07 10:53:19,318 - INFO - Collected batch 608/1008: 50 samples
2025-10-07 10:53:19,318 - INFO - Collected batch 609/1008: 50 samples
2025-10-07 10:53:19,318 - INFO - Collected batch 610/1008: 50 samples
2025-10-07 10:53:19,357 - INFO - Processing batch 611 with 50 files
2025-10-07 10:53:19,358 - INFO - Batch 611 completed: 50 valid samples
2025-10-07 10:53:19,526 - INFO - Processing batch 612 with 50 files
2025-10-07 10:53:19,526 - INFO - Batch 612 completed: 50 valid samples
2025-10-07 10:53:19,571 - INFO - Processing batch 610 with 50 files
2025-10-07 10:53:19,571 - INFO - Batch 610 completed: 50 valid samples
2025-10-07 10:53:19,572 - INFO - Collected batch 611/1008: 50 samples
2025-10-07 10:53:19,573 - INFO - Collected batch 612/1008: 50 samples
2025-10-07 10:53:19,573 - INFO - Collected batch 613/1008: 50 samples
2025-10-07 10:53:19,616 - INFO - Processing batch 614 with 50 files
2025-10-07 10:53:19,617 - INFO - Batch 614 completed: 50 valid samples
2025-10-07 10:53:19,784 - INFO - Processing batch 615 with 50 files
2025-10-07 10:53:19,785 - INFO - Batch 615 completed: 50 valid samples
2025-10-07 10:53:19,839 - INFO - Processing batch 613 with 50 files
2025-10-07 10:53:19,839 - INFO - Batch 613 completed: 50 valid samples
2025-10-07 10:53:19,854 - INFO - Collected batch 614/1008: 50 samples
2025-10-07 10:53:19,854 - INFO - Collected batch 615/1008: 50 samples
2025-10-07 10:53:19,854 - INFO - Collected batch 616/1008: 50 samples
2025-10-07 10:53:19,894 - INFO - Processing batch 617 with 50 files
2025-10-07 10:53:19,895 - INFO - Batch 617 completed: 50 valid samples
2025-10-07 10:53:20,074 - INFO - Processing batch 618 with 50 files
2025-10-07 10:53:20,075 - INFO - Batch 618 completed: 50 valid samples
2025-10-07 10:53:20,133 - INFO - Processing batch 616 with 50 files
2025-10-07 10:53:20,133 - INFO - Batch 616 completed: 50 valid samples
2025-10-07 10:53:20,144 - INFO - Collected batch 617/1008: 50 samples
2025-10-07 10:53:20,144 - INFO - Collected batch 618/1008: 50 samples
2025-10-07 10:53:20,144 - INFO - Collected batch 619/1008: 50 samples
2025-10-07 10:53:20,180 - INFO - Processing batch 620 with 50 files
2025-10-07 10:53:20,181 - INFO - Batch 620 completed: 50 valid samples
2025-10-07 10:53:20,402 - INFO - Processing batch 619 with 50 files
2025-10-07 10:53:20,402 - INFO - Batch 619 completed: 50 valid samples
2025-10-07 10:53:20,403 - INFO - Collected batch 620/1008: 50 samples
2025-10-07 10:53:20,404 - INFO - Collected batch 621/1008: 50 samples
2025-10-07 10:53:20,443 - INFO - Processing batch 622 with 50 files
2025-10-07 10:53:20,444 - INFO - Batch 622 completed: 50 valid samples
2025-10-07 10:53:20,503 - INFO - Processing batch 621 with 50 files
2025-10-07 10:53:20,504 - INFO - Batch 621 completed: 50 valid samples
2025-10-07 10:53:20,504 - INFO - Collected batch 622/1008: 50 samples
2025-10-07 10:53:20,505 - INFO - Collected batch 623/1008: 50 samples
2025-10-07 10:53:20,545 - INFO - Processing batch 624 with 50 files
2025-10-07 10:53:20,545 - INFO - Batch 624 completed: 50 valid samples
2025-10-07 10:53:20,713 - INFO - Processing batch 625 with 50 files
2025-10-07 10:53:20,713 - INFO - Batch 625 completed: 50 valid samples
2025-10-07 10:53:20,764 - INFO - Processing batch 623 with 50 files
2025-10-07 10:53:20,764 - INFO - Batch 623 completed: 50 valid samples
2025-10-07 10:53:20,765 - INFO - Collected batch 624/1008: 50 samples
2025-10-07 10:53:20,765 - INFO - Collected batch 625/1008: 50 samples
2025-10-07 10:53:20,766 - INFO - Collected batch 626/1008: 50 samples
2025-10-07 10:53:20,805 - INFO - Processing batch 627 with 50 files
2025-10-07 10:53:20,806 - INFO - Batch 627 completed: 50 valid samples
2025-10-07 10:53:20,978 - INFO - Processing batch 628 with 50 files
2025-10-07 10:53:20,979 - INFO - Batch 628 completed: 50 valid samples
2025-10-07 10:53:21,024 - INFO - Processing batch 626 with 50 files
2025-10-07 10:53:21,024 - INFO - Batch 626 completed: 50 valid samples
2025-10-07 10:53:21,032 - INFO - Collected batch 627/1008: 50 samples
2025-10-07 10:53:21,033 - INFO - Collected batch 628/1008: 50 samples
2025-10-07 10:53:21,033 - INFO - Collected batch 629/1008: 50 samples
2025-10-07 10:53:21,075 - INFO - Processing batch 630 with 50 files
2025-10-07 10:53:21,076 - INFO - Batch 630 completed: 50 valid samples
2025-10-07 10:53:21,255 - INFO - Processing batch 631 with 50 files
2025-10-07 10:53:21,256 - INFO - Batch 631 completed: 50 valid samples
2025-10-07 10:53:21,335 - INFO - Processing batch 629 with 50 files
2025-10-07 10:53:21,335 - INFO - Batch 629 completed: 50 valid samples
2025-10-07 10:53:21,336 - INFO - Collected batch 630/1008: 50 samples
2025-10-07 10:53:21,337 - INFO - Collected batch 631/1008: 50 samples
2025-10-07 10:53:21,337 - INFO - Collected batch 632/1008: 50 samples
2025-10-07 10:53:21,381 - INFO - Processing batch 633 with 50 files
2025-10-07 10:53:21,381 - INFO - Batch 633 completed: 50 valid samples
2025-10-07 10:53:21,555 - INFO - Processing batch 634 with 50 files
2025-10-07 10:53:21,555 - INFO - Batch 634 completed: 50 valid samples
2025-10-07 10:53:21,584 - INFO - Processing batch 632 with 50 files
2025-10-07 10:53:21,585 - INFO - Batch 632 completed: 50 valid samples
2025-10-07 10:53:21,606 - INFO - Collected batch 633/1008: 50 samples
2025-10-07 10:53:21,606 - INFO - Collected batch 634/1008: 50 samples
2025-10-07 10:53:21,607 - INFO - Collected batch 635/1008: 50 samples
2025-10-07 10:53:21,645 - INFO - Processing batch 636 with 50 files
2025-10-07 10:53:21,645 - INFO - Batch 636 completed: 50 valid samples
2025-10-07 10:53:21,872 - INFO - Processing batch 635 with 50 files
2025-10-07 10:53:21,873 - INFO - Batch 635 completed: 50 valid samples
2025-10-07 10:53:21,874 - INFO - Collected batch 636/1008: 50 samples
2025-10-07 10:53:21,874 - INFO - Collected batch 637/1008: 50 samples
2025-10-07 10:53:21,913 - INFO - Processing batch 638 with 50 files
2025-10-07 10:53:21,914 - INFO - Batch 638 completed: 50 valid samples
2025-10-07 10:53:21,965 - INFO - Processing batch 637 with 50 files
2025-10-07 10:53:21,965 - INFO - Batch 637 completed: 50 valid samples
2025-10-07 10:53:21,966 - INFO - Collected batch 638/1008: 50 samples
2025-10-07 10:53:21,967 - INFO - Collected batch 639/1008: 50 samples
2025-10-07 10:53:22,006 - INFO - Processing batch 640 with 50 files
2025-10-07 10:53:22,007 - INFO - Batch 640 completed: 50 valid samples
2025-10-07 10:53:22,178 - INFO - Processing batch 641 with 50 files
2025-10-07 10:53:22,179 - INFO - Batch 641 completed: 50 valid samples
2025-10-07 10:53:22,231 - INFO - Processing batch 639 with 50 files
2025-10-07 10:53:22,232 - INFO - Batch 639 completed: 50 valid samples
2025-10-07 10:53:22,240 - INFO - Collected batch 640/1008: 50 samples
2025-10-07 10:53:22,240 - INFO - Collected batch 641/1008: 50 samples
2025-10-07 10:53:22,240 - INFO - Collected batch 642/1008: 50 samples
2025-10-07 10:53:22,278 - INFO - Processing batch 643 with 50 files
2025-10-07 10:53:22,279 - INFO - Batch 643 completed: 50 valid samples
2025-10-07 10:53:22,464 - INFO - Processing batch 644 with 50 files
2025-10-07 10:53:22,465 - INFO - Batch 644 completed: 50 valid samples
2025-10-07 10:53:22,528 - INFO - Processing batch 642 with 50 files
2025-10-07 10:53:22,529 - INFO - Batch 642 completed: 50 valid samples
2025-10-07 10:53:22,530 - INFO - Collected batch 643/1008: 50 samples
2025-10-07 10:53:22,530 - INFO - Collected batch 644/1008: 50 samples
2025-10-07 10:53:22,530 - INFO - Collected batch 645/1008: 50 samples
2025-10-07 10:53:22,575 - INFO - Processing batch 646 with 50 files
2025-10-07 10:53:22,576 - INFO - Batch 646 completed: 50 valid samples
2025-10-07 10:53:22,746 - INFO - Processing batch 647 with 50 files
2025-10-07 10:53:22,747 - INFO - Batch 647 completed: 50 valid samples
2025-10-07 10:53:22,797 - INFO - Processing batch 645 with 50 files
2025-10-07 10:53:22,798 - INFO - Batch 645 completed: 50 valid samples
2025-10-07 10:53:22,798 - INFO - Collected batch 646/1008: 50 samples
2025-10-07 10:53:22,799 - INFO - Collected batch 647/1008: 50 samples
2025-10-07 10:53:22,799 - INFO - Collected batch 648/1008: 50 samples
2025-10-07 10:53:22,842 - INFO - Processing batch 649 with 50 files
2025-10-07 10:53:22,842 - INFO - Batch 649 completed: 50 valid samples
2025-10-07 10:53:23,005 - INFO - Processing batch 650 with 50 files
2025-10-07 10:53:23,006 - INFO - Batch 650 completed: 50 valid samples
2025-10-07 10:53:23,059 - INFO - Processing batch 648 with 50 files
2025-10-07 10:53:23,060 - INFO - Batch 648 completed: 50 valid samples
2025-10-07 10:53:23,070 - INFO - Collected batch 649/1008: 50 samples
2025-10-07 10:53:23,070 - INFO - Collected batch 650/1008: 50 samples
2025-10-07 10:53:23,070 - INFO - Collected batch 651/1008: 50 samples
2025-10-07 10:53:23,108 - INFO - Processing batch 652 with 50 files
2025-10-07 10:53:23,109 - INFO - Batch 652 completed: 50 valid samples
2025-10-07 10:53:23,351 - INFO - Processing batch 651 with 50 files
2025-10-07 10:53:23,351 - INFO - Batch 651 completed: 50 valid samples
2025-10-07 10:53:23,352 - INFO - Collected batch 652/1008: 50 samples
2025-10-07 10:53:23,353 - INFO - Collected batch 653/1008: 50 samples
2025-10-07 10:53:23,393 - INFO - Processing batch 654 with 50 files
2025-10-07 10:53:23,394 - INFO - Batch 654 completed: 50 valid samples
2025-10-07 10:53:23,459 - INFO - Processing batch 653 with 50 files
2025-10-07 10:53:23,460 - INFO - Batch 653 completed: 50 valid samples
2025-10-07 10:53:23,461 - INFO - Collected batch 654/1008: 50 samples
2025-10-07 10:53:23,461 - INFO - Collected batch 655/1008: 50 samples
2025-10-07 10:53:23,500 - INFO - Processing batch 656 with 50 files
2025-10-07 10:53:23,501 - INFO - Batch 656 completed: 50 valid samples
2025-10-07 10:53:23,670 - INFO - Processing batch 657 with 50 files
2025-10-07 10:53:23,670 - INFO - Batch 657 completed: 50 valid samples
2025-10-07 10:53:23,716 - INFO - Processing batch 655 with 50 files
2025-10-07 10:53:23,716 - INFO - Batch 655 completed: 50 valid samples
2025-10-07 10:53:23,729 - INFO - Collected batch 656/1008: 50 samples
2025-10-07 10:53:23,730 - INFO - Collected batch 657/1008: 50 samples
2025-10-07 10:53:23,730 - INFO - Collected batch 658/1008: 50 samples
2025-10-07 10:53:23,768 - INFO - Processing batch 659 with 50 files
2025-10-07 10:53:23,768 - INFO - Batch 659 completed: 50 valid samples
2025-10-07 10:53:23,952 - INFO - Processing batch 660 with 50 files
2025-10-07 10:53:23,952 - INFO - Batch 660 completed: 50 valid samples
2025-10-07 10:53:24,004 - INFO - Processing batch 658 with 50 files
2025-10-07 10:53:24,004 - INFO - Batch 658 completed: 50 valid samples
2025-10-07 10:53:24,005 - INFO - Collected batch 659/1008: 50 samples
2025-10-07 10:53:24,006 - INFO - Collected batch 660/1008: 50 samples
2025-10-07 10:53:24,006 - INFO - Collected batch 661/1008: 50 samples
2025-10-07 10:53:24,048 - INFO - Processing batch 662 with 50 files
2025-10-07 10:53:24,049 - INFO - Batch 662 completed: 50 valid samples
2025-10-07 10:53:24,215 - INFO - Processing batch 663 with 50 files
2025-10-07 10:53:24,215 - INFO - Batch 663 completed: 50 valid samples
2025-10-07 10:53:24,267 - INFO - Processing batch 661 with 50 files
2025-10-07 10:53:24,268 - INFO - Batch 661 completed: 50 valid samples
2025-10-07 10:53:24,298 - INFO - Collected batch 662/1008: 50 samples
2025-10-07 10:53:24,298 - INFO - Collected batch 663/1008: 50 samples
2025-10-07 10:53:24,298 - INFO - Collected batch 664/1008: 50 samples
2025-10-07 10:53:24,337 - INFO - Processing batch 665 with 50 files
2025-10-07 10:53:24,337 - INFO - Batch 665 completed: 50 valid samples
2025-10-07 10:53:24,516 - INFO - Processing batch 666 with 50 files
2025-10-07 10:53:24,516 - INFO - Batch 666 completed: 50 valid samples
2025-10-07 10:53:24,568 - INFO - Processing batch 664 with 50 files
2025-10-07 10:53:24,569 - INFO - Batch 664 completed: 50 valid samples
2025-10-07 10:53:24,585 - INFO - Collected batch 665/1008: 50 samples
2025-10-07 10:53:24,586 - INFO - Collected batch 666/1008: 50 samples
2025-10-07 10:53:24,586 - INFO - Collected batch 667/1008: 50 samples
2025-10-07 10:53:24,621 - INFO - Processing batch 668 with 50 files
2025-10-07 10:53:24,622 - INFO - Batch 668 completed: 50 valid samples
2025-10-07 10:53:24,848 - INFO - Processing batch 667 with 50 files
2025-10-07 10:53:24,849 - INFO - Batch 667 completed: 50 valid samples
2025-10-07 10:53:24,850 - INFO - Collected batch 668/1008: 50 samples
2025-10-07 10:53:24,850 - INFO - Collected batch 669/1008: 50 samples
2025-10-07 10:53:24,889 - INFO - Processing batch 670 with 50 files
2025-10-07 10:53:24,890 - INFO - Batch 670 completed: 50 valid samples
2025-10-07 10:53:24,937 - INFO - Processing batch 669 with 50 files
2025-10-07 10:53:24,938 - INFO - Batch 669 completed: 50 valid samples
2025-10-07 10:53:24,939 - INFO - Collected batch 670/1008: 50 samples
2025-10-07 10:53:24,939 - INFO - Collected batch 671/1008: 50 samples
2025-10-07 10:53:24,979 - INFO - Processing batch 672 with 50 files
2025-10-07 10:53:24,979 - INFO - Batch 672 completed: 50 valid samples
2025-10-07 10:53:25,145 - INFO - Processing batch 673 with 50 files
2025-10-07 10:53:25,145 - INFO - Batch 673 completed: 50 valid samples
2025-10-07 10:53:25,209 - INFO - Processing batch 671 with 50 files
2025-10-07 10:53:25,210 - INFO - Batch 671 completed: 50 valid samples
2025-10-07 10:53:25,211 - INFO - Collected batch 672/1008: 50 samples
2025-10-07 10:53:25,211 - INFO - Collected batch 673/1008: 50 samples
2025-10-07 10:53:25,211 - INFO - Collected batch 674/1008: 50 samples
2025-10-07 10:53:25,250 - INFO - Processing batch 675 with 50 files
2025-10-07 10:53:25,251 - INFO - Batch 675 completed: 50 valid samples
2025-10-07 10:53:25,421 - INFO - Processing batch 676 with 50 files
2025-10-07 10:53:25,421 - INFO - Batch 676 completed: 50 valid samples
2025-10-07 10:53:25,456 - INFO - Processing batch 674 with 50 files
2025-10-07 10:53:25,457 - INFO - Batch 674 completed: 50 valid samples
2025-10-07 10:53:25,464 - INFO - Collected batch 675/1008: 50 samples
2025-10-07 10:53:25,465 - INFO - Collected batch 676/1008: 50 samples
2025-10-07 10:53:25,465 - INFO - Collected batch 677/1008: 50 samples
2025-10-07 10:53:25,505 - INFO - Processing batch 678 with 50 files
2025-10-07 10:53:25,506 - INFO - Batch 678 completed: 50 valid samples
2025-10-07 10:53:25,690 - INFO - Processing batch 679 with 50 files
2025-10-07 10:53:25,691 - INFO - Batch 679 completed: 50 valid samples
2025-10-07 10:53:25,758 - INFO - Processing batch 677 with 50 files
2025-10-07 10:53:25,759 - INFO - Batch 677 completed: 50 valid samples
2025-10-07 10:53:25,760 - INFO - Collected batch 678/1008: 50 samples
2025-10-07 10:53:25,760 - INFO - Collected batch 679/1008: 50 samples
2025-10-07 10:53:25,760 - INFO - Collected batch 680/1008: 50 samples
2025-10-07 10:53:25,802 - INFO - Processing batch 681 with 50 files
2025-10-07 10:53:25,802 - INFO - Batch 681 completed: 50 valid samples
2025-10-07 10:53:25,972 - INFO - Processing batch 682 with 50 files
2025-10-07 10:53:25,972 - INFO - Batch 682 completed: 50 valid samples
2025-10-07 10:53:26,003 - INFO - Processing batch 680 with 50 files
2025-10-07 10:53:26,004 - INFO - Batch 680 completed: 50 valid samples
2025-10-07 10:53:26,019 - INFO - Collected batch 681/1008: 50 samples
2025-10-07 10:53:26,019 - INFO - Collected batch 682/1008: 50 samples
2025-10-07 10:53:26,019 - INFO - Collected batch 683/1008: 50 samples
2025-10-07 10:53:26,057 - INFO - Processing batch 684 with 50 files
2025-10-07 10:53:26,058 - INFO - Batch 684 completed: 50 valid samples
2025-10-07 10:53:26,318 - INFO - Processing batch 683 with 50 files
2025-10-07 10:53:26,318 - INFO - Batch 683 completed: 50 valid samples
2025-10-07 10:53:26,319 - INFO - Collected batch 684/1008: 50 samples
2025-10-07 10:53:26,320 - INFO - Collected batch 685/1008: 50 samples
2025-10-07 10:53:26,363 - INFO - Processing batch 686 with 50 files
2025-10-07 10:53:26,364 - INFO - Batch 686 completed: 50 valid samples
2025-10-07 10:53:26,393 - INFO - Processing batch 685 with 50 files
2025-10-07 10:53:26,394 - INFO - Batch 685 completed: 50 valid samples
2025-10-07 10:53:26,421 - INFO - Collected batch 686/1008: 50 samples
2025-10-07 10:53:26,421 - INFO - Collected batch 687/1008: 50 samples
2025-10-07 10:53:26,458 - INFO - Processing batch 688 with 50 files
2025-10-07 10:53:26,459 - INFO - Batch 688 completed: 50 valid samples
2025-10-07 10:53:26,624 - INFO - Processing batch 689 with 50 files
2025-10-07 10:53:26,624 - INFO - Batch 689 completed: 50 valid samples
2025-10-07 10:53:26,689 - INFO - Processing batch 687 with 50 files
2025-10-07 10:53:26,690 - INFO - Batch 687 completed: 50 valid samples
2025-10-07 10:53:26,691 - INFO - Collected batch 688/1008: 50 samples
2025-10-07 10:53:26,691 - INFO - Collected batch 689/1008: 50 samples
2025-10-07 10:53:26,691 - INFO - Collected batch 690/1008: 50 samples
2025-10-07 10:53:26,730 - INFO - Processing batch 691 with 50 files
2025-10-07 10:53:26,731 - INFO - Batch 691 completed: 50 valid samples
2025-10-07 10:53:26,899 - INFO - Processing batch 692 with 50 files
2025-10-07 10:53:26,900 - INFO - Batch 692 completed: 50 valid samples
2025-10-07 10:53:26,935 - INFO - Processing batch 690 with 50 files
2025-10-07 10:53:26,936 - INFO - Batch 690 completed: 50 valid samples
2025-10-07 10:53:26,943 - INFO - Collected batch 691/1008: 50 samples
2025-10-07 10:53:26,944 - INFO - Collected batch 692/1008: 50 samples
2025-10-07 10:53:26,944 - INFO - Collected batch 693/1008: 50 samples
2025-10-07 10:53:26,984 - INFO - Processing batch 694 with 50 files
2025-10-07 10:53:26,985 - INFO - Batch 694 completed: 50 valid samples
2025-10-07 10:53:27,167 - INFO - Processing batch 695 with 50 files
2025-10-07 10:53:27,167 - INFO - Batch 695 completed: 50 valid samples
2025-10-07 10:53:27,244 - INFO - Processing batch 693 with 50 files
2025-10-07 10:53:27,245 - INFO - Batch 693 completed: 50 valid samples
2025-10-07 10:53:27,246 - INFO - Collected batch 694/1008: 50 samples
2025-10-07 10:53:27,246 - INFO - Collected batch 695/1008: 50 samples
2025-10-07 10:53:27,246 - INFO - Collected batch 696/1008: 50 samples
2025-10-07 10:53:27,289 - INFO - Processing batch 697 with 50 files
2025-10-07 10:53:27,289 - INFO - Batch 697 completed: 50 valid samples
2025-10-07 10:53:27,460 - INFO - Processing batch 698 with 50 files
2025-10-07 10:53:27,461 - INFO - Batch 698 completed: 50 valid samples
2025-10-07 10:53:27,502 - INFO - Processing batch 696 with 50 files
2025-10-07 10:53:27,503 - INFO - Batch 696 completed: 50 valid samples
2025-10-07 10:53:27,524 - INFO - Collected batch 697/1008: 50 samples
2025-10-07 10:53:27,524 - INFO - Collected batch 698/1008: 50 samples
2025-10-07 10:53:27,524 - INFO - Collected batch 699/1008: 50 samples
2025-10-07 10:53:27,563 - INFO - Processing batch 700 with 50 files
2025-10-07 10:53:27,564 - INFO - Batch 700 completed: 50 valid samples
2025-10-07 10:53:27,786 - INFO - Processing batch 699 with 50 files
2025-10-07 10:53:27,787 - INFO - Batch 699 completed: 50 valid samples
2025-10-07 10:53:27,788 - INFO - Collected batch 700/1008: 50 samples
2025-10-07 10:53:27,788 - INFO - Collected batch 701/1008: 50 samples
2025-10-07 10:53:27,828 - INFO - Processing batch 702 with 50 files
2025-10-07 10:53:27,828 - INFO - Batch 702 completed: 50 valid samples
2025-10-07 10:53:27,882 - INFO - Processing batch 701 with 50 files
2025-10-07 10:53:27,883 - INFO - Batch 701 completed: 50 valid samples
2025-10-07 10:53:27,884 - INFO - Collected batch 702/1008: 50 samples
2025-10-07 10:53:27,884 - INFO - Collected batch 703/1008: 50 samples
2025-10-07 10:53:27,924 - INFO - Processing batch 704 with 50 files
2025-10-07 10:53:27,924 - INFO - Batch 704 completed: 50 valid samples
2025-10-07 10:53:28,093 - INFO - Processing batch 705 with 50 files
2025-10-07 10:53:28,093 - INFO - Batch 705 completed: 50 valid samples
2025-10-07 10:53:28,144 - INFO - Processing batch 703 with 50 files
2025-10-07 10:53:28,145 - INFO - Batch 703 completed: 50 valid samples
2025-10-07 10:53:28,154 - INFO - Collected batch 704/1008: 50 samples
2025-10-07 10:53:28,155 - INFO - Collected batch 705/1008: 50 samples
2025-10-07 10:53:28,155 - INFO - Collected batch 706/1008: 50 samples
2025-10-07 10:53:28,193 - INFO - Processing batch 707 with 50 files
2025-10-07 10:53:28,193 - INFO - Batch 707 completed: 50 valid samples
2025-10-07 10:53:28,382 - INFO - Processing batch 708 with 50 files
2025-10-07 10:53:28,383 - INFO - Batch 708 completed: 50 valid samples
2025-10-07 10:53:28,439 - INFO - Processing batch 706 with 50 files
2025-10-07 10:53:28,440 - INFO - Batch 706 completed: 50 valid samples
2025-10-07 10:53:28,441 - INFO - Collected batch 707/1008: 50 samples
2025-10-07 10:53:28,441 - INFO - Collected batch 708/1008: 50 samples
2025-10-07 10:53:28,441 - INFO - Collected batch 709/1008: 50 samples
2025-10-07 10:53:28,484 - INFO - Processing batch 710 with 50 files
2025-10-07 10:53:28,484 - INFO - Batch 710 completed: 50 valid samples
2025-10-07 10:53:28,646 - INFO - Processing batch 711 with 50 files
2025-10-07 10:53:28,647 - INFO - Batch 711 completed: 50 valid samples
2025-10-07 10:53:28,697 - INFO - Processing batch 709 with 50 files
2025-10-07 10:53:28,698 - INFO - Batch 709 completed: 50 valid samples
2025-10-07 10:53:28,699 - INFO - Collected batch 710/1008: 50 samples
2025-10-07 10:53:28,699 - INFO - Collected batch 711/1008: 50 samples
2025-10-07 10:53:28,699 - INFO - Collected batch 712/1008: 50 samples
2025-10-07 10:53:28,742 - INFO - Processing batch 713 with 50 files
2025-10-07 10:53:28,742 - INFO - Batch 713 completed: 50 valid samples
2025-10-07 10:53:28,905 - INFO - Processing batch 714 with 50 files
2025-10-07 10:53:28,906 - INFO - Batch 714 completed: 50 valid samples
2025-10-07 10:53:28,958 - INFO - Processing batch 712 with 50 files
2025-10-07 10:53:28,959 - INFO - Batch 712 completed: 50 valid samples
2025-10-07 10:53:28,960 - INFO - Collected batch 713/1008: 50 samples
2025-10-07 10:53:28,960 - INFO - Collected batch 714/1008: 50 samples
2025-10-07 10:53:28,960 - INFO - Collected batch 715/1008: 50 samples
2025-10-07 10:53:29,000 - INFO - Processing batch 716 with 50 files
2025-10-07 10:53:29,001 - INFO - Batch 716 completed: 50 valid samples
2025-10-07 10:53:29,220 - INFO - Processing batch 715 with 50 files
2025-10-07 10:53:29,221 - INFO - Batch 715 completed: 50 valid samples
2025-10-07 10:53:29,221 - INFO - Collected batch 716/1008: 50 samples
2025-10-07 10:53:29,222 - INFO - Collected batch 717/1008: 50 samples
2025-10-07 10:53:29,262 - INFO - Processing batch 718 with 50 files
2025-10-07 10:53:29,262 - INFO - Batch 718 completed: 50 valid samples
2025-10-07 10:53:29,312 - INFO - Processing batch 717 with 50 files
2025-10-07 10:53:29,313 - INFO - Batch 717 completed: 50 valid samples
2025-10-07 10:53:29,313 - INFO - Collected batch 718/1008: 50 samples
2025-10-07 10:53:29,314 - INFO - Collected batch 719/1008: 50 samples
2025-10-07 10:53:29,354 - INFO - Processing batch 720 with 50 files
2025-10-07 10:53:29,355 - INFO - Batch 720 completed: 50 valid samples
2025-10-07 10:53:29,521 - INFO - Processing batch 721 with 50 files
2025-10-07 10:53:29,522 - INFO - Batch 721 completed: 50 valid samples
2025-10-07 10:53:29,576 - INFO - Processing batch 719 with 50 files
2025-10-07 10:53:29,576 - INFO - Batch 719 completed: 50 valid samples
2025-10-07 10:53:29,577 - INFO - Collected batch 720/1008: 50 samples
2025-10-07 10:53:29,577 - INFO - Collected batch 721/1008: 50 samples
2025-10-07 10:53:29,578 - INFO - Collected batch 722/1008: 50 samples
2025-10-07 10:53:29,617 - INFO - Processing batch 723 with 50 files
2025-10-07 10:53:29,618 - INFO - Batch 723 completed: 50 valid samples
2025-10-07 10:53:29,786 - INFO - Processing batch 724 with 50 files
2025-10-07 10:53:29,787 - INFO - Batch 724 completed: 50 valid samples
2025-10-07 10:53:29,831 - INFO - Processing batch 722 with 50 files
2025-10-07 10:53:29,832 - INFO - Batch 722 completed: 50 valid samples
2025-10-07 10:53:29,833 - INFO - Collected batch 723/1008: 50 samples
2025-10-07 10:53:29,833 - INFO - Collected batch 724/1008: 50 samples
2025-10-07 10:53:29,833 - INFO - Collected batch 725/1008: 50 samples
2025-10-07 10:53:29,877 - INFO - Processing batch 726 with 50 files
2025-10-07 10:53:29,877 - INFO - Batch 726 completed: 50 valid samples
2025-10-07 10:53:30,038 - INFO - Processing batch 727 with 50 files
2025-10-07 10:53:30,039 - INFO - Batch 727 completed: 50 valid samples
2025-10-07 10:53:30,100 - INFO - Processing batch 725 with 50 files
2025-10-07 10:53:30,101 - INFO - Batch 725 completed: 50 valid samples
2025-10-07 10:53:30,102 - INFO - Collected batch 726/1008: 50 samples
2025-10-07 10:53:30,102 - INFO - Collected batch 727/1008: 50 samples
2025-10-07 10:53:30,102 - INFO - Collected batch 728/1008: 50 samples
2025-10-07 10:53:30,145 - INFO - Processing batch 729 with 50 files
2025-10-07 10:53:30,146 - INFO - Batch 729 completed: 50 valid samples
2025-10-07 10:53:30,310 - INFO - Processing batch 730 with 50 files
2025-10-07 10:53:30,311 - INFO - Batch 730 completed: 50 valid samples
2025-10-07 10:53:30,352 - INFO - Processing batch 728 with 50 files
2025-10-07 10:53:30,353 - INFO - Batch 728 completed: 50 valid samples
2025-10-07 10:53:30,356 - INFO - Collected batch 729/1008: 50 samples
2025-10-07 10:53:30,357 - INFO - Collected batch 730/1008: 50 samples
2025-10-07 10:53:30,357 - INFO - Collected batch 731/1008: 50 samples
2025-10-07 10:53:30,395 - INFO - Processing batch 732 with 50 files
2025-10-07 10:53:30,395 - INFO - Batch 732 completed: 50 valid samples
2025-10-07 10:53:30,622 - INFO - Processing batch 731 with 50 files
2025-10-07 10:53:30,623 - INFO - Batch 731 completed: 50 valid samples
2025-10-07 10:53:30,624 - INFO - Collected batch 732/1008: 50 samples
2025-10-07 10:53:30,624 - INFO - Collected batch 733/1008: 50 samples
2025-10-07 10:53:30,664 - INFO - Processing batch 734 with 50 files
2025-10-07 10:53:30,665 - INFO - Batch 734 completed: 50 valid samples
2025-10-07 10:53:30,712 - INFO - Processing batch 733 with 50 files
2025-10-07 10:53:30,713 - INFO - Batch 733 completed: 50 valid samples
2025-10-07 10:53:30,714 - INFO - Collected batch 734/1008: 50 samples
2025-10-07 10:53:30,714 - INFO - Collected batch 735/1008: 50 samples
2025-10-07 10:53:30,754 - INFO - Processing batch 736 with 50 files
2025-10-07 10:53:30,755 - INFO - Batch 736 completed: 50 valid samples
2025-10-07 10:53:30,922 - INFO - Processing batch 737 with 50 files
2025-10-07 10:53:30,923 - INFO - Batch 737 completed: 50 valid samples
2025-10-07 10:53:30,981 - INFO - Processing batch 735 with 50 files
2025-10-07 10:53:30,982 - INFO - Batch 735 completed: 50 valid samples
2025-10-07 10:53:30,983 - INFO - Collected batch 736/1008: 50 samples
2025-10-07 10:53:30,983 - INFO - Collected batch 737/1008: 50 samples
2025-10-07 10:53:30,984 - INFO - Collected batch 738/1008: 50 samples
2025-10-07 10:53:31,023 - INFO - Processing batch 739 with 50 files
2025-10-07 10:53:31,024 - INFO - Batch 739 completed: 50 valid samples
2025-10-07 10:53:31,193 - INFO - Processing batch 740 with 50 files
2025-10-07 10:53:31,193 - INFO - Batch 740 completed: 50 valid samples
2025-10-07 10:53:31,228 - INFO - Processing batch 738 with 50 files
2025-10-07 10:53:31,229 - INFO - Batch 738 completed: 50 valid samples
2025-10-07 10:53:31,237 - INFO - Collected batch 739/1008: 50 samples
2025-10-07 10:53:31,238 - INFO - Collected batch 740/1008: 50 samples
2025-10-07 10:53:31,238 - INFO - Collected batch 741/1008: 50 samples
2025-10-07 10:53:31,278 - INFO - Processing batch 742 with 50 files
2025-10-07 10:53:31,279 - INFO - Batch 742 completed: 50 valid samples
2025-10-07 10:53:31,461 - INFO - Processing batch 743 with 50 files
2025-10-07 10:53:31,462 - INFO - Batch 743 completed: 50 valid samples
2025-10-07 10:53:31,545 - INFO - Processing batch 741 with 50 files
2025-10-07 10:53:31,546 - INFO - Batch 741 completed: 50 valid samples
2025-10-07 10:53:31,547 - INFO - Collected batch 742/1008: 50 samples
2025-10-07 10:53:31,547 - INFO - Collected batch 743/1008: 50 samples
2025-10-07 10:53:31,547 - INFO - Collected batch 744/1008: 50 samples
2025-10-07 10:53:31,594 - INFO - Processing batch 745 with 50 files
2025-10-07 10:53:31,595 - INFO - Batch 745 completed: 50 valid samples
2025-10-07 10:53:31,760 - INFO - Processing batch 746 with 50 files
2025-10-07 10:53:31,761 - INFO - Batch 746 completed: 50 valid samples
2025-10-07 10:53:31,791 - INFO - Processing batch 744 with 50 files
2025-10-07 10:53:31,792 - INFO - Batch 744 completed: 50 valid samples
2025-10-07 10:53:31,807 - INFO - Collected batch 745/1008: 50 samples
2025-10-07 10:53:31,808 - INFO - Collected batch 746/1008: 50 samples
2025-10-07 10:53:31,808 - INFO - Collected batch 747/1008: 50 samples
2025-10-07 10:53:31,847 - INFO - Processing batch 748 with 50 files
2025-10-07 10:53:31,848 - INFO - Batch 748 completed: 50 valid samples
2025-10-07 10:53:32,092 - INFO - Processing batch 747 with 50 files
2025-10-07 10:53:32,093 - INFO - Batch 747 completed: 50 valid samples
2025-10-07 10:53:32,094 - INFO - Collected batch 748/1008: 50 samples
2025-10-07 10:53:32,094 - INFO - Collected batch 749/1008: 50 samples
2025-10-07 10:53:32,135 - INFO - Processing batch 750 with 50 files
2025-10-07 10:53:32,135 - INFO - Batch 750 completed: 50 valid samples
2025-10-07 10:53:32,168 - INFO - Processing batch 749 with 50 files
2025-10-07 10:53:32,169 - INFO - Batch 749 completed: 50 valid samples
2025-10-07 10:53:32,182 - INFO - Collected batch 750/1008: 50 samples
2025-10-07 10:53:32,183 - INFO - Collected batch 751/1008: 50 samples
2025-10-07 10:53:32,222 - INFO - Processing batch 752 with 50 files
2025-10-07 10:53:32,223 - INFO - Batch 752 completed: 50 valid samples
2025-10-07 10:53:32,408 - INFO - Processing batch 753 with 50 files
2025-10-07 10:53:32,409 - INFO - Batch 753 completed: 50 valid samples
2025-10-07 10:53:32,485 - INFO - Processing batch 751 with 50 files
2025-10-07 10:53:32,486 - INFO - Batch 751 completed: 50 valid samples
2025-10-07 10:53:32,487 - INFO - Collected batch 752/1008: 50 samples
2025-10-07 10:53:32,487 - INFO - Collected batch 753/1008: 50 samples
2025-10-07 10:53:32,487 - INFO - Collected batch 754/1008: 50 samples
2025-10-07 10:53:32,528 - INFO - Processing batch 755 with 50 files
2025-10-07 10:53:32,528 - INFO - Batch 755 completed: 50 valid samples
2025-10-07 10:53:32,713 - INFO - Processing batch 756 with 50 files
2025-10-07 10:53:32,713 - INFO - Batch 756 completed: 50 valid samples
2025-10-07 10:53:32,748 - INFO - Processing batch 754 with 50 files
2025-10-07 10:53:32,749 - INFO - Batch 754 completed: 50 valid samples
2025-10-07 10:53:32,758 - INFO - Collected batch 755/1008: 50 samples
2025-10-07 10:53:32,759 - INFO - Collected batch 756/1008: 50 samples
2025-10-07 10:53:32,759 - INFO - Collected batch 757/1008: 50 samples
2025-10-07 10:53:32,800 - INFO - Processing batch 758 with 50 files
2025-10-07 10:53:32,800 - INFO - Batch 758 completed: 50 valid samples
2025-10-07 10:53:32,980 - INFO - Processing batch 759 with 50 files
2025-10-07 10:53:32,980 - INFO - Batch 759 completed: 50 valid samples
2025-10-07 10:53:33,059 - INFO - Processing batch 757 with 50 files
2025-10-07 10:53:33,059 - INFO - Batch 757 completed: 50 valid samples
2025-10-07 10:53:33,060 - INFO - Collected batch 758/1008: 50 samples
2025-10-07 10:53:33,060 - INFO - Collected batch 759/1008: 50 samples
2025-10-07 10:53:33,061 - INFO - Collected batch 760/1008: 50 samples
2025-10-07 10:53:33,105 - INFO - Processing batch 761 with 50 files
2025-10-07 10:53:33,105 - INFO - Batch 761 completed: 50 valid samples
2025-10-07 10:53:33,277 - INFO - Processing batch 762 with 50 files
2025-10-07 10:53:33,278 - INFO - Batch 762 completed: 50 valid samples
2025-10-07 10:53:33,312 - INFO - Processing batch 760 with 50 files
2025-10-07 10:53:33,312 - INFO - Batch 760 completed: 50 valid samples
2025-10-07 10:53:33,348 - INFO - Collected batch 761/1008: 50 samples
2025-10-07 10:53:33,349 - INFO - Collected batch 762/1008: 50 samples
2025-10-07 10:53:33,349 - INFO - Collected batch 763/1008: 50 samples
2025-10-07 10:53:33,386 - INFO - Processing batch 764 with 50 files
2025-10-07 10:53:33,387 - INFO - Batch 764 completed: 50 valid samples
2025-10-07 10:53:33,622 - INFO - Processing batch 763 with 50 files
2025-10-07 10:53:33,623 - INFO - Batch 763 completed: 50 valid samples
2025-10-07 10:53:33,624 - INFO - Collected batch 764/1008: 50 samples
2025-10-07 10:53:33,624 - INFO - Collected batch 765/1008: 50 samples
2025-10-07 10:53:33,665 - INFO - Processing batch 766 with 50 files
2025-10-07 10:53:33,666 - INFO - Batch 766 completed: 50 valid samples
2025-10-07 10:53:33,741 - INFO - Processing batch 765 with 50 files
2025-10-07 10:53:33,742 - INFO - Batch 765 completed: 50 valid samples
2025-10-07 10:53:33,743 - INFO - Collected batch 766/1008: 50 samples
2025-10-07 10:53:33,743 - INFO - Collected batch 767/1008: 50 samples
2025-10-07 10:53:33,784 - INFO - Processing batch 768 with 50 files
2025-10-07 10:53:33,785 - INFO - Batch 768 completed: 50 valid samples
2025-10-07 10:53:33,953 - INFO - Processing batch 769 with 50 files
2025-10-07 10:53:33,954 - INFO - Batch 769 completed: 50 valid samples
2025-10-07 10:53:33,985 - INFO - Processing batch 767 with 50 files
2025-10-07 10:53:33,986 - INFO - Batch 767 completed: 50 valid samples
2025-10-07 10:53:33,999 - INFO - Collected batch 768/1008: 50 samples
2025-10-07 10:53:33,999 - INFO - Collected batch 769/1008: 50 samples
2025-10-07 10:53:33,999 - INFO - Collected batch 770/1008: 50 samples
2025-10-07 10:53:34,037 - INFO - Processing batch 771 with 50 files
2025-10-07 10:53:34,037 - INFO - Batch 771 completed: 50 valid samples
2025-10-07 10:53:34,223 - INFO - Processing batch 772 with 50 files
2025-10-07 10:53:34,224 - INFO - Batch 772 completed: 50 valid samples
2025-10-07 10:53:34,303 - INFO - Processing batch 770 with 50 files
2025-10-07 10:53:34,303 - INFO - Batch 770 completed: 50 valid samples
2025-10-07 10:53:34,304 - INFO - Collected batch 771/1008: 50 samples
2025-10-07 10:53:34,305 - INFO - Collected batch 772/1008: 50 samples
2025-10-07 10:53:34,305 - INFO - Collected batch 773/1008: 50 samples
2025-10-07 10:53:34,349 - INFO - Processing batch 774 with 50 files
2025-10-07 10:53:34,350 - INFO - Batch 774 completed: 50 valid samples
2025-10-07 10:53:34,521 - INFO - Processing batch 775 with 50 files
2025-10-07 10:53:34,522 - INFO - Batch 775 completed: 50 valid samples
2025-10-07 10:53:34,554 - INFO - Processing batch 773 with 50 files
2025-10-07 10:53:34,555 - INFO - Batch 773 completed: 50 valid samples
2025-10-07 10:53:34,569 - INFO - Collected batch 774/1008: 50 samples
2025-10-07 10:53:34,569 - INFO - Collected batch 775/1008: 50 samples
2025-10-07 10:53:34,570 - INFO - Collected batch 776/1008: 50 samples
2025-10-07 10:53:34,610 - INFO - Processing batch 777 with 50 files
2025-10-07 10:53:34,611 - INFO - Batch 777 completed: 50 valid samples
2025-10-07 10:53:34,777 - INFO - Processing batch 778 with 50 files
2025-10-07 10:53:34,778 - INFO - Batch 778 completed: 50 valid samples
2025-10-07 10:53:34,841 - INFO - Processing batch 776 with 50 files
2025-10-07 10:53:34,842 - INFO - Batch 776 completed: 50 valid samples
2025-10-07 10:53:34,843 - INFO - Collected batch 777/1008: 50 samples
2025-10-07 10:53:34,843 - INFO - Collected batch 778/1008: 50 samples
2025-10-07 10:53:34,843 - INFO - Collected batch 779/1008: 50 samples
2025-10-07 10:53:34,886 - INFO - Processing batch 780 with 50 files
2025-10-07 10:53:34,887 - INFO - Batch 780 completed: 50 valid samples
2025-10-07 10:53:35,090 - INFO - Processing batch 779 with 50 files
2025-10-07 10:53:35,090 - INFO - Batch 779 completed: 50 valid samples
2025-10-07 10:53:35,091 - INFO - Collected batch 780/1008: 50 samples
2025-10-07 10:53:35,092 - INFO - Collected batch 781/1008: 50 samples
2025-10-07 10:53:35,131 - INFO - Processing batch 782 with 50 files
2025-10-07 10:53:35,132 - INFO - Batch 782 completed: 50 valid samples
2025-10-07 10:53:35,202 - INFO - Processing batch 781 with 50 files
2025-10-07 10:53:35,203 - INFO - Batch 781 completed: 50 valid samples
2025-10-07 10:53:35,204 - INFO - Collected batch 782/1008: 50 samples
2025-10-07 10:53:35,204 - INFO - Collected batch 783/1008: 50 samples
2025-10-07 10:53:35,244 - INFO - Processing batch 784 with 50 files
2025-10-07 10:53:35,245 - INFO - Batch 784 completed: 50 valid samples
2025-10-07 10:53:35,413 - INFO - Processing batch 785 with 50 files
2025-10-07 10:53:35,414 - INFO - Batch 785 completed: 50 valid samples
2025-10-07 10:53:35,451 - INFO - Processing batch 783 with 50 files
2025-10-07 10:53:35,452 - INFO - Batch 783 completed: 50 valid samples
2025-10-07 10:53:35,460 - INFO - Collected batch 784/1008: 50 samples
2025-10-07 10:53:35,460 - INFO - Collected batch 785/1008: 50 samples
2025-10-07 10:53:35,460 - INFO - Collected batch 786/1008: 50 samples
2025-10-07 10:53:35,498 - INFO - Processing batch 787 with 50 files
2025-10-07 10:53:35,499 - INFO - Batch 787 completed: 50 valid samples
2025-10-07 10:53:35,672 - INFO - Processing batch 788 with 50 files
2025-10-07 10:53:35,672 - INFO - Batch 788 completed: 50 valid samples
2025-10-07 10:53:35,743 - INFO - Processing batch 786 with 50 files
2025-10-07 10:53:35,743 - INFO - Batch 786 completed: 50 valid samples
2025-10-07 10:53:35,744 - INFO - Collected batch 787/1008: 50 samples
2025-10-07 10:53:35,745 - INFO - Collected batch 788/1008: 50 samples
2025-10-07 10:53:35,745 - INFO - Collected batch 789/1008: 50 samples
2025-10-07 10:53:35,788 - INFO - Processing batch 790 with 50 files
2025-10-07 10:53:35,789 - INFO - Batch 790 completed: 50 valid samples
2025-10-07 10:53:35,955 - INFO - Processing batch 791 with 50 files
2025-10-07 10:53:35,955 - INFO - Batch 791 completed: 50 valid samples
2025-10-07 10:53:35,985 - INFO - Processing batch 789 with 50 files
2025-10-07 10:53:35,986 - INFO - Batch 789 completed: 50 valid samples
2025-10-07 10:53:36,024 - INFO - Collected batch 790/1008: 50 samples
2025-10-07 10:53:36,025 - INFO - Collected batch 791/1008: 50 samples
2025-10-07 10:53:36,025 - INFO - Collected batch 792/1008: 50 samples
2025-10-07 10:53:36,063 - INFO - Processing batch 793 with 50 files
2025-10-07 10:53:36,063 - INFO - Batch 793 completed: 50 valid samples
2025-10-07 10:53:36,244 - INFO - Processing batch 794 with 50 files
2025-10-07 10:53:36,245 - INFO - Batch 794 completed: 50 valid samples
2025-10-07 10:53:36,303 - INFO - Processing batch 792 with 50 files
2025-10-07 10:53:36,304 - INFO - Batch 792 completed: 50 valid samples
2025-10-07 10:53:36,305 - INFO - Collected batch 793/1008: 50 samples
2025-10-07 10:53:36,305 - INFO - Collected batch 794/1008: 50 samples
2025-10-07 10:53:36,305 - INFO - Collected batch 795/1008: 50 samples
2025-10-07 10:53:36,347 - INFO - Processing batch 796 with 50 files
2025-10-07 10:53:36,348 - INFO - Batch 796 completed: 50 valid samples
2025-10-07 10:53:36,583 - INFO - Processing batch 795 with 50 files
2025-10-07 10:53:36,584 - INFO - Batch 795 completed: 50 valid samples
2025-10-07 10:53:36,585 - INFO - Collected batch 796/1008: 50 samples
2025-10-07 10:53:36,585 - INFO - Collected batch 797/1008: 50 samples
2025-10-07 10:53:36,624 - INFO - Processing batch 798 with 50 files
2025-10-07 10:53:36,625 - INFO - Batch 798 completed: 50 valid samples
2025-10-07 10:53:36,671 - INFO - Processing batch 797 with 50 files
2025-10-07 10:53:36,672 - INFO - Batch 797 completed: 50 valid samples
2025-10-07 10:53:36,686 - INFO - Collected batch 798/1008: 50 samples
2025-10-07 10:53:36,687 - INFO - Collected batch 799/1008: 50 samples
2025-10-07 10:53:36,725 - INFO - Processing batch 800 with 50 files
2025-10-07 10:53:36,726 - INFO - Batch 800 completed: 50 valid samples
2025-10-07 10:53:36,911 - INFO - Processing batch 801 with 50 files
2025-10-07 10:53:36,912 - INFO - Batch 801 completed: 50 valid samples
2025-10-07 10:53:36,990 - INFO - Processing batch 799 with 50 files
2025-10-07 10:53:36,991 - INFO - Batch 799 completed: 50 valid samples
2025-10-07 10:53:36,992 - INFO - Collected batch 800/1008: 50 samples
2025-10-07 10:53:36,992 - INFO - Collected batch 801/1008: 50 samples
2025-10-07 10:53:36,992 - INFO - Collected batch 802/1008: 50 samples
2025-10-07 10:53:37,032 - INFO - Processing batch 803 with 50 files
2025-10-07 10:53:37,033 - INFO - Batch 803 completed: 50 valid samples
2025-10-07 10:53:37,200 - INFO - Processing batch 804 with 50 files
2025-10-07 10:53:37,201 - INFO - Batch 804 completed: 50 valid samples
2025-10-07 10:53:37,245 - INFO - Processing batch 802 with 50 files
2025-10-07 10:53:37,246 - INFO - Batch 802 completed: 50 valid samples
2025-10-07 10:53:37,247 - INFO - Collected batch 803/1008: 50 samples
2025-10-07 10:53:37,247 - INFO - Collected batch 804/1008: 50 samples
2025-10-07 10:53:37,247 - INFO - Collected batch 805/1008: 50 samples
2025-10-07 10:53:37,291 - INFO - Processing batch 806 with 50 files
2025-10-07 10:53:37,292 - INFO - Batch 806 completed: 50 valid samples
2025-10-07 10:53:37,456 - INFO - Processing batch 807 with 50 files
2025-10-07 10:53:37,457 - INFO - Batch 807 completed: 50 valid samples
2025-10-07 10:53:37,523 - INFO - Processing batch 805 with 50 files
2025-10-07 10:53:37,523 - INFO - Batch 805 completed: 50 valid samples
2025-10-07 10:53:37,524 - INFO - Collected batch 806/1008: 50 samples
2025-10-07 10:53:37,525 - INFO - Collected batch 807/1008: 50 samples
2025-10-07 10:53:37,525 - INFO - Collected batch 808/1008: 50 samples
2025-10-07 10:53:37,568 - INFO - Processing batch 809 with 50 files
2025-10-07 10:53:37,568 - INFO - Batch 809 completed: 50 valid samples
2025-10-07 10:53:37,742 - INFO - Processing batch 810 with 50 files
2025-10-07 10:53:37,743 - INFO - Batch 810 completed: 50 valid samples
2025-10-07 10:53:37,776 - INFO - Processing batch 808 with 50 files
2025-10-07 10:53:37,777 - INFO - Batch 808 completed: 50 valid samples
2025-10-07 10:53:37,811 - INFO - Collected batch 809/1008: 50 samples
2025-10-07 10:53:37,812 - INFO - Collected batch 810/1008: 50 samples
2025-10-07 10:53:37,812 - INFO - Collected batch 811/1008: 50 samples
2025-10-07 10:53:37,850 - INFO - Processing batch 812 with 50 files
2025-10-07 10:53:37,851 - INFO - Batch 812 completed: 50 valid samples
2025-10-07 10:53:38,052 - INFO - Processing batch 811 with 50 files
2025-10-07 10:53:38,053 - INFO - Batch 811 completed: 50 valid samples
2025-10-07 10:53:38,054 - INFO - Collected batch 812/1008: 50 samples
2025-10-07 10:53:38,054 - INFO - Collected batch 813/1008: 50 samples
2025-10-07 10:53:38,094 - INFO - Processing batch 814 with 50 files
2025-10-07 10:53:38,095 - INFO - Batch 814 completed: 50 valid samples
2025-10-07 10:53:38,168 - INFO - Processing batch 813 with 50 files
2025-10-07 10:53:38,169 - INFO - Batch 813 completed: 50 valid samples
2025-10-07 10:53:38,170 - INFO - Collected batch 814/1008: 50 samples
2025-10-07 10:53:38,170 - INFO - Collected batch 815/1008: 50 samples
2025-10-07 10:53:38,209 - INFO - Processing batch 816 with 50 files
2025-10-07 10:53:38,210 - INFO - Batch 816 completed: 50 valid samples
2025-10-07 10:53:38,381 - INFO - Processing batch 817 with 50 files
2025-10-07 10:53:38,382 - INFO - Batch 817 completed: 50 valid samples
2025-10-07 10:53:38,413 - INFO - Processing batch 815 with 50 files
2025-10-07 10:53:38,414 - INFO - Batch 815 completed: 50 valid samples
2025-10-07 10:53:38,427 - INFO - Collected batch 816/1008: 50 samples
2025-10-07 10:53:38,427 - INFO - Collected batch 817/1008: 50 samples
2025-10-07 10:53:38,427 - INFO - Collected batch 818/1008: 50 samples
2025-10-07 10:53:38,465 - INFO - Processing batch 819 with 50 files
2025-10-07 10:53:38,466 - INFO - Batch 819 completed: 50 valid samples
2025-10-07 10:53:38,652 - INFO - Processing batch 820 with 50 files
2025-10-07 10:53:38,653 - INFO - Batch 820 completed: 50 valid samples
2025-10-07 10:53:38,727 - INFO - Processing batch 818 with 50 files
2025-10-07 10:53:38,728 - INFO - Batch 818 completed: 50 valid samples
2025-10-07 10:53:38,728 - INFO - Collected batch 819/1008: 50 samples
2025-10-07 10:53:38,729 - INFO - Collected batch 820/1008: 50 samples
2025-10-07 10:53:38,729 - INFO - Collected batch 821/1008: 50 samples
2025-10-07 10:53:38,770 - INFO - Processing batch 822 with 50 files
2025-10-07 10:53:38,771 - INFO - Batch 822 completed: 50 valid samples
2025-10-07 10:53:38,947 - INFO - Processing batch 823 with 50 files
2025-10-07 10:53:38,948 - INFO - Batch 823 completed: 50 valid samples
2025-10-07 10:53:38,975 - INFO - Processing batch 821 with 50 files
2025-10-07 10:53:38,976 - INFO - Batch 821 completed: 50 valid samples
2025-10-07 10:53:38,995 - INFO - Collected batch 822/1008: 50 samples
2025-10-07 10:53:38,995 - INFO - Collected batch 823/1008: 50 samples
2025-10-07 10:53:38,995 - INFO - Collected batch 824/1008: 50 samples
2025-10-07 10:53:39,034 - INFO - Processing batch 825 with 50 files
2025-10-07 10:53:39,035 - INFO - Batch 825 completed: 50 valid samples
2025-10-07 10:53:39,217 - INFO - Processing batch 826 with 50 files
2025-10-07 10:53:39,218 - INFO - Batch 826 completed: 50 valid samples
2025-10-07 10:53:39,286 - INFO - Processing batch 824 with 50 files
2025-10-07 10:53:39,287 - INFO - Batch 824 completed: 50 valid samples
2025-10-07 10:53:39,287 - INFO - Collected batch 825/1008: 50 samples
2025-10-07 10:53:39,288 - INFO - Collected batch 826/1008: 50 samples
2025-10-07 10:53:39,288 - INFO - Collected batch 827/1008: 50 samples
2025-10-07 10:53:39,328 - INFO - Processing batch 828 with 50 files
2025-10-07 10:53:39,328 - INFO - Batch 828 completed: 50 valid samples
2025-10-07 10:53:39,538 - INFO - Processing batch 827 with 50 files
2025-10-07 10:53:39,539 - INFO - Batch 827 completed: 50 valid samples
2025-10-07 10:53:39,540 - INFO - Collected batch 828/1008: 50 samples
2025-10-07 10:53:39,540 - INFO - Collected batch 829/1008: 50 samples
2025-10-07 10:53:39,580 - INFO - Processing batch 830 with 50 files
2025-10-07 10:53:39,581 - INFO - Batch 830 completed: 50 valid samples
2025-10-07 10:53:39,658 - INFO - Processing batch 829 with 50 files
2025-10-07 10:53:39,658 - INFO - Batch 829 completed: 50 valid samples
2025-10-07 10:53:39,659 - INFO - Collected batch 830/1008: 50 samples
2025-10-07 10:53:39,659 - INFO - Collected batch 831/1008: 50 samples
2025-10-07 10:53:39,700 - INFO - Processing batch 832 with 50 files
2025-10-07 10:53:39,701 - INFO - Batch 832 completed: 50 valid samples
2025-10-07 10:53:39,870 - INFO - Processing batch 833 with 50 files
2025-10-07 10:53:39,870 - INFO - Batch 833 completed: 50 valid samples
2025-10-07 10:53:39,901 - INFO - Processing batch 831 with 50 files
2025-10-07 10:53:39,902 - INFO - Batch 831 completed: 50 valid samples
2025-10-07 10:53:39,931 - INFO - Collected batch 832/1008: 50 samples
2025-10-07 10:53:39,931 - INFO - Collected batch 833/1008: 50 samples
2025-10-07 10:53:39,931 - INFO - Collected batch 834/1008: 50 samples
2025-10-07 10:53:39,968 - INFO - Processing batch 835 with 50 files
2025-10-07 10:53:39,969 - INFO - Batch 835 completed: 50 valid samples
2025-10-07 10:53:40,155 - INFO - Processing batch 836 with 50 files
2025-10-07 10:53:40,156 - INFO - Batch 836 completed: 50 valid samples
2025-10-07 10:53:40,218 - INFO - Processing batch 834 with 50 files
2025-10-07 10:53:40,219 - INFO - Batch 834 completed: 50 valid samples
2025-10-07 10:53:40,220 - INFO - Collected batch 835/1008: 50 samples
2025-10-07 10:53:40,220 - INFO - Collected batch 836/1008: 50 samples
2025-10-07 10:53:40,220 - INFO - Collected batch 837/1008: 50 samples
2025-10-07 10:53:40,265 - INFO - Processing batch 838 with 50 files
2025-10-07 10:53:40,266 - INFO - Batch 838 completed: 50 valid samples
2025-10-07 10:53:40,430 - INFO - Processing batch 839 with 50 files
2025-10-07 10:53:40,431 - INFO - Batch 839 completed: 50 valid samples
2025-10-07 10:53:40,487 - INFO - Processing batch 837 with 50 files
2025-10-07 10:53:40,488 - INFO - Batch 837 completed: 50 valid samples
2025-10-07 10:53:40,492 - INFO - Collected batch 838/1008: 50 samples
2025-10-07 10:53:40,492 - INFO - Collected batch 839/1008: 50 samples
2025-10-07 10:53:40,492 - INFO - Collected batch 840/1008: 50 samples
2025-10-07 10:53:40,532 - INFO - Processing batch 841 with 50 files
2025-10-07 10:53:40,532 - INFO - Batch 841 completed: 50 valid samples
2025-10-07 10:53:40,702 - INFO - Processing batch 842 with 50 files
2025-10-07 10:53:40,702 - INFO - Batch 842 completed: 50 valid samples
2025-10-07 10:53:40,743 - INFO - Processing batch 840 with 50 files
2025-10-07 10:53:40,743 - INFO - Batch 840 completed: 50 valid samples
2025-10-07 10:53:40,771 - INFO - Collected batch 841/1008: 50 samples
2025-10-07 10:53:40,772 - INFO - Collected batch 842/1008: 50 samples
2025-10-07 10:53:40,772 - INFO - Collected batch 843/1008: 50 samples
2025-10-07 10:53:40,811 - INFO - Processing batch 844 with 50 files
2025-10-07 10:53:40,811 - INFO - Batch 844 completed: 50 valid samples
2025-10-07 10:53:41,040 - INFO - Processing batch 843 with 50 files
2025-10-07 10:53:41,041 - INFO - Batch 843 completed: 50 valid samples
2025-10-07 10:53:41,042 - INFO - Collected batch 844/1008: 50 samples
2025-10-07 10:53:41,042 - INFO - Collected batch 845/1008: 50 samples
2025-10-07 10:53:41,081 - INFO - Processing batch 846 with 50 files
2025-10-07 10:53:41,082 - INFO - Batch 846 completed: 50 valid samples
2025-10-07 10:53:41,147 - INFO - Processing batch 845 with 50 files
2025-10-07 10:53:41,147 - INFO - Batch 845 completed: 50 valid samples
2025-10-07 10:53:41,149 - INFO - Collected batch 846/1008: 50 samples
2025-10-07 10:53:41,150 - INFO - Collected batch 847/1008: 50 samples
2025-10-07 10:53:41,189 - INFO - Processing batch 848 with 50 files
2025-10-07 10:53:41,189 - INFO - Batch 848 completed: 50 valid samples
2025-10-07 10:53:41,359 - INFO - Processing batch 849 with 50 files
2025-10-07 10:53:41,359 - INFO - Batch 849 completed: 50 valid samples
2025-10-07 10:53:41,420 - INFO - Processing batch 847 with 50 files
2025-10-07 10:53:41,421 - INFO - Batch 847 completed: 50 valid samples
2025-10-07 10:53:41,427 - INFO - Collected batch 848/1008: 50 samples
2025-10-07 10:53:41,427 - INFO - Collected batch 849/1008: 50 samples
2025-10-07 10:53:41,428 - INFO - Collected batch 850/1008: 50 samples
2025-10-07 10:53:41,466 - INFO - Processing batch 851 with 50 files
2025-10-07 10:53:41,467 - INFO - Batch 851 completed: 50 valid samples
2025-10-07 10:53:41,655 - INFO - Processing batch 852 with 50 files
2025-10-07 10:53:41,656 - INFO - Batch 852 completed: 50 valid samples
2025-10-07 10:53:41,710 - INFO - Processing batch 850 with 50 files
2025-10-07 10:53:41,711 - INFO - Batch 850 completed: 50 valid samples
2025-10-07 10:53:41,712 - INFO - Collected batch 851/1008: 50 samples
2025-10-07 10:53:41,712 - INFO - Collected batch 852/1008: 50 samples
2025-10-07 10:53:41,713 - INFO - Collected batch 853/1008: 50 samples
2025-10-07 10:53:41,758 - INFO - Processing batch 854 with 50 files
2025-10-07 10:53:41,759 - INFO - Batch 854 completed: 50 valid samples
2025-10-07 10:53:41,940 - INFO - Processing batch 855 with 50 files
2025-10-07 10:53:41,940 - INFO - Batch 855 completed: 50 valid samples
2025-10-07 10:53:41,992 - INFO - Processing batch 853 with 50 files
2025-10-07 10:53:41,993 - INFO - Batch 853 completed: 50 valid samples
2025-10-07 10:53:41,994 - INFO - Collected batch 854/1008: 50 samples
2025-10-07 10:53:41,994 - INFO - Collected batch 855/1008: 50 samples
2025-10-07 10:53:41,994 - INFO - Collected batch 856/1008: 50 samples
2025-10-07 10:53:42,036 - INFO - Processing batch 857 with 50 files
2025-10-07 10:53:42,036 - INFO - Batch 857 completed: 50 valid samples
2025-10-07 10:53:42,198 - INFO - Processing batch 858 with 50 files
2025-10-07 10:53:42,199 - INFO - Batch 858 completed: 50 valid samples
2025-10-07 10:53:42,256 - INFO - Processing batch 856 with 50 files
2025-10-07 10:53:42,257 - INFO - Batch 856 completed: 50 valid samples
2025-10-07 10:53:42,258 - INFO - Collected batch 857/1008: 50 samples
2025-10-07 10:53:42,258 - INFO - Collected batch 858/1008: 50 samples
2025-10-07 10:53:42,258 - INFO - Collected batch 859/1008: 50 samples
2025-10-07 10:53:42,302 - INFO - Processing batch 860 with 50 files
2025-10-07 10:53:42,303 - INFO - Batch 860 completed: 50 valid samples
2025-10-07 10:53:42,512 - INFO - Processing batch 859 with 50 files
2025-10-07 10:53:42,513 - INFO - Batch 859 completed: 50 valid samples
2025-10-07 10:53:42,514 - INFO - Collected batch 860/1008: 50 samples
2025-10-07 10:53:42,514 - INFO - Collected batch 861/1008: 50 samples
2025-10-07 10:53:42,554 - INFO - Processing batch 862 with 50 files
2025-10-07 10:53:42,555 - INFO - Batch 862 completed: 50 valid samples
2025-10-07 10:53:42,615 - INFO - Processing batch 861 with 50 files
2025-10-07 10:53:42,616 - INFO - Batch 861 completed: 50 valid samples
2025-10-07 10:53:42,617 - INFO - Collected batch 862/1008: 50 samples
2025-10-07 10:53:42,617 - INFO - Collected batch 863/1008: 50 samples
2025-10-07 10:53:42,658 - INFO - Processing batch 864 with 50 files
2025-10-07 10:53:42,658 - INFO - Batch 864 completed: 50 valid samples
2025-10-07 10:53:42,826 - INFO - Processing batch 865 with 50 files
2025-10-07 10:53:42,827 - INFO - Batch 865 completed: 50 valid samples
2025-10-07 10:53:42,873 - INFO - Processing batch 863 with 50 files
2025-10-07 10:53:42,874 - INFO - Batch 863 completed: 50 valid samples
2025-10-07 10:53:42,889 - INFO - Collected batch 864/1008: 50 samples
2025-10-07 10:53:42,889 - INFO - Collected batch 865/1008: 50 samples
2025-10-07 10:53:42,889 - INFO - Collected batch 866/1008: 50 samples
2025-10-07 10:53:42,928 - INFO - Processing batch 867 with 50 files
2025-10-07 10:53:42,929 - INFO - Batch 867 completed: 50 valid samples
2025-10-07 10:53:43,115 - INFO - Processing batch 868 with 50 files
2025-10-07 10:53:43,115 - INFO - Batch 868 completed: 50 valid samples
2025-10-07 10:53:43,174 - INFO - Processing batch 866 with 50 files
2025-10-07 10:53:43,175 - INFO - Batch 866 completed: 50 valid samples
2025-10-07 10:53:43,176 - INFO - Collected batch 867/1008: 50 samples
2025-10-07 10:53:43,176 - INFO - Collected batch 868/1008: 50 samples
2025-10-07 10:53:43,177 - INFO - Collected batch 869/1008: 50 samples
2025-10-07 10:53:43,221 - INFO - Processing batch 870 with 50 files
2025-10-07 10:53:43,222 - INFO - Batch 870 completed: 50 valid samples
2025-10-07 10:53:43,403 - INFO - Processing batch 871 with 50 files
2025-10-07 10:53:43,404 - INFO - Batch 871 completed: 50 valid samples
2025-10-07 10:53:43,462 - INFO - Processing batch 869 with 50 files
2025-10-07 10:53:43,463 - INFO - Batch 869 completed: 50 valid samples
2025-10-07 10:53:43,464 - INFO - Collected batch 870/1008: 50 samples
2025-10-07 10:53:43,464 - INFO - Collected batch 871/1008: 50 samples
2025-10-07 10:53:43,464 - INFO - Collected batch 872/1008: 50 samples
2025-10-07 10:53:43,508 - INFO - Processing batch 873 with 50 files
2025-10-07 10:53:43,508 - INFO - Batch 873 completed: 50 valid samples
2025-10-07 10:53:43,675 - INFO - Processing batch 874 with 50 files
2025-10-07 10:53:43,676 - INFO - Batch 874 completed: 50 valid samples
2025-10-07 10:53:43,724 - INFO - Processing batch 872 with 50 files
2025-10-07 10:53:43,724 - INFO - Batch 872 completed: 50 valid samples
2025-10-07 10:53:43,725 - INFO - Collected batch 873/1008: 50 samples
2025-10-07 10:53:43,726 - INFO - Collected batch 874/1008: 50 samples
2025-10-07 10:53:43,726 - INFO - Collected batch 875/1008: 50 samples
2025-10-07 10:53:43,765 - INFO - Processing batch 876 with 50 files
2025-10-07 10:53:43,766 - INFO - Batch 876 completed: 50 valid samples
2025-10-07 10:53:43,991 - INFO - Processing batch 875 with 50 files
2025-10-07 10:53:43,992 - INFO - Batch 875 completed: 50 valid samples
2025-10-07 10:53:43,993 - INFO - Collected batch 876/1008: 50 samples
2025-10-07 10:53:43,993 - INFO - Collected batch 877/1008: 50 samples
2025-10-07 10:53:44,032 - INFO - Processing batch 878 with 50 files
2025-10-07 10:53:44,033 - INFO - Batch 878 completed: 50 valid samples
2025-10-07 10:53:44,079 - INFO - Processing batch 877 with 50 files
2025-10-07 10:53:44,080 - INFO - Batch 877 completed: 50 valid samples
2025-10-07 10:53:44,081 - INFO - Collected batch 878/1008: 50 samples
2025-10-07 10:53:44,081 - INFO - Collected batch 879/1008: 50 samples
2025-10-07 10:53:44,121 - INFO - Processing batch 880 with 50 files
2025-10-07 10:53:44,122 - INFO - Batch 880 completed: 50 valid samples
2025-10-07 10:53:44,289 - INFO - Processing batch 881 with 50 files
2025-10-07 10:53:44,290 - INFO - Batch 881 completed: 50 valid samples
2025-10-07 10:53:44,350 - INFO - Processing batch 879 with 50 files
2025-10-07 10:53:44,350 - INFO - Batch 879 completed: 50 valid samples
2025-10-07 10:53:44,352 - INFO - Collected batch 880/1008: 50 samples
2025-10-07 10:53:44,352 - INFO - Collected batch 881/1008: 50 samples
2025-10-07 10:53:44,352 - INFO - Collected batch 882/1008: 50 samples
2025-10-07 10:53:44,391 - INFO - Processing batch 883 with 50 files
2025-10-07 10:53:44,391 - INFO - Batch 883 completed: 50 valid samples
2025-10-07 10:53:44,561 - INFO - Processing batch 884 with 50 files
2025-10-07 10:53:44,562 - INFO - Batch 884 completed: 50 valid samples
2025-10-07 10:53:44,602 - INFO - Processing batch 882 with 50 files
2025-10-07 10:53:44,603 - INFO - Batch 882 completed: 50 valid samples
2025-10-07 10:53:44,607 - INFO - Collected batch 883/1008: 50 samples
2025-10-07 10:53:44,608 - INFO - Collected batch 884/1008: 50 samples
2025-10-07 10:53:44,608 - INFO - Collected batch 885/1008: 50 samples
2025-10-07 10:53:44,648 - INFO - Processing batch 886 with 50 files
2025-10-07 10:53:44,648 - INFO - Batch 886 completed: 50 valid samples
2025-10-07 10:53:44,813 - INFO - Processing batch 887 with 50 files
2025-10-07 10:53:44,814 - INFO - Batch 887 completed: 50 valid samples
2025-10-07 10:53:44,874 - INFO - Processing batch 885 with 50 files
2025-10-07 10:53:44,874 - INFO - Batch 885 completed: 50 valid samples
2025-10-07 10:53:44,898 - INFO - Collected batch 886/1008: 50 samples
2025-10-07 10:53:44,899 - INFO - Collected batch 887/1008: 50 samples
2025-10-07 10:53:44,899 - INFO - Collected batch 888/1008: 50 samples
2025-10-07 10:53:44,939 - INFO - Processing batch 889 with 50 files
2025-10-07 10:53:44,940 - INFO - Batch 889 completed: 50 valid samples
2025-10-07 10:53:45,120 - INFO - Processing batch 890 with 50 files
2025-10-07 10:53:45,121 - INFO - Batch 890 completed: 50 valid samples
2025-10-07 10:53:45,168 - INFO - Processing batch 888 with 50 files
2025-10-07 10:53:45,168 - INFO - Batch 888 completed: 50 valid samples
2025-10-07 10:53:45,192 - INFO - Collected batch 889/1008: 50 samples
2025-10-07 10:53:45,192 - INFO - Collected batch 890/1008: 50 samples
2025-10-07 10:53:45,192 - INFO - Collected batch 891/1008: 50 samples
2025-10-07 10:53:45,229 - INFO - Processing batch 892 with 50 files
2025-10-07 10:53:45,229 - INFO - Batch 892 completed: 50 valid samples
2025-10-07 10:53:45,447 - INFO - Processing batch 891 with 50 files
2025-10-07 10:53:45,448 - INFO - Batch 891 completed: 50 valid samples
2025-10-07 10:53:45,449 - INFO - Collected batch 892/1008: 50 samples
2025-10-07 10:53:45,449 - INFO - Collected batch 893/1008: 50 samples
2025-10-07 10:53:45,489 - INFO - Processing batch 894 with 50 files
2025-10-07 10:53:45,489 - INFO - Batch 894 completed: 50 valid samples
2025-10-07 10:53:45,543 - INFO - Processing batch 893 with 50 files
2025-10-07 10:53:45,544 - INFO - Batch 893 completed: 50 valid samples
2025-10-07 10:53:45,545 - INFO - Collected batch 894/1008: 50 samples
2025-10-07 10:53:45,545 - INFO - Collected batch 895/1008: 50 samples
2025-10-07 10:53:45,585 - INFO - Processing batch 896 with 50 files
2025-10-07 10:53:45,586 - INFO - Batch 896 completed: 50 valid samples
2025-10-07 10:53:45,753 - INFO - Processing batch 897 with 50 files
2025-10-07 10:53:45,754 - INFO - Batch 897 completed: 50 valid samples
2025-10-07 10:53:45,809 - INFO - Processing batch 895 with 50 files
2025-10-07 10:53:45,809 - INFO - Batch 895 completed: 50 valid samples
2025-10-07 10:53:45,815 - INFO - Collected batch 896/1008: 50 samples
2025-10-07 10:53:45,816 - INFO - Collected batch 897/1008: 50 samples
2025-10-07 10:53:45,816 - INFO - Collected batch 898/1008: 50 samples
2025-10-07 10:53:45,850 - INFO - Processing batch 899 with 50 files
2025-10-07 10:53:45,851 - INFO - Batch 899 completed: 50 valid samples
2025-10-07 10:53:46,021 - INFO - Processing batch 900 with 50 files
2025-10-07 10:53:46,022 - INFO - Batch 900 completed: 50 valid samples
2025-10-07 10:53:46,060 - INFO - Processing batch 898 with 50 files
2025-10-07 10:53:46,061 - INFO - Batch 898 completed: 50 valid samples
2025-10-07 10:53:46,083 - INFO - Collected batch 899/1008: 50 samples
2025-10-07 10:53:46,084 - INFO - Collected batch 900/1008: 50 samples
2025-10-07 10:53:46,084 - INFO - Collected batch 901/1008: 50 samples
2025-10-07 10:53:46,124 - INFO - Processing batch 902 with 50 files
2025-10-07 10:53:46,125 - INFO - Batch 902 completed: 50 valid samples
2025-10-07 10:53:46,307 - INFO - Processing batch 903 with 50 files
2025-10-07 10:53:46,308 - INFO - Batch 903 completed: 50 valid samples
2025-10-07 10:53:46,371 - INFO - Processing batch 901 with 50 files
2025-10-07 10:53:46,372 - INFO - Batch 901 completed: 50 valid samples
2025-10-07 10:53:46,373 - INFO - Collected batch 902/1008: 50 samples
2025-10-07 10:53:46,373 - INFO - Collected batch 903/1008: 50 samples
2025-10-07 10:53:46,373 - INFO - Collected batch 904/1008: 50 samples
2025-10-07 10:53:46,418 - INFO - Processing batch 905 with 50 files
2025-10-07 10:53:46,419 - INFO - Batch 905 completed: 50 valid samples
2025-10-07 10:53:46,589 - INFO - Processing batch 906 with 50 files
2025-10-07 10:53:46,590 - INFO - Batch 906 completed: 50 valid samples
2025-10-07 10:53:46,644 - INFO - Processing batch 904 with 50 files
2025-10-07 10:53:46,645 - INFO - Batch 904 completed: 50 valid samples
2025-10-07 10:53:46,659 - INFO - Collected batch 905/1008: 50 samples
2025-10-07 10:53:46,659 - INFO - Collected batch 906/1008: 50 samples
2025-10-07 10:53:46,659 - INFO - Collected batch 907/1008: 50 samples
2025-10-07 10:53:46,698 - INFO - Processing batch 908 with 50 files
2025-10-07 10:53:46,699 - INFO - Batch 908 completed: 50 valid samples
2025-10-07 10:53:46,901 - INFO - Processing batch 907 with 50 files
2025-10-07 10:53:46,902 - INFO - Batch 907 completed: 50 valid samples
2025-10-07 10:53:46,902 - INFO - Collected batch 908/1008: 50 samples
2025-10-07 10:53:46,903 - INFO - Collected batch 909/1008: 50 samples
2025-10-07 10:53:46,942 - INFO - Processing batch 910 with 50 files
2025-10-07 10:53:46,943 - INFO - Batch 910 completed: 50 valid samples
2025-10-07 10:53:47,017 - INFO - Processing batch 909 with 50 files
2025-10-07 10:53:47,018 - INFO - Batch 909 completed: 50 valid samples
2025-10-07 10:53:47,019 - INFO - Collected batch 910/1008: 50 samples
2025-10-07 10:53:47,019 - INFO - Collected batch 911/1008: 50 samples
2025-10-07 10:53:47,059 - INFO - Processing batch 912 with 50 files
2025-10-07 10:53:47,060 - INFO - Batch 912 completed: 50 valid samples
2025-10-07 10:53:47,231 - INFO - Processing batch 913 with 50 files
2025-10-07 10:53:47,232 - INFO - Batch 913 completed: 50 valid samples
2025-10-07 10:53:47,263 - INFO - Processing batch 911 with 50 files
2025-10-07 10:53:47,264 - INFO - Batch 911 completed: 50 valid samples
2025-10-07 10:53:47,276 - INFO - Collected batch 912/1008: 50 samples
2025-10-07 10:53:47,276 - INFO - Collected batch 913/1008: 50 samples
2025-10-07 10:53:47,276 - INFO - Collected batch 914/1008: 50 samples
2025-10-07 10:53:47,315 - INFO - Processing batch 915 with 50 files
2025-10-07 10:53:47,316 - INFO - Batch 915 completed: 50 valid samples
2025-10-07 10:53:47,504 - INFO - Processing batch 916 with 50 files
2025-10-07 10:53:47,505 - INFO - Batch 916 completed: 50 valid samples
2025-10-07 10:53:47,583 - INFO - Processing batch 914 with 50 files
2025-10-07 10:53:47,584 - INFO - Batch 914 completed: 50 valid samples
2025-10-07 10:53:47,585 - INFO - Collected batch 915/1008: 50 samples
2025-10-07 10:53:47,585 - INFO - Collected batch 916/1008: 50 samples
2025-10-07 10:53:47,586 - INFO - Collected batch 917/1008: 50 samples
2025-10-07 10:53:47,630 - INFO - Processing batch 918 with 50 files
2025-10-07 10:53:47,631 - INFO - Batch 918 completed: 50 valid samples
2025-10-07 10:53:47,799 - INFO - Processing batch 919 with 50 files
2025-10-07 10:53:47,800 - INFO - Batch 919 completed: 50 valid samples
2025-10-07 10:53:47,832 - INFO - Processing batch 917 with 50 files
2025-10-07 10:53:47,832 - INFO - Batch 917 completed: 50 valid samples
2025-10-07 10:53:47,847 - INFO - Collected batch 918/1008: 50 samples
2025-10-07 10:53:47,848 - INFO - Collected batch 919/1008: 50 samples
2025-10-07 10:53:47,848 - INFO - Collected batch 920/1008: 50 samples
2025-10-07 10:53:47,889 - INFO - Processing batch 921 with 50 files
2025-10-07 10:53:47,889 - INFO - Batch 921 completed: 50 valid samples
2025-10-07 10:53:48,074 - INFO - Processing batch 922 with 50 files
2025-10-07 10:53:48,074 - INFO - Batch 922 completed: 50 valid samples
2025-10-07 10:53:48,150 - INFO - Processing batch 920 with 50 files
2025-10-07 10:53:48,151 - INFO - Batch 920 completed: 50 valid samples
2025-10-07 10:53:48,152 - INFO - Collected batch 921/1008: 50 samples
2025-10-07 10:53:48,153 - INFO - Collected batch 922/1008: 50 samples
2025-10-07 10:53:48,153 - INFO - Collected batch 923/1008: 50 samples
2025-10-07 10:53:48,194 - INFO - Processing batch 924 with 50 files
2025-10-07 10:53:48,194 - INFO - Batch 924 completed: 50 valid samples
2025-10-07 10:53:48,414 - INFO - Processing batch 923 with 50 files
2025-10-07 10:53:48,415 - INFO - Batch 923 completed: 50 valid samples
2025-10-07 10:53:48,416 - INFO - Collected batch 924/1008: 50 samples
2025-10-07 10:53:48,416 - INFO - Collected batch 925/1008: 50 samples
2025-10-07 10:53:48,460 - INFO - Processing batch 926 with 50 files
2025-10-07 10:53:48,460 - INFO - Batch 926 completed: 50 valid samples
2025-10-07 10:53:48,513 - INFO - Processing batch 925 with 50 files
2025-10-07 10:53:48,514 - INFO - Batch 925 completed: 50 valid samples
2025-10-07 10:53:48,518 - INFO - Collected batch 926/1008: 50 samples
2025-10-07 10:53:48,518 - INFO - Collected batch 927/1008: 50 samples
2025-10-07 10:53:48,555 - INFO - Processing batch 928 with 50 files
2025-10-07 10:53:48,556 - INFO - Batch 928 completed: 50 valid samples
2025-10-07 10:53:48,726 - INFO - Processing batch 929 with 50 files
2025-10-07 10:53:48,727 - INFO - Batch 929 completed: 50 valid samples
2025-10-07 10:53:48,792 - INFO - Processing batch 927 with 50 files
2025-10-07 10:53:48,793 - INFO - Batch 927 completed: 50 valid samples
2025-10-07 10:53:48,794 - INFO - Collected batch 928/1008: 50 samples
2025-10-07 10:53:48,794 - INFO - Collected batch 929/1008: 50 samples
2025-10-07 10:53:48,794 - INFO - Collected batch 930/1008: 50 samples
2025-10-07 10:53:48,833 - INFO - Processing batch 931 with 50 files
2025-10-07 10:53:48,834 - INFO - Batch 931 completed: 50 valid samples
2025-10-07 10:53:49,003 - INFO - Processing batch 932 with 50 files
2025-10-07 10:53:49,003 - INFO - Batch 932 completed: 50 valid samples
2025-10-07 10:53:49,040 - INFO - Processing batch 930 with 50 files
2025-10-07 10:53:49,041 - INFO - Batch 930 completed: 50 valid samples
2025-10-07 10:53:49,069 - INFO - Collected batch 931/1008: 50 samples
2025-10-07 10:53:49,069 - INFO - Collected batch 932/1008: 50 samples
2025-10-07 10:53:49,069 - INFO - Collected batch 933/1008: 50 samples
2025-10-07 10:53:49,109 - INFO - Processing batch 934 with 50 files
2025-10-07 10:53:49,110 - INFO - Batch 934 completed: 50 valid samples
2025-10-07 10:53:49,291 - INFO - Processing batch 935 with 50 files
2025-10-07 10:53:49,291 - INFO - Batch 935 completed: 50 valid samples
2025-10-07 10:53:49,349 - INFO - Processing batch 933 with 50 files
2025-10-07 10:53:49,350 - INFO - Batch 933 completed: 50 valid samples
2025-10-07 10:53:49,362 - INFO - Collected batch 934/1008: 50 samples
2025-10-07 10:53:49,362 - INFO - Collected batch 935/1008: 50 samples
2025-10-07 10:53:49,362 - INFO - Collected batch 936/1008: 50 samples
2025-10-07 10:53:49,400 - INFO - Processing batch 937 with 50 files
2025-10-07 10:53:49,401 - INFO - Batch 937 completed: 50 valid samples
2025-10-07 10:53:49,581 - INFO - Processing batch 938 with 50 files
2025-10-07 10:53:49,581 - INFO - Batch 938 completed: 50 valid samples
2025-10-07 10:53:49,636 - INFO - Processing batch 936 with 50 files
2025-10-07 10:53:49,636 - INFO - Batch 936 completed: 50 valid samples
2025-10-07 10:53:49,653 - INFO - Collected batch 937/1008: 50 samples
2025-10-07 10:53:49,653 - INFO - Collected batch 938/1008: 50 samples
2025-10-07 10:53:49,653 - INFO - Collected batch 939/1008: 50 samples
2025-10-07 10:53:49,692 - INFO - Processing batch 940 with 50 files
2025-10-07 10:53:49,693 - INFO - Batch 940 completed: 50 valid samples
2025-10-07 10:53:49,902 - INFO - Processing batch 939 with 50 files
2025-10-07 10:53:49,902 - INFO - Batch 939 completed: 50 valid samples
2025-10-07 10:53:49,903 - INFO - Collected batch 940/1008: 50 samples
2025-10-07 10:53:49,904 - INFO - Collected batch 941/1008: 50 samples
2025-10-07 10:53:49,943 - INFO - Processing batch 942 with 50 files
2025-10-07 10:53:49,944 - INFO - Batch 942 completed: 50 valid samples
2025-10-07 10:53:50,016 - INFO - Processing batch 941 with 50 files
2025-10-07 10:53:50,017 - INFO - Batch 941 completed: 50 valid samples
2025-10-07 10:53:50,018 - INFO - Collected batch 942/1008: 50 samples
2025-10-07 10:53:50,018 - INFO - Collected batch 943/1008: 50 samples
2025-10-07 10:53:50,060 - INFO - Processing batch 944 with 50 files
2025-10-07 10:53:50,061 - INFO - Batch 944 completed: 50 valid samples
2025-10-07 10:53:50,230 - INFO - Processing batch 945 with 50 files
2025-10-07 10:53:50,231 - INFO - Batch 945 completed: 50 valid samples
2025-10-07 10:53:50,261 - INFO - Processing batch 943 with 50 files
2025-10-07 10:53:50,262 - INFO - Batch 943 completed: 50 valid samples
2025-10-07 10:53:50,275 - INFO - Collected batch 944/1008: 50 samples
2025-10-07 10:53:50,276 - INFO - Collected batch 945/1008: 50 samples
2025-10-07 10:53:50,276 - INFO - Collected batch 946/1008: 50 samples
2025-10-07 10:53:50,314 - INFO - Processing batch 947 with 50 files
2025-10-07 10:53:50,315 - INFO - Batch 947 completed: 50 valid samples
2025-10-07 10:53:50,502 - INFO - Processing batch 948 with 50 files
2025-10-07 10:53:50,503 - INFO - Batch 948 completed: 50 valid samples
2025-10-07 10:53:50,583 - INFO - Processing batch 946 with 50 files
2025-10-07 10:53:50,584 - INFO - Batch 946 completed: 50 valid samples
2025-10-07 10:53:50,585 - INFO - Collected batch 947/1008: 50 samples
2025-10-07 10:53:50,585 - INFO - Collected batch 948/1008: 50 samples
2025-10-07 10:53:50,586 - INFO - Collected batch 949/1008: 50 samples
2025-10-07 10:53:50,630 - INFO - Processing batch 950 with 50 files
2025-10-07 10:53:50,631 - INFO - Batch 950 completed: 50 valid samples
2025-10-07 10:53:50,795 - INFO - Processing batch 951 with 50 files
2025-10-07 10:53:50,796 - INFO - Batch 951 completed: 50 valid samples
2025-10-07 10:53:50,839 - INFO - Processing batch 949 with 50 files
2025-10-07 10:53:50,840 - INFO - Batch 949 completed: 50 valid samples
2025-10-07 10:53:50,842 - INFO - Collected batch 950/1008: 50 samples
2025-10-07 10:53:50,842 - INFO - Collected batch 951/1008: 50 samples
2025-10-07 10:53:50,842 - INFO - Collected batch 952/1008: 50 samples
2025-10-07 10:53:50,884 - INFO - Processing batch 953 with 50 files
2025-10-07 10:53:50,885 - INFO - Batch 953 completed: 50 valid samples
2025-10-07 10:53:51,052 - INFO - Processing batch 954 with 50 files
2025-10-07 10:53:51,053 - INFO - Batch 954 completed: 50 valid samples
2025-10-07 10:53:51,107 - INFO - Processing batch 952 with 50 files
2025-10-07 10:53:51,107 - INFO - Batch 952 completed: 50 valid samples
2025-10-07 10:53:51,116 - INFO - Collected batch 953/1008: 50 samples
2025-10-07 10:53:51,117 - INFO - Collected batch 954/1008: 50 samples
2025-10-07 10:53:51,117 - INFO - Collected batch 955/1008: 50 samples
2025-10-07 10:53:51,156 - INFO - Processing batch 956 with 50 files
2025-10-07 10:53:51,157 - INFO - Batch 956 completed: 50 valid samples
2025-10-07 10:53:51,405 - INFO - Processing batch 955 with 50 files
2025-10-07 10:53:51,406 - INFO - Batch 955 completed: 50 valid samples
2025-10-07 10:53:51,407 - INFO - Collected batch 956/1008: 50 samples
2025-10-07 10:53:51,407 - INFO - Collected batch 957/1008: 50 samples
2025-10-07 10:53:51,449 - INFO - Processing batch 958 with 50 files
2025-10-07 10:53:51,450 - INFO - Batch 958 completed: 50 valid samples
2025-10-07 10:53:51,520 - INFO - Processing batch 957 with 50 files
2025-10-07 10:53:51,521 - INFO - Batch 957 completed: 50 valid samples
2025-10-07 10:53:51,522 - INFO - Collected batch 958/1008: 50 samples
2025-10-07 10:53:51,522 - INFO - Collected batch 959/1008: 50 samples
2025-10-07 10:53:51,561 - INFO - Processing batch 960 with 50 files
2025-10-07 10:53:51,562 - INFO - Batch 960 completed: 50 valid samples
2025-10-07 10:53:51,733 - INFO - Processing batch 961 with 50 files
2025-10-07 10:53:51,733 - INFO - Batch 961 completed: 50 valid samples
2025-10-07 10:53:51,768 - INFO - Processing batch 959 with 50 files
2025-10-07 10:53:51,768 - INFO - Batch 959 completed: 50 valid samples
2025-10-07 10:53:51,777 - INFO - Collected batch 960/1008: 50 samples
2025-10-07 10:53:51,778 - INFO - Collected batch 961/1008: 50 samples
2025-10-07 10:53:51,778 - INFO - Collected batch 962/1008: 50 samples
2025-10-07 10:53:51,816 - INFO - Processing batch 963 with 50 files
2025-10-07 10:53:51,817 - INFO - Batch 963 completed: 50 valid samples
2025-10-07 10:53:52,004 - INFO - Processing batch 964 with 50 files
2025-10-07 10:53:52,005 - INFO - Batch 964 completed: 50 valid samples
2025-10-07 10:53:52,089 - INFO - Processing batch 962 with 50 files
2025-10-07 10:53:52,090 - INFO - Batch 962 completed: 50 valid samples
2025-10-07 10:53:52,091 - INFO - Collected batch 963/1008: 50 samples
2025-10-07 10:53:52,091 - INFO - Collected batch 964/1008: 50 samples
2025-10-07 10:53:52,092 - INFO - Collected batch 965/1008: 50 samples
2025-10-07 10:53:52,136 - INFO - Processing batch 966 with 50 files
2025-10-07 10:53:52,137 - INFO - Batch 966 completed: 50 valid samples
2025-10-07 10:53:52,308 - INFO - Processing batch 967 with 50 files
2025-10-07 10:53:52,309 - INFO - Batch 967 completed: 50 valid samples
2025-10-07 10:53:52,341 - INFO - Processing batch 965 with 50 files
2025-10-07 10:53:52,342 - INFO - Batch 965 completed: 50 valid samples
2025-10-07 10:53:52,357 - INFO - Collected batch 966/1008: 50 samples
2025-10-07 10:53:52,357 - INFO - Collected batch 967/1008: 50 samples
2025-10-07 10:53:52,357 - INFO - Collected batch 968/1008: 50 samples
2025-10-07 10:53:52,397 - INFO - Processing batch 969 with 50 files
2025-10-07 10:53:52,398 - INFO - Batch 969 completed: 50 valid samples
2025-10-07 10:53:52,577 - INFO - Processing batch 970 with 50 files
2025-10-07 10:53:52,578 - INFO - Batch 970 completed: 50 valid samples
2025-10-07 10:53:52,665 - INFO - Processing batch 968 with 50 files
2025-10-07 10:53:52,666 - INFO - Batch 968 completed: 50 valid samples
2025-10-07 10:53:52,666 - INFO - Collected batch 969/1008: 50 samples
2025-10-07 10:53:52,667 - INFO - Collected batch 970/1008: 50 samples
2025-10-07 10:53:52,667 - INFO - Collected batch 971/1008: 50 samples
2025-10-07 10:53:52,708 - INFO - Processing batch 972 with 50 files
2025-10-07 10:53:52,709 - INFO - Batch 972 completed: 50 valid samples
2025-10-07 10:53:52,921 - INFO - Processing batch 971 with 50 files
2025-10-07 10:53:52,922 - INFO - Batch 971 completed: 50 valid samples
2025-10-07 10:53:52,923 - INFO - Collected batch 972/1008: 50 samples
2025-10-07 10:53:52,923 - INFO - Collected batch 973/1008: 50 samples
2025-10-07 10:53:52,962 - INFO - Processing batch 974 with 50 files
2025-10-07 10:53:52,963 - INFO - Batch 974 completed: 50 valid samples
2025-10-07 10:53:53,029 - INFO - Processing batch 973 with 50 files
2025-10-07 10:53:53,030 - INFO - Batch 973 completed: 50 valid samples
2025-10-07 10:53:53,030 - INFO - Collected batch 974/1008: 50 samples
2025-10-07 10:53:53,031 - INFO - Collected batch 975/1008: 50 samples
2025-10-07 10:53:53,070 - INFO - Processing batch 976 with 50 files
2025-10-07 10:53:53,071 - INFO - Batch 976 completed: 50 valid samples
2025-10-07 10:53:53,237 - INFO - Processing batch 977 with 50 files
2025-10-07 10:53:53,238 - INFO - Batch 977 completed: 50 valid samples
2025-10-07 10:53:53,280 - INFO - Processing batch 975 with 50 files
2025-10-07 10:53:53,281 - INFO - Batch 975 completed: 50 valid samples
2025-10-07 10:53:53,282 - INFO - Collected batch 976/1008: 50 samples
2025-10-07 10:53:53,282 - INFO - Collected batch 977/1008: 50 samples
2025-10-07 10:53:53,282 - INFO - Collected batch 978/1008: 50 samples
2025-10-07 10:53:53,321 - INFO - Processing batch 979 with 50 files
2025-10-07 10:53:53,322 - INFO - Batch 979 completed: 50 valid samples
2025-10-07 10:53:53,494 - INFO - Processing batch 980 with 50 files
2025-10-07 10:53:53,495 - INFO - Batch 980 completed: 50 valid samples
2025-10-07 10:53:53,544 - INFO - Processing batch 978 with 50 files
2025-10-07 10:53:53,545 - INFO - Batch 978 completed: 50 valid samples
2025-10-07 10:53:53,564 - INFO - Collected batch 979/1008: 50 samples
2025-10-07 10:53:53,565 - INFO - Collected batch 980/1008: 50 samples
2025-10-07 10:53:53,565 - INFO - Collected batch 981/1008: 50 samples
2025-10-07 10:53:53,605 - INFO - Processing batch 982 with 50 files
2025-10-07 10:53:53,606 - INFO - Batch 982 completed: 50 valid samples
2025-10-07 10:53:53,786 - INFO - Processing batch 983 with 50 files
2025-10-07 10:53:53,787 - INFO - Batch 983 completed: 50 valid samples
2025-10-07 10:53:53,841 - INFO - Processing batch 981 with 50 files
2025-10-07 10:53:53,842 - INFO - Batch 981 completed: 50 valid samples
2025-10-07 10:53:53,843 - INFO - Collected batch 982/1008: 50 samples
2025-10-07 10:53:53,844 - INFO - Collected batch 983/1008: 50 samples
2025-10-07 10:53:53,844 - INFO - Collected batch 984/1008: 50 samples
2025-10-07 10:53:53,893 - INFO - Processing batch 985 with 50 files
2025-10-07 10:53:53,893 - INFO - Batch 985 completed: 50 valid samples
2025-10-07 10:53:54,058 - INFO - Processing batch 986 with 50 files
2025-10-07 10:53:54,058 - INFO - Batch 986 completed: 50 valid samples
2025-10-07 10:53:54,102 - INFO - Processing batch 984 with 50 files
2025-10-07 10:53:54,103 - INFO - Batch 984 completed: 50 valid samples
2025-10-07 10:53:54,121 - INFO - Collected batch 985/1008: 50 samples
2025-10-07 10:53:54,122 - INFO - Collected batch 986/1008: 50 samples
2025-10-07 10:53:54,122 - INFO - Collected batch 987/1008: 50 samples
2025-10-07 10:53:54,160 - INFO - Processing batch 988 with 50 files
2025-10-07 10:53:54,161 - INFO - Batch 988 completed: 50 valid samples
2025-10-07 10:53:54,402 - INFO - Processing batch 987 with 50 files
2025-10-07 10:53:54,403 - INFO - Batch 987 completed: 50 valid samples
2025-10-07 10:53:54,404 - INFO - Collected batch 988/1008: 50 samples
2025-10-07 10:53:54,404 - INFO - Collected batch 989/1008: 50 samples
2025-10-07 10:53:54,445 - INFO - Processing batch 990 with 50 files
2025-10-07 10:53:54,446 - INFO - Batch 990 completed: 50 valid samples
2025-10-07 10:53:54,513 - INFO - Processing batch 989 with 50 files
2025-10-07 10:53:54,514 - INFO - Batch 989 completed: 50 valid samples
2025-10-07 10:53:54,515 - INFO - Collected batch 990/1008: 50 samples
2025-10-07 10:53:54,515 - INFO - Collected batch 991/1008: 50 samples
2025-10-07 10:53:54,559 - INFO - Processing batch 992 with 50 files
2025-10-07 10:53:54,560 - INFO - Batch 992 completed: 50 valid samples
2025-10-07 10:53:54,729 - INFO - Processing batch 993 with 50 files
2025-10-07 10:53:54,729 - INFO - Batch 993 completed: 50 valid samples
2025-10-07 10:53:54,780 - INFO - Processing batch 991 with 50 files
2025-10-07 10:53:54,781 - INFO - Batch 991 completed: 50 valid samples
2025-10-07 10:53:54,790 - INFO - Collected batch 992/1008: 50 samples
2025-10-07 10:53:54,790 - INFO - Collected batch 993/1008: 50 samples
2025-10-07 10:53:54,790 - INFO - Collected batch 994/1008: 50 samples
2025-10-07 10:53:54,828 - INFO - Processing batch 995 with 50 files
2025-10-07 10:53:54,829 - INFO - Batch 995 completed: 50 valid samples
2025-10-07 10:53:55,013 - INFO - Processing batch 996 with 50 files
2025-10-07 10:53:55,014 - INFO - Batch 996 completed: 50 valid samples
2025-10-07 10:53:55,074 - INFO - Processing batch 994 with 50 files
2025-10-07 10:53:55,075 - INFO - Batch 994 completed: 50 valid samples
2025-10-07 10:53:55,076 - INFO - Collected batch 995/1008: 50 samples
2025-10-07 10:53:55,076 - INFO - Collected batch 996/1008: 50 samples
2025-10-07 10:53:55,076 - INFO - Collected batch 997/1008: 50 samples
2025-10-07 10:53:55,118 - INFO - Processing batch 998 with 50 files
2025-10-07 10:53:55,119 - INFO - Batch 998 completed: 50 valid samples
2025-10-07 10:53:55,280 - INFO - Processing batch 999 with 50 files
2025-10-07 10:53:55,281 - INFO - Batch 999 completed: 50 valid samples
2025-10-07 10:53:55,334 - INFO - Processing batch 997 with 50 files
2025-10-07 10:53:55,335 - INFO - Batch 997 completed: 50 valid samples
2025-10-07 10:53:55,336 - INFO - Collected batch 998/1008: 50 samples
2025-10-07 10:53:55,336 - INFO - Collected batch 999/1008: 50 samples
2025-10-07 10:53:55,336 - INFO - Collected batch 1000/1008: 50 samples
2025-10-07 10:53:55,378 - INFO - Processing batch 1001 with 50 files
2025-10-07 10:53:55,379 - INFO - Batch 1001 completed: 50 valid samples
2025-10-07 10:53:55,539 - INFO - Processing batch 1002 with 50 files
2025-10-07 10:53:55,540 - INFO - Batch 1002 completed: 50 valid samples
2025-10-07 10:53:55,590 - INFO - Processing batch 1000 with 50 files
2025-10-07 10:53:55,590 - INFO - Batch 1000 completed: 50 valid samples
2025-10-07 10:53:55,600 - INFO - Collected batch 1001/1008: 50 samples
2025-10-07 10:53:55,601 - INFO - Collected batch 1002/1008: 50 samples
2025-10-07 10:53:55,601 - INFO - Collected batch 1003/1008: 50 samples
2025-10-07 10:53:55,640 - INFO - Processing batch 1004 with 50 files
2025-10-07 10:53:55,640 - INFO - Batch 1004 completed: 50 valid samples
2025-10-07 10:53:55,885 - INFO - Processing batch 1003 with 50 files
2025-10-07 10:53:55,886 - INFO - Batch 1003 completed: 50 valid samples
2025-10-07 10:53:55,887 - INFO - Collected batch 1004/1008: 50 samples
2025-10-07 10:53:55,887 - INFO - Collected batch 1005/1008: 50 samples
2025-10-07 10:53:55,928 - INFO - Processing batch 1006 with 50 files
2025-10-07 10:53:55,929 - INFO - Batch 1006 completed: 50 valid samples
2025-10-07 10:53:55,996 - INFO - Processing batch 1005 with 50 files
2025-10-07 10:53:55,997 - INFO - Batch 1005 completed: 50 valid samples
2025-10-07 10:53:55,998 - INFO - Collected batch 1006/1008: 50 samples
2025-10-07 10:53:55,998 - INFO - Collected batch 1007/1008: 50 samples
2025-10-07 10:53:56,260 - INFO - Processing batch 1007 with 31 files
2025-10-07 10:53:56,260 - INFO - Batch 1007 completed: 31 valid samples
2025-10-07 10:53:56,261 - INFO - Collected batch 1008/1008: 31 samples
2025-10-07 10:53:56,288 - INFO - Parallel loading completed in 95.68 seconds
2025-10-07 10:53:56,288 - INFO - Total samples loaded: 50381
2025-10-07 10:53:56,297 - INFO - Creating data splits...
2025-10-07 10:53:56,298 - INFO - Using file lists for data splitting...
2025-10-07 10:53:56,319 - INFO - Loaded 38520 filenames for train split
2025-10-07 10:53:56,322 - INFO - Loaded 6810 filenames for val split
2025-10-07 10:53:56,325 - INFO - Loaded 5044 filenames for test split
Traceback (most recent call last):
  File "/scratch/zf281/pangaea-bench/test_dataset_splitting.py", line 23, in test_dataset_with_file_lists
    train_dataset = TreeSatAIParallel(
  File "/scratch/zf281/pangaea-bench/pangaea/datasets/treesatai_parallel.py", line 203, in __init__
    self._create_splits()
  File "/scratch/zf281/pangaea-bench/pangaea/datasets/treesatai_parallel.py", line 267, in _create_splits
    self._create_splits_from_file_lists()
  File "/scratch/zf281/pangaea-bench/pangaea/datasets/treesatai_parallel.py", line 310, in _create_splits_from_file_lists
    filename = os.path.basename(sample['h5_path'])
TypeError: string indices must be integers
2025-10-07 10:53:56,346 - INFO - Initializing TreeSatAI dataset with 2 workers
2025-10-07 10:53:56,346 - INFO - Labels path: /scratch/zf281/pangaea-bench/data/treesatai/TreeSatBA_v9_60m_multi_labels.json
2025-10-07 10:53:56,346 - INFO - H5 directory: /scratch/zf281/pangaea-bench/data/treesatai/sentinel-ts
2025-10-07 10:53:56,347 - INFO - Starting parallel label loading...
2025-10-07 10:53:56,347 - INFO - Loading labels JSON file...
2025-10-07 10:53:56,637 - INFO - Loaded 50381 labels from JSON
2025-10-07 10:53:56,637 - INFO - Scanning H5 directory...
2025-10-07 10:53:56,669 - INFO - Found 50381 H5 files
2025-10-07 10:53:56,670 - INFO - Created 1008 batches for parallel processing
2025-10-07 10:53:56,670 - INFO - Using 2 worker processes
✗ Dataset test failed: string indices must be integers

=== Testing fallback to stratified splitting ===
2025-10-07 10:53:56,694 - INFO - Starting parallel processing...
2025-10-07 10:53:56,705 - INFO - Collecting results from worker processes...
2025-10-07 10:53:56,985 - INFO - Processing batch 0 with 50 files
2025-10-07 10:53:56,986 - INFO - Batch 0 completed: 50 valid samples
2025-10-07 10:53:56,987 - INFO - Collected batch 1/1008: 50 samples
2025-10-07 10:53:57,126 - INFO - Processing batch 1 with 50 files
2025-10-07 10:53:57,127 - INFO - Batch 1 completed: 50 valid samples
2025-10-07 10:53:57,127 - INFO - Collected batch 2/1008: 50 samples
2025-10-07 10:53:57,182 - INFO - Processing batch 2 with 50 files
2025-10-07 10:53:57,183 - INFO - Batch 2 completed: 50 valid samples
2025-10-07 10:53:57,188 - INFO - Collected batch 3/1008: 50 samples
2025-10-07 10:53:57,311 - INFO - Processing batch 3 with 50 files
2025-10-07 10:53:57,312 - INFO - Batch 3 completed: 50 valid samples
2025-10-07 10:53:57,313 - INFO - Collected batch 4/1008: 50 samples
2025-10-07 10:53:57,365 - INFO - Processing batch 4 with 50 files
2025-10-07 10:53:57,366 - INFO - Batch 4 completed: 50 valid samples
2025-10-07 10:53:57,376 - INFO - Collected batch 5/1008: 50 samples
2025-10-07 10:53:57,501 - INFO - Processing batch 5 with 50 files
2025-10-07 10:53:57,501 - INFO - Batch 5 completed: 50 valid samples
2025-10-07 10:53:57,502 - INFO - Collected batch 6/1008: 50 samples
2025-10-07 10:53:57,548 - INFO - Processing batch 6 with 50 files
2025-10-07 10:53:57,548 - INFO - Batch 6 completed: 50 valid samples
2025-10-07 10:53:57,562 - INFO - Collected batch 7/1008: 50 samples
2025-10-07 10:53:57,686 - INFO - Processing batch 7 with 50 files
2025-10-07 10:53:57,687 - INFO - Batch 7 completed: 50 valid samples
2025-10-07 10:53:57,688 - INFO - Collected batch 8/1008: 50 samples
2025-10-07 10:53:57,740 - INFO - Processing batch 8 with 50 files
2025-10-07 10:53:57,741 - INFO - Batch 8 completed: 50 valid samples
2025-10-07 10:53:57,741 - INFO - Collected batch 9/1008: 50 samples
2025-10-07 10:53:57,929 - INFO - Processing batch 10 with 50 files
2025-10-07 10:53:57,930 - INFO - Batch 10 completed: 50 valid samples
2025-10-07 10:53:57,936 - INFO - Processing batch 9 with 50 files
2025-10-07 10:53:57,937 - INFO - Batch 9 completed: 50 valid samples
2025-10-07 10:53:57,938 - INFO - Collected batch 10/1008: 50 samples
2025-10-07 10:53:57,938 - INFO - Collected batch 11/1008: 50 samples
2025-10-07 10:53:57,983 - INFO - Processing batch 11 with 50 files
2025-10-07 10:53:57,984 - INFO - Batch 11 completed: 50 valid samples
2025-10-07 10:53:57,991 - INFO - Collected batch 12/1008: 50 samples
2025-10-07 10:53:58,184 - INFO - Processing batch 12 with 50 files
2025-10-07 10:53:58,185 - INFO - Batch 12 completed: 50 valid samples
2025-10-07 10:53:58,186 - INFO - Collected batch 13/1008: 50 samples
2025-10-07 10:53:58,198 - INFO - Processing batch 13 with 50 files
2025-10-07 10:53:58,199 - INFO - Batch 13 completed: 50 valid samples
2025-10-07 10:53:58,238 - INFO - Processing batch 14 with 50 files
2025-10-07 10:53:58,239 - INFO - Batch 14 completed: 50 valid samples
2025-10-07 10:53:58,248 - INFO - Collected batch 14/1008: 50 samples
2025-10-07 10:53:58,248 - INFO - Collected batch 15/1008: 50 samples
2025-10-07 10:53:58,455 - INFO - Processing batch 16 with 50 files
2025-10-07 10:53:58,456 - INFO - Batch 16 completed: 50 valid samples
2025-10-07 10:53:58,557 - INFO - Processing batch 15 with 50 files
2025-10-07 10:53:58,557 - INFO - Batch 15 completed: 50 valid samples
2025-10-07 10:53:58,558 - INFO - Collected batch 16/1008: 50 samples
2025-10-07 10:53:58,559 - INFO - Collected batch 17/1008: 50 samples
2025-10-07 10:53:58,617 - INFO - Processing batch 18 with 50 files
2025-10-07 10:53:58,618 - INFO - Batch 18 completed: 50 valid samples
2025-10-07 10:53:58,761 - INFO - Processing batch 17 with 50 files
2025-10-07 10:53:58,762 - INFO - Batch 17 completed: 50 valid samples
2025-10-07 10:53:58,762 - INFO - Collected batch 18/1008: 50 samples
2025-10-07 10:53:58,763 - INFO - Collected batch 19/1008: 50 samples
2025-10-07 10:53:58,814 - INFO - Processing batch 20 with 50 files
2025-10-07 10:53:58,814 - INFO - Batch 20 completed: 50 valid samples
2025-10-07 10:53:58,926 - INFO - Processing batch 19 with 50 files
2025-10-07 10:53:58,927 - INFO - Batch 19 completed: 50 valid samples
2025-10-07 10:53:58,927 - INFO - Collected batch 20/1008: 50 samples
2025-10-07 10:53:58,928 - INFO - Collected batch 21/1008: 50 samples
2025-10-07 10:53:58,977 - INFO - Processing batch 22 with 50 files
2025-10-07 10:53:58,978 - INFO - Batch 22 completed: 50 valid samples
2025-10-07 10:53:59,148 - INFO - Processing batch 23 with 50 files
2025-10-07 10:53:59,149 - INFO - Batch 23 completed: 50 valid samples
2025-10-07 10:53:59,250 - INFO - Processing batch 21 with 50 files
2025-10-07 10:53:59,251 - INFO - Batch 21 completed: 50 valid samples
2025-10-07 10:53:59,252 - INFO - Collected batch 22/1008: 50 samples
2025-10-07 10:53:59,252 - INFO - Collected batch 23/1008: 50 samples
2025-10-07 10:53:59,252 - INFO - Collected batch 24/1008: 50 samples
2025-10-07 10:53:59,306 - INFO - Processing batch 25 with 50 files
2025-10-07 10:53:59,306 - INFO - Batch 25 completed: 50 valid samples
2025-10-07 10:53:59,453 - INFO - Processing batch 24 with 50 files
2025-10-07 10:53:59,453 - INFO - Batch 24 completed: 50 valid samples
2025-10-07 10:53:59,454 - INFO - Collected batch 25/1008: 50 samples
2025-10-07 10:53:59,455 - INFO - Collected batch 26/1008: 50 samples
2025-10-07 10:53:59,504 - INFO - Processing batch 27 with 50 files
2025-10-07 10:53:59,504 - INFO - Batch 27 completed: 50 valid samples
2025-10-07 10:53:59,545 - INFO - Processing batch 26 with 50 files
2025-10-07 10:53:59,546 - INFO - Batch 26 completed: 50 valid samples
2025-10-07 10:53:59,550 - INFO - Collected batch 27/1008: 50 samples
2025-10-07 10:53:59,551 - INFO - Collected batch 28/1008: 50 samples
2025-10-07 10:53:59,815 - INFO - Processing batch 28 with 50 files
2025-10-07 10:53:59,815 - INFO - Batch 28 completed: 50 valid samples
2025-10-07 10:53:59,816 - INFO - Collected batch 29/1008: 50 samples
2025-10-07 10:53:59,866 - INFO - Processing batch 30 with 50 files
2025-10-07 10:53:59,866 - INFO - Batch 30 completed: 50 valid samples
2025-10-07 10:54:00,011 - INFO - Processing batch 29 with 50 files
2025-10-07 10:54:00,012 - INFO - Batch 29 completed: 50 valid samples
2025-10-07 10:54:00,013 - INFO - Collected batch 30/1008: 50 samples
2025-10-07 10:54:00,013 - INFO - Collected batch 31/1008: 50 samples
2025-10-07 10:54:00,063 - INFO - Processing batch 32 with 50 files
2025-10-07 10:54:00,064 - INFO - Batch 32 completed: 50 valid samples
2025-10-07 10:54:00,171 - INFO - Processing batch 31 with 50 files
2025-10-07 10:54:00,171 - INFO - Batch 31 completed: 50 valid samples
2025-10-07 10:54:00,172 - INFO - Collected batch 32/1008: 50 samples
2025-10-07 10:54:00,172 - INFO - Collected batch 33/1008: 50 samples
2025-10-07 10:54:00,221 - INFO - Processing batch 34 with 50 files
2025-10-07 10:54:00,221 - INFO - Batch 34 completed: 50 valid samples
2025-10-07 10:54:00,388 - INFO - Processing batch 35 with 50 files
2025-10-07 10:54:00,388 - INFO - Batch 35 completed: 50 valid samples
2025-10-07 10:54:00,472 - INFO - Processing batch 33 with 50 files
2025-10-07 10:54:00,472 - INFO - Batch 33 completed: 50 valid samples
2025-10-07 10:54:00,473 - INFO - Collected batch 34/1008: 50 samples
2025-10-07 10:54:00,474 - INFO - Collected batch 35/1008: 50 samples
2025-10-07 10:54:00,474 - INFO - Collected batch 36/1008: 50 samples
2025-10-07 10:54:00,524 - INFO - Processing batch 37 with 50 files
2025-10-07 10:54:00,525 - INFO - Batch 37 completed: 50 valid samples
2025-10-07 10:54:00,695 - INFO - Processing batch 36 with 50 files
2025-10-07 10:54:00,695 - INFO - Batch 36 completed: 50 valid samples
2025-10-07 10:54:00,696 - INFO - Collected batch 37/1008: 50 samples
2025-10-07 10:54:00,697 - INFO - Collected batch 38/1008: 50 samples
2025-10-07 10:54:00,744 - INFO - Processing batch 39 with 50 files
2025-10-07 10:54:00,744 - INFO - Batch 39 completed: 50 valid samples
2025-10-07 10:54:00,868 - INFO - Processing batch 38 with 50 files
2025-10-07 10:54:00,868 - INFO - Batch 38 completed: 50 valid samples
2025-10-07 10:54:00,869 - INFO - Collected batch 39/1008: 50 samples
2025-10-07 10:54:00,870 - INFO - Collected batch 40/1008: 50 samples
2025-10-07 10:54:00,919 - INFO - Processing batch 41 with 50 files
2025-10-07 10:54:00,920 - INFO - Batch 41 completed: 50 valid samples
2025-10-07 10:54:01,058 - INFO - Processing batch 40 with 50 files
2025-10-07 10:54:01,058 - INFO - Batch 40 completed: 50 valid samples
2025-10-07 10:54:01,059 - INFO - Collected batch 41/1008: 50 samples
2025-10-07 10:54:01,060 - INFO - Collected batch 42/1008: 50 samples
2025-10-07 10:54:01,108 - INFO - Processing batch 43 with 50 files
2025-10-07 10:54:01,109 - INFO - Processing batch 42 with 50 files
2025-10-07 10:54:01,109 - INFO - Batch 43 completed: 50 valid samples
2025-10-07 10:54:01,109 - INFO - Batch 42 completed: 50 valid samples
2025-10-07 10:54:01,110 - INFO - Collected batch 43/1008: 50 samples
2025-10-07 10:54:01,110 - INFO - Collected batch 44/1008: 50 samples
2025-10-07 10:54:01,288 - INFO - Processing batch 44 with 50 files
2025-10-07 10:54:01,289 - INFO - Batch 44 completed: 50 valid samples
2025-10-07 10:54:01,290 - INFO - Collected batch 45/1008: 50 samples
2025-10-07 10:54:01,609 - INFO - Processing batch 46 with 50 files
2025-10-07 10:54:01,609 - INFO - Batch 46 completed: 50 valid samples
2025-10-07 10:54:01,618 - INFO - Processing batch 45 with 50 files
2025-10-07 10:54:01,619 - INFO - Batch 45 completed: 50 valid samples
2025-10-07 10:54:01,619 - INFO - Collected batch 46/1008: 50 samples
2025-10-07 10:54:01,620 - INFO - Collected batch 47/1008: 50 samples
2025-10-07 10:54:01,666 - INFO - Processing batch 47 with 50 files
2025-10-07 10:54:01,667 - INFO - Batch 47 completed: 50 valid samples
2025-10-07 10:54:01,681 - INFO - Collected batch 48/1008: 50 samples
2025-10-07 10:54:01,727 - INFO - Processing batch 48 with 50 files
2025-10-07 10:54:01,728 - INFO - Batch 48 completed: 50 valid samples
2025-10-07 10:54:01,751 - INFO - Collected batch 49/1008: 50 samples
2025-10-07 10:54:02,048 - INFO - Processing batch 49 with 50 files
2025-10-07 10:54:02,048 - INFO - Batch 49 completed: 50 valid samples
2025-10-07 10:54:02,049 - INFO - Collected batch 50/1008: 50 samples
2025-10-07 10:54:02,097 - INFO - Processing batch 51 with 50 files
2025-10-07 10:54:02,098 - INFO - Batch 51 completed: 50 valid samples
2025-10-07 10:54:02,231 - INFO - Processing batch 50 with 50 files
2025-10-07 10:54:02,232 - INFO - Batch 50 completed: 50 valid samples
2025-10-07 10:54:02,233 - INFO - Collected batch 51/1008: 50 samples
2025-10-07 10:54:02,233 - INFO - Collected batch 52/1008: 50 samples
2025-10-07 10:54:02,285 - INFO - Processing batch 53 with 50 files
2025-10-07 10:54:02,286 - INFO - Batch 53 completed: 50 valid samples
2025-10-07 10:54:02,406 - INFO - Processing batch 52 with 50 files
2025-10-07 10:54:02,407 - INFO - Batch 52 completed: 50 valid samples
2025-10-07 10:54:02,408 - INFO - Collected batch 53/1008: 50 samples
2025-10-07 10:54:02,408 - INFO - Collected batch 54/1008: 50 samples
2025-10-07 10:54:02,454 - INFO - Processing batch 55 with 50 files
2025-10-07 10:54:02,455 - INFO - Batch 55 completed: 50 valid samples
2025-10-07 10:54:02,481 - INFO - Processing batch 54 with 50 files
2025-10-07 10:54:02,481 - INFO - Batch 54 completed: 50 valid samples
2025-10-07 10:54:02,498 - INFO - Collected batch 55/1008: 50 samples
2025-10-07 10:54:02,498 - INFO - Collected batch 56/1008: 50 samples
2025-10-07 10:54:02,619 - INFO - Processing batch 56 with 50 files
2025-10-07 10:54:02,620 - INFO - Batch 56 completed: 50 valid samples
2025-10-07 10:54:02,621 - INFO - Collected batch 57/1008: 50 samples
2025-10-07 10:54:02,832 - INFO - Processing batch 57 with 50 files
2025-10-07 10:54:02,833 - INFO - Batch 57 completed: 50 valid samples
2025-10-07 10:54:02,834 - INFO - Collected batch 58/1008: 50 samples
2025-10-07 10:54:02,883 - INFO - Processing batch 59 with 50 files
2025-10-07 10:54:02,884 - INFO - Batch 59 completed: 50 valid samples
2025-10-07 10:54:02,924 - INFO - Processing batch 58 with 50 files
2025-10-07 10:54:02,925 - INFO - Batch 58 completed: 50 valid samples
2025-10-07 10:54:02,945 - INFO - Collected batch 59/1008: 50 samples
2025-10-07 10:54:02,946 - INFO - Collected batch 60/1008: 50 samples
2025-10-07 10:54:02,995 - INFO - Processing batch 61 with 50 files
2025-10-07 10:54:02,996 - INFO - Batch 61 completed: 50 valid samples
2025-10-07 10:54:03,261 - INFO - Processing batch 60 with 50 files
2025-10-07 10:54:03,261 - INFO - Batch 60 completed: 50 valid samples
2025-10-07 10:54:03,262 - INFO - Collected batch 61/1008: 50 samples
2025-10-07 10:54:03,263 - INFO - Collected batch 62/1008: 50 samples
2025-10-07 10:54:03,311 - INFO - Processing batch 63 with 50 files
2025-10-07 10:54:03,312 - INFO - Batch 63 completed: 50 valid samples
2025-10-07 10:54:03,513 - INFO - Processing batch 62 with 50 files
2025-10-07 10:54:03,513 - INFO - Batch 62 completed: 50 valid samples
2025-10-07 10:54:03,514 - INFO - Collected batch 63/1008: 50 samples
2025-10-07 10:54:03,515 - INFO - Collected batch 64/1008: 50 samples
2025-10-07 10:54:03,569 - INFO - Processing batch 65 with 50 files
2025-10-07 10:54:03,570 - INFO - Batch 65 completed: 50 valid samples
2025-10-07 10:54:03,681 - INFO - Processing batch 64 with 50 files
2025-10-07 10:54:03,682 - INFO - Batch 64 completed: 50 valid samples
2025-10-07 10:54:03,683 - INFO - Collected batch 65/1008: 50 samples
2025-10-07 10:54:03,683 - INFO - Collected batch 66/1008: 50 samples
2025-10-07 10:54:03,730 - INFO - Processing batch 67 with 50 files
2025-10-07 10:54:03,731 - INFO - Batch 67 completed: 50 valid samples
2025-10-07 10:54:03,833 - INFO - Processing batch 66 with 50 files
2025-10-07 10:54:03,834 - INFO - Batch 66 completed: 50 valid samples
2025-10-07 10:54:03,835 - INFO - Collected batch 67/1008: 50 samples
2025-10-07 10:54:03,835 - INFO - Collected batch 68/1008: 50 samples
2025-10-07 10:54:03,906 - INFO - Processing batch 68 with 50 files
2025-10-07 10:54:03,907 - INFO - Batch 68 completed: 50 valid samples
2025-10-07 10:54:03,908 - INFO - Collected batch 69/1008: 50 samples
2025-10-07 10:54:04,238 - INFO - Processing batch 70 with 50 files
2025-10-07 10:54:04,238 - INFO - Batch 70 completed: 50 valid samples
2025-10-07 10:54:04,285 - INFO - Processing batch 71 with 50 files
2025-10-07 10:54:04,286 - INFO - Batch 71 completed: 50 valid samples
2025-10-07 10:54:04,299 - INFO - Processing batch 69 with 50 files
2025-10-07 10:54:04,300 - INFO - Batch 69 completed: 50 valid samples
2025-10-07 10:54:04,307 - INFO - Collected batch 70/1008: 50 samples
2025-10-07 10:54:04,307 - INFO - Collected batch 71/1008: 50 samples
2025-10-07 10:54:04,307 - INFO - Collected batch 72/1008: 50 samples
2025-10-07 10:54:04,400 - INFO - Processing batch 73 with 50 files
2025-10-07 10:54:04,401 - INFO - Batch 73 completed: 50 valid samples
2025-10-07 10:54:04,672 - INFO - Processing batch 72 with 50 files
2025-10-07 10:54:04,673 - INFO - Batch 72 completed: 50 valid samples
2025-10-07 10:54:04,674 - INFO - Collected batch 73/1008: 50 samples
2025-10-07 10:54:04,674 - INFO - Collected batch 74/1008: 50 samples
2025-10-07 10:54:04,719 - INFO - Processing batch 75 with 50 files
2025-10-07 10:54:04,720 - INFO - Batch 75 completed: 50 valid samples
2025-10-07 10:54:04,899 - INFO - Processing batch 76 with 50 files
2025-10-07 10:54:04,900 - INFO - Batch 76 completed: 50 valid samples
2025-10-07 10:54:04,915 - INFO - Processing batch 74 with 50 files
2025-10-07 10:54:04,915 - INFO - Batch 74 completed: 50 valid samples
2025-10-07 10:54:04,971 - INFO - Collected batch 75/1008: 50 samples
2025-10-07 10:54:04,971 - INFO - Collected batch 76/1008: 50 samples
2025-10-07 10:54:04,971 - INFO - Collected batch 77/1008: 50 samples
2025-10-07 10:54:05,018 - INFO - Processing batch 78 with 50 files
2025-10-07 10:54:05,019 - INFO - Batch 78 completed: 50 valid samples
2025-10-07 10:54:05,257 - INFO - Processing batch 77 with 50 files
2025-10-07 10:54:05,258 - INFO - Batch 77 completed: 50 valid samples
2025-10-07 10:54:05,260 - INFO - Collected batch 78/1008: 50 samples
2025-10-07 10:54:05,261 - INFO - Collected batch 79/1008: 50 samples
2025-10-07 10:54:05,308 - INFO - Processing batch 80 with 50 files
2025-10-07 10:54:05,309 - INFO - Batch 80 completed: 50 valid samples
2025-10-07 10:54:05,520 - INFO - Processing batch 79 with 50 files
2025-10-07 10:54:05,521 - INFO - Batch 79 completed: 50 valid samples
2025-10-07 10:54:05,522 - INFO - Collected batch 80/1008: 50 samples
2025-10-07 10:54:05,522 - INFO - Collected batch 81/1008: 50 samples
2025-10-07 10:54:05,574 - INFO - Processing batch 82 with 50 files
2025-10-07 10:54:05,575 - INFO - Batch 82 completed: 50 valid samples
2025-10-07 10:54:05,659 - INFO - Processing batch 81 with 50 files
2025-10-07 10:54:05,659 - INFO - Batch 81 completed: 50 valid samples
2025-10-07 10:54:05,660 - INFO - Collected batch 82/1008: 50 samples
2025-10-07 10:54:05,661 - INFO - Collected batch 83/1008: 50 samples
2025-10-07 10:54:05,707 - INFO - Processing batch 84 with 50 files
2025-10-07 10:54:05,708 - INFO - Batch 84 completed: 50 valid samples
2025-10-07 10:54:05,818 - INFO - Processing batch 83 with 50 files
2025-10-07 10:54:05,819 - INFO - Batch 83 completed: 50 valid samples
2025-10-07 10:54:05,820 - INFO - Collected batch 84/1008: 50 samples
2025-10-07 10:54:05,820 - INFO - Collected batch 85/1008: 50 samples
2025-10-07 10:54:06,044 - INFO - Processing batch 85 with 50 files
2025-10-07 10:54:06,045 - INFO - Batch 85 completed: 50 valid samples
2025-10-07 10:54:06,046 - INFO - Collected batch 86/1008: 50 samples
2025-10-07 10:54:06,098 - INFO - Processing batch 87 with 50 files
2025-10-07 10:54:06,099 - INFO - Batch 87 completed: 50 valid samples
2025-10-07 10:54:06,287 - INFO - Processing batch 88 with 50 files
2025-10-07 10:54:06,287 - INFO - Batch 88 completed: 50 valid samples
2025-10-07 10:54:06,292 - INFO - Processing batch 86 with 50 files
2025-10-07 10:54:06,293 - INFO - Batch 86 completed: 50 valid samples
2025-10-07 10:54:06,294 - INFO - Collected batch 87/1008: 50 samples
2025-10-07 10:54:06,294 - INFO - Collected batch 88/1008: 50 samples
2025-10-07 10:54:06,294 - INFO - Collected batch 89/1008: 50 samples
2025-10-07 10:54:06,404 - INFO - Processing batch 90 with 50 files
2025-10-07 10:54:06,405 - INFO - Batch 90 completed: 50 valid samples
2025-10-07 10:54:06,630 - INFO - Processing batch 89 with 50 files
2025-10-07 10:54:06,630 - INFO - Batch 89 completed: 50 valid samples
2025-10-07 10:54:06,631 - INFO - Collected batch 90/1008: 50 samples
2025-10-07 10:54:06,632 - INFO - Collected batch 91/1008: 50 samples
2025-10-07 10:54:06,678 - INFO - Processing batch 92 with 50 files
2025-10-07 10:54:06,679 - INFO - Batch 92 completed: 50 valid samples
2025-10-07 10:54:06,919 - INFO - Processing batch 91 with 50 files
2025-10-07 10:54:06,920 - INFO - Batch 91 completed: 50 valid samples
2025-10-07 10:54:06,921 - INFO - Collected batch 92/1008: 50 samples
2025-10-07 10:54:06,922 - INFO - Collected batch 93/1008: 50 samples
2025-10-07 10:54:06,989 - INFO - Processing batch 94 with 50 files
2025-10-07 10:54:06,990 - INFO - Batch 94 completed: 50 valid samples
2025-10-07 10:54:07,002 - INFO - Processing batch 93 with 50 files
2025-10-07 10:54:07,003 - INFO - Batch 93 completed: 50 valid samples
2025-10-07 10:54:07,004 - INFO - Collected batch 94/1008: 50 samples
2025-10-07 10:54:07,004 - INFO - Collected batch 95/1008: 50 samples
2025-10-07 10:54:07,090 - INFO - Processing batch 96 with 50 files
2025-10-07 10:54:07,091 - INFO - Batch 96 completed: 50 valid samples
2025-10-07 10:54:07,176 - INFO - Processing batch 95 with 50 files
2025-10-07 10:54:07,176 - INFO - Batch 95 completed: 50 valid samples
2025-10-07 10:54:07,177 - INFO - Collected batch 96/1008: 50 samples
2025-10-07 10:54:07,178 - INFO - Collected batch 97/1008: 50 samples
2025-10-07 10:54:07,294 - INFO - Processing batch 97 with 50 files
2025-10-07 10:54:07,295 - INFO - Batch 97 completed: 50 valid samples
2025-10-07 10:54:07,296 - INFO - Collected batch 98/1008: 50 samples
2025-10-07 10:54:07,495 - INFO - Processing batch 98 with 50 files
2025-10-07 10:54:07,495 - INFO - Batch 98 completed: 50 valid samples
2025-10-07 10:54:07,496 - INFO - Collected batch 99/1008: 50 samples
2025-10-07 10:54:07,545 - INFO - Processing batch 100 with 50 files
2025-10-07 10:54:07,545 - INFO - Batch 100 completed: 50 valid samples
2025-10-07 10:54:07,615 - INFO - Processing batch 99 with 50 files
2025-10-07 10:54:07,616 - INFO - Batch 99 completed: 50 valid samples
2025-10-07 10:54:07,617 - INFO - Collected batch 100/1008: 50 samples
2025-10-07 10:54:07,617 - INFO - Collected batch 101/1008: 50 samples
2025-10-07 10:54:07,664 - INFO - Processing batch 102 with 50 files
2025-10-07 10:54:07,665 - INFO - Batch 102 completed: 50 valid samples
2025-10-07 10:54:07,872 - INFO - Processing batch 101 with 50 files
2025-10-07 10:54:07,873 - INFO - Batch 101 completed: 50 valid samples
2025-10-07 10:54:07,874 - INFO - Collected batch 102/1008: 50 samples
2025-10-07 10:54:07,874 - INFO - Collected batch 103/1008: 50 samples
2025-10-07 10:54:07,921 - INFO - Processing batch 104 with 50 files
2025-10-07 10:54:07,922 - INFO - Batch 104 completed: 50 valid samples
2025-10-07 10:54:07,986 - INFO - Processing batch 103 with 50 files
2025-10-07 10:54:07,987 - INFO - Batch 103 completed: 50 valid samples
2025-10-07 10:54:07,988 - INFO - Collected batch 104/1008: 50 samples
2025-10-07 10:54:07,988 - INFO - Collected batch 105/1008: 50 samples
2025-10-07 10:54:08,033 - INFO - Processing batch 106 with 50 files
2025-10-07 10:54:08,034 - INFO - Batch 106 completed: 50 valid samples
2025-10-07 10:54:08,243 - INFO - Processing batch 105 with 50 files
2025-10-07 10:54:08,244 - INFO - Batch 105 completed: 50 valid samples
2025-10-07 10:54:08,245 - INFO - Collected batch 106/1008: 50 samples
2025-10-07 10:54:08,245 - INFO - Collected batch 107/1008: 50 samples
2025-10-07 10:54:08,292 - INFO - Processing batch 108 with 50 files
2025-10-07 10:54:08,293 - INFO - Batch 108 completed: 50 valid samples
2025-10-07 10:54:08,356 - INFO - Processing batch 107 with 50 files
2025-10-07 10:54:08,357 - INFO - Batch 107 completed: 50 valid samples
2025-10-07 10:54:08,358 - INFO - Collected batch 108/1008: 50 samples
2025-10-07 10:54:08,359 - INFO - Collected batch 109/1008: 50 samples
2025-10-07 10:54:08,404 - INFO - Processing batch 110 with 50 files
2025-10-07 10:54:08,405 - INFO - Batch 110 completed: 50 valid samples
2025-10-07 10:54:08,466 - INFO - Processing batch 109 with 50 files
2025-10-07 10:54:08,467 - INFO - Batch 109 completed: 50 valid samples
2025-10-07 10:54:08,467 - INFO - Collected batch 110/1008: 50 samples
2025-10-07 10:54:08,468 - INFO - Collected batch 111/1008: 50 samples
2025-10-07 10:54:08,573 - INFO - Processing batch 111 with 50 files
2025-10-07 10:54:08,574 - INFO - Batch 111 completed: 50 valid samples
2025-10-07 10:54:08,575 - INFO - Collected batch 112/1008: 50 samples
2025-10-07 10:54:08,785 - INFO - Processing batch 112 with 50 files
2025-10-07 10:54:08,785 - INFO - Batch 112 completed: 50 valid samples
2025-10-07 10:54:08,786 - INFO - Collected batch 113/1008: 50 samples
2025-10-07 10:54:08,834 - INFO - Processing batch 114 with 50 files
2025-10-07 10:54:08,834 - INFO - Batch 114 completed: 50 valid samples
2025-10-07 10:54:08,890 - INFO - Processing batch 113 with 50 files
2025-10-07 10:54:08,890 - INFO - Batch 113 completed: 50 valid samples
2025-10-07 10:54:08,891 - INFO - Collected batch 114/1008: 50 samples
2025-10-07 10:54:08,892 - INFO - Collected batch 115/1008: 50 samples
2025-10-07 10:54:08,938 - INFO - Processing batch 116 with 50 files
2025-10-07 10:54:08,938 - INFO - Batch 116 completed: 50 valid samples
2025-10-07 10:54:09,163 - INFO - Processing batch 115 with 50 files
2025-10-07 10:54:09,163 - INFO - Batch 115 completed: 50 valid samples
2025-10-07 10:54:09,164 - INFO - Collected batch 116/1008: 50 samples
2025-10-07 10:54:09,164 - INFO - Collected batch 117/1008: 50 samples
2025-10-07 10:54:09,212 - INFO - Processing batch 118 with 50 files
2025-10-07 10:54:09,213 - INFO - Batch 118 completed: 50 valid samples
2025-10-07 10:54:09,251 - INFO - Processing batch 117 with 50 files
2025-10-07 10:54:09,252 - INFO - Batch 117 completed: 50 valid samples
2025-10-07 10:54:09,259 - INFO - Collected batch 118/1008: 50 samples
2025-10-07 10:54:09,260 - INFO - Collected batch 119/1008: 50 samples
2025-10-07 10:54:09,310 - INFO - Processing batch 120 with 50 files
2025-10-07 10:54:09,311 - INFO - Batch 120 completed: 50 valid samples
2025-10-07 10:54:09,401 - INFO - Processing batch 119 with 50 files
2025-10-07 10:54:09,402 - INFO - Batch 119 completed: 50 valid samples
2025-10-07 10:54:09,402 - INFO - Collected batch 120/1008: 50 samples
2025-10-07 10:54:09,403 - INFO - Collected batch 121/1008: 50 samples
2025-10-07 10:54:09,576 - INFO - Processing batch 121 with 50 files
2025-10-07 10:54:09,576 - INFO - Batch 121 completed: 50 valid samples
2025-10-07 10:54:09,577 - INFO - Collected batch 122/1008: 50 samples
2025-10-07 10:54:09,719 - INFO - Processing batch 122 with 50 files
2025-10-07 10:54:09,720 - INFO - Batch 122 completed: 50 valid samples
2025-10-07 10:54:09,721 - INFO - Collected batch 123/1008: 50 samples
2025-10-07 10:54:09,767 - INFO - Processing batch 124 with 50 files
2025-10-07 10:54:09,767 - INFO - Batch 124 completed: 50 valid samples
2025-10-07 10:54:09,980 - INFO - Processing batch 123 with 50 files
2025-10-07 10:54:09,981 - INFO - Batch 123 completed: 50 valid samples
2025-10-07 10:54:09,982 - INFO - Collected batch 124/1008: 50 samples
2025-10-07 10:54:09,982 - INFO - Collected batch 125/1008: 50 samples
2025-10-07 10:54:10,028 - INFO - Processing batch 126 with 50 files
2025-10-07 10:54:10,029 - INFO - Batch 126 completed: 50 valid samples
2025-10-07 10:54:10,078 - INFO - Processing batch 125 with 50 files
2025-10-07 10:54:10,078 - INFO - Batch 125 completed: 50 valid samples
2025-10-07 10:54:10,085 - INFO - Collected batch 126/1008: 50 samples
2025-10-07 10:54:10,085 - INFO - Collected batch 127/1008: 50 samples
2025-10-07 10:54:10,126 - INFO - Processing batch 128 with 50 files
2025-10-07 10:54:10,127 - INFO - Batch 128 completed: 50 valid samples
2025-10-07 10:54:10,354 - INFO - Processing batch 127 with 50 files
2025-10-07 10:54:10,355 - INFO - Batch 127 completed: 50 valid samples
2025-10-07 10:54:10,356 - INFO - Collected batch 128/1008: 50 samples
2025-10-07 10:54:10,356 - INFO - Collected batch 129/1008: 50 samples
2025-10-07 10:54:10,402 - INFO - Processing batch 130 with 50 files
2025-10-07 10:54:10,402 - INFO - Batch 130 completed: 50 valid samples
2025-10-07 10:54:10,436 - INFO - Processing batch 129 with 50 files
2025-10-07 10:54:10,436 - INFO - Batch 129 completed: 50 valid samples
2025-10-07 10:54:10,448 - INFO - Collected batch 130/1008: 50 samples
2025-10-07 10:54:10,448 - INFO - Collected batch 131/1008: 50 samples
2025-10-07 10:54:10,498 - INFO - Processing batch 132 with 50 files
2025-10-07 10:54:10,499 - INFO - Batch 132 completed: 50 valid samples
2025-10-07 10:54:10,738 - INFO - Processing batch 131 with 50 files
2025-10-07 10:54:10,739 - INFO - Batch 131 completed: 50 valid samples
2025-10-07 10:54:10,740 - INFO - Collected batch 132/1008: 50 samples
2025-10-07 10:54:10,740 - INFO - Collected batch 133/1008: 50 samples
2025-10-07 10:54:10,759 - INFO - Processing batch 133 with 50 files
2025-10-07 10:54:10,760 - INFO - Batch 133 completed: 50 valid samples
2025-10-07 10:54:10,785 - INFO - Processing batch 134 with 50 files
2025-10-07 10:54:10,786 - INFO - Batch 134 completed: 50 valid samples
2025-10-07 10:54:10,806 - INFO - Collected batch 134/1008: 50 samples
2025-10-07 10:54:10,806 - INFO - Collected batch 135/1008: 50 samples
2025-10-07 10:54:11,076 - INFO - Processing batch 136 with 50 files
2025-10-07 10:54:11,076 - INFO - Batch 136 completed: 50 valid samples
2025-10-07 10:54:11,275 - INFO - Processing batch 135 with 50 files
2025-10-07 10:54:11,276 - INFO - Batch 135 completed: 50 valid samples
2025-10-07 10:54:11,277 - INFO - Collected batch 136/1008: 50 samples
2025-10-07 10:54:11,277 - INFO - Collected batch 137/1008: 50 samples
2025-10-07 10:54:11,330 - INFO - Processing batch 138 with 50 files
2025-10-07 10:54:11,331 - INFO - Batch 138 completed: 50 valid samples
2025-10-07 10:54:11,562 - INFO - Processing batch 137 with 50 files
2025-10-07 10:54:11,563 - INFO - Batch 137 completed: 50 valid samples
2025-10-07 10:54:11,564 - INFO - Collected batch 138/1008: 50 samples
2025-10-07 10:54:11,564 - INFO - Collected batch 139/1008: 50 samples
2025-10-07 10:54:11,619 - INFO - Processing batch 140 with 50 files
2025-10-07 10:54:11,619 - INFO - Batch 140 completed: 50 valid samples
2025-10-07 10:54:11,656 - INFO - Processing batch 139 with 50 files
2025-10-07 10:54:11,657 - INFO - Batch 139 completed: 50 valid samples
2025-10-07 10:54:11,672 - INFO - Collected batch 140/1008: 50 samples
2025-10-07 10:54:11,672 - INFO - Collected batch 141/1008: 50 samples
2025-10-07 10:54:11,714 - INFO - Processing batch 142 with 50 files
2025-10-07 10:54:11,714 - INFO - Batch 142 completed: 50 valid samples
2025-10-07 10:54:11,884 - INFO - Processing batch 143 with 50 files
2025-10-07 10:54:11,885 - INFO - Batch 143 completed: 50 valid samples
2025-10-07 10:54:12,127 - INFO - Processing batch 141 with 50 files
2025-10-07 10:54:12,128 - INFO - Batch 141 completed: 50 valid samples
2025-10-07 10:54:12,129 - INFO - Collected batch 142/1008: 50 samples
2025-10-07 10:54:12,129 - INFO - Collected batch 143/1008: 50 samples
2025-10-07 10:54:12,129 - INFO - Collected batch 144/1008: 50 samples
2025-10-07 10:54:12,184 - INFO - Processing batch 145 with 50 files
2025-10-07 10:54:12,185 - INFO - Batch 145 completed: 50 valid samples
2025-10-07 10:54:12,192 - INFO - Processing batch 144 with 50 files
2025-10-07 10:54:12,192 - INFO - Batch 144 completed: 50 valid samples
2025-10-07 10:54:12,196 - INFO - Collected batch 145/1008: 50 samples
2025-10-07 10:54:12,196 - INFO - Collected batch 146/1008: 50 samples
2025-10-07 10:54:12,281 - INFO - Processing batch 147 with 50 files
2025-10-07 10:54:12,282 - INFO - Batch 147 completed: 50 valid samples
2025-10-07 10:54:12,456 - INFO - Processing batch 146 with 50 files
2025-10-07 10:54:12,457 - INFO - Batch 146 completed: 50 valid samples
2025-10-07 10:54:12,458 - INFO - Collected batch 147/1008: 50 samples
2025-10-07 10:54:12,458 - INFO - Collected batch 148/1008: 50 samples
2025-10-07 10:54:12,616 - INFO - Processing batch 148 with 50 files
2025-10-07 10:54:12,617 - INFO - Batch 148 completed: 50 valid samples
2025-10-07 10:54:12,618 - INFO - Collected batch 149/1008: 50 samples
2025-10-07 10:54:12,663 - INFO - Processing batch 150 with 50 files
2025-10-07 10:54:12,664 - INFO - Batch 150 completed: 50 valid samples
2025-10-07 10:54:12,909 - INFO - Processing batch 149 with 50 files
2025-10-07 10:54:12,910 - INFO - Batch 149 completed: 50 valid samples
2025-10-07 10:54:12,911 - INFO - Collected batch 150/1008: 50 samples
2025-10-07 10:54:12,911 - INFO - Collected batch 151/1008: 50 samples
2025-10-07 10:54:12,958 - INFO - Processing batch 152 with 50 files
2025-10-07 10:54:12,958 - INFO - Batch 152 completed: 50 valid samples
2025-10-07 10:54:12,985 - INFO - Processing batch 151 with 50 files
2025-10-07 10:54:12,986 - INFO - Batch 151 completed: 50 valid samples
2025-10-07 10:54:13,025 - INFO - Collected batch 152/1008: 50 samples
2025-10-07 10:54:13,025 - INFO - Collected batch 153/1008: 50 samples
2025-10-07 10:54:13,074 - INFO - Processing batch 154 with 50 files
2025-10-07 10:54:13,075 - INFO - Batch 154 completed: 50 valid samples
2025-10-07 10:54:13,316 - INFO - Processing batch 153 with 50 files
2025-10-07 10:54:13,317 - INFO - Batch 153 completed: 50 valid samples
2025-10-07 10:54:13,317 - INFO - Collected batch 154/1008: 50 samples
2025-10-07 10:54:13,318 - INFO - Collected batch 155/1008: 50 samples
2025-10-07 10:54:13,344 - INFO - Processing batch 155 with 50 files
2025-10-07 10:54:13,345 - INFO - Batch 155 completed: 50 valid samples
2025-10-07 10:54:13,363 - INFO - Collected batch 156/1008: 50 samples
2025-10-07 10:54:13,366 - INFO - Processing batch 156 with 50 files
2025-10-07 10:54:13,366 - INFO - Batch 156 completed: 50 valid samples
2025-10-07 10:54:13,367 - INFO - Collected batch 157/1008: 50 samples
2025-10-07 10:54:13,740 - INFO - Processing batch 158 with 50 files
2025-10-07 10:54:13,740 - INFO - Batch 158 completed: 50 valid samples
2025-10-07 10:54:13,789 - INFO - Processing batch 159 with 50 files
2025-10-07 10:54:13,789 - INFO - Batch 159 completed: 50 valid samples
2025-10-07 10:54:13,878 - INFO - Processing batch 157 with 50 files
2025-10-07 10:54:13,879 - INFO - Batch 157 completed: 50 valid samples
2025-10-07 10:54:13,879 - INFO - Collected batch 158/1008: 50 samples
2025-10-07 10:54:13,880 - INFO - Collected batch 159/1008: 50 samples
2025-10-07 10:54:13,880 - INFO - Collected batch 160/1008: 50 samples
2025-10-07 10:54:13,932 - INFO - Processing batch 161 with 50 files
2025-10-07 10:54:13,932 - INFO - Batch 161 completed: 50 valid samples
2025-10-07 10:54:13,971 - INFO - Processing batch 160 with 50 files
2025-10-07 10:54:13,972 - INFO - Batch 160 completed: 50 valid samples
2025-10-07 10:54:13,978 - INFO - Collected batch 161/1008: 50 samples
2025-10-07 10:54:13,978 - INFO - Collected batch 162/1008: 50 samples
2025-10-07 10:54:14,282 - INFO - Processing batch 163 with 50 files
2025-10-07 10:54:14,283 - INFO - Batch 163 completed: 50 valid samples
2025-10-07 10:54:14,306 - INFO - Processing batch 162 with 50 files
2025-10-07 10:54:14,307 - INFO - Batch 162 completed: 50 valid samples
2025-10-07 10:54:14,329 - INFO - Processing batch 164 with 50 files
2025-10-07 10:54:14,330 - INFO - Batch 164 completed: 50 valid samples
2025-10-07 10:54:14,353 - INFO - Collected batch 163/1008: 50 samples
2025-10-07 10:54:14,353 - INFO - Collected batch 164/1008: 50 samples
2025-10-07 10:54:14,353 - INFO - Collected batch 165/1008: 50 samples
2025-10-07 10:54:14,402 - INFO - Processing batch 165 with 50 files
2025-10-07 10:54:14,403 - INFO - Batch 165 completed: 50 valid samples
2025-10-07 10:54:14,434 - INFO - Collected batch 166/1008: 50 samples
2025-10-07 10:54:14,688 - INFO - Processing batch 167 with 50 files
2025-10-07 10:54:14,689 - INFO - Batch 167 completed: 50 valid samples
2025-10-07 10:54:14,735 - INFO - Processing batch 166 with 50 files
2025-10-07 10:54:14,736 - INFO - Batch 166 completed: 50 valid samples
2025-10-07 10:54:14,737 - INFO - Collected batch 167/1008: 50 samples
2025-10-07 10:54:14,737 - INFO - Collected batch 168/1008: 50 samples
2025-10-07 10:54:14,784 - INFO - Processing batch 169 with 50 files
2025-10-07 10:54:14,784 - INFO - Batch 169 completed: 50 valid samples
2025-10-07 10:54:14,958 - INFO - Processing batch 170 with 50 files
2025-10-07 10:54:14,959 - INFO - Batch 170 completed: 50 valid samples
2025-10-07 10:54:15,019 - INFO - Processing batch 168 with 50 files
2025-10-07 10:54:15,020 - INFO - Batch 168 completed: 50 valid samples
2025-10-07 10:54:15,050 - INFO - Collected batch 169/1008: 50 samples
2025-10-07 10:54:15,050 - INFO - Collected batch 170/1008: 50 samples
2025-10-07 10:54:15,051 - INFO - Collected batch 171/1008: 50 samples
2025-10-07 10:54:15,088 - INFO - Processing batch 172 with 50 files
2025-10-07 10:54:15,089 - INFO - Batch 172 completed: 50 valid samples
2025-10-07 10:54:15,274 - INFO - Processing batch 171 with 50 files
2025-10-07 10:54:15,275 - INFO - Batch 171 completed: 50 valid samples
2025-10-07 10:54:15,275 - INFO - Collected batch 172/1008: 50 samples
2025-10-07 10:54:15,276 - INFO - Collected batch 173/1008: 50 samples
2025-10-07 10:54:15,320 - INFO - Processing batch 174 with 50 files
2025-10-07 10:54:15,321 - INFO - Batch 174 completed: 50 valid samples
2025-10-07 10:54:15,412 - INFO - Processing batch 173 with 50 files
2025-10-07 10:54:15,413 - INFO - Batch 173 completed: 50 valid samples
2025-10-07 10:54:15,414 - INFO - Collected batch 174/1008: 50 samples
2025-10-07 10:54:15,414 - INFO - Collected batch 175/1008: 50 samples
2025-10-07 10:54:15,461 - INFO - Processing batch 176 with 50 files
2025-10-07 10:54:15,461 - INFO - Batch 176 completed: 50 valid samples
2025-10-07 10:54:15,796 - INFO - Processing batch 177 with 50 files
2025-10-07 10:54:15,796 - INFO - Batch 177 completed: 50 valid samples
2025-10-07 10:54:15,845 - INFO - Processing batch 178 with 50 files
2025-10-07 10:54:15,846 - INFO - Batch 178 completed: 50 valid samples
2025-10-07 10:54:15,847 - INFO - Processing batch 175 with 50 files
2025-10-07 10:54:15,848 - INFO - Batch 175 completed: 50 valid samples
2025-10-07 10:54:15,849 - INFO - Collected batch 176/1008: 50 samples
2025-10-07 10:54:15,849 - INFO - Collected batch 177/1008: 50 samples
2025-10-07 10:54:15,849 - INFO - Collected batch 178/1008: 50 samples
2025-10-07 10:54:15,849 - INFO - Collected batch 179/1008: 50 samples
2025-10-07 10:54:15,936 - INFO - Processing batch 180 with 50 files
2025-10-07 10:54:15,937 - INFO - Batch 180 completed: 50 valid samples
2025-10-07 10:54:16,015 - INFO - Processing batch 179 with 50 files
2025-10-07 10:54:16,015 - INFO - Batch 179 completed: 50 valid samples
2025-10-07 10:54:16,016 - INFO - Collected batch 180/1008: 50 samples
2025-10-07 10:54:16,016 - INFO - Collected batch 181/1008: 50 samples
2025-10-07 10:54:16,323 - INFO - Processing batch 182 with 50 files
2025-10-07 10:54:16,323 - INFO - Batch 182 completed: 50 valid samples
2025-10-07 10:54:16,374 - INFO - Processing batch 183 with 50 files
2025-10-07 10:54:16,375 - INFO - Batch 183 completed: 50 valid samples
2025-10-07 10:54:16,425 - INFO - Processing batch 181 with 50 files
2025-10-07 10:54:16,425 - INFO - Batch 181 completed: 50 valid samples
2025-10-07 10:54:16,429 - INFO - Collected batch 182/1008: 50 samples
2025-10-07 10:54:16,430 - INFO - Collected batch 183/1008: 50 samples
2025-10-07 10:54:16,430 - INFO - Collected batch 184/1008: 50 samples
2025-10-07 10:54:16,481 - INFO - Processing batch 185 with 50 files
2025-10-07 10:54:16,482 - INFO - Batch 185 completed: 50 valid samples
2025-10-07 10:54:16,692 - INFO - Processing batch 184 with 50 files
2025-10-07 10:54:16,692 - INFO - Batch 184 completed: 50 valid samples
2025-10-07 10:54:16,693 - INFO - Collected batch 185/1008: 50 samples
2025-10-07 10:54:16,694 - INFO - Collected batch 186/1008: 50 samples
2025-10-07 10:54:16,728 - INFO - Processing batch 186 with 50 files
2025-10-07 10:54:16,728 - INFO - Batch 186 completed: 50 valid samples
2025-10-07 10:54:16,738 - INFO - Processing batch 187 with 50 files
2025-10-07 10:54:16,739 - INFO - Batch 187 completed: 50 valid samples
2025-10-07 10:54:16,754 - INFO - Collected batch 187/1008: 50 samples
2025-10-07 10:54:16,754 - INFO - Collected batch 188/1008: 50 samples
2025-10-07 10:54:16,952 - INFO - Processing batch 189 with 50 files
2025-10-07 10:54:16,953 - INFO - Batch 189 completed: 50 valid samples
2025-10-07 10:54:17,228 - INFO - Processing batch 188 with 50 files
2025-10-07 10:54:17,229 - INFO - Batch 188 completed: 50 valid samples
2025-10-07 10:54:17,230 - INFO - Collected batch 189/1008: 50 samples
2025-10-07 10:54:17,230 - INFO - Collected batch 190/1008: 50 samples
2025-10-07 10:54:17,254 - INFO - Processing batch 190 with 50 files
2025-10-07 10:54:17,255 - INFO - Batch 190 completed: 50 valid samples
2025-10-07 10:54:17,271 - INFO - Collected batch 191/1008: 50 samples
2025-10-07 10:54:17,285 - INFO - Processing batch 191 with 50 files
2025-10-07 10:54:17,286 - INFO - Batch 191 completed: 50 valid samples
2025-10-07 10:54:17,304 - INFO - Collected batch 192/1008: 50 samples
2025-10-07 10:54:17,314 - INFO - Processing batch 192 with 50 files
2025-10-07 10:54:17,314 - INFO - Batch 192 completed: 50 valid samples
2025-10-07 10:54:17,336 - INFO - Collected batch 193/1008: 50 samples
2025-10-07 10:54:17,668 - INFO - Processing batch 194 with 50 files
2025-10-07 10:54:17,669 - INFO - Batch 194 completed: 50 valid samples
2025-10-07 10:54:17,719 - INFO - Processing batch 195 with 50 files
2025-10-07 10:54:17,720 - INFO - Batch 195 completed: 50 valid samples
2025-10-07 10:54:17,815 - INFO - Processing batch 193 with 50 files
2025-10-07 10:54:17,816 - INFO - Batch 193 completed: 50 valid samples
2025-10-07 10:54:17,817 - INFO - Collected batch 194/1008: 50 samples
2025-10-07 10:54:17,817 - INFO - Collected batch 195/1008: 50 samples
2025-10-07 10:54:17,817 - INFO - Collected batch 196/1008: 50 samples
2025-10-07 10:54:17,870 - INFO - Processing batch 197 with 50 files
2025-10-07 10:54:17,871 - INFO - Batch 197 completed: 50 valid samples
2025-10-07 10:54:18,041 - INFO - Processing batch 196 with 50 files
2025-10-07 10:54:18,042 - INFO - Batch 196 completed: 50 valid samples
2025-10-07 10:54:18,043 - INFO - Collected batch 197/1008: 50 samples
2025-10-07 10:54:18,043 - INFO - Collected batch 198/1008: 50 samples
2025-10-07 10:54:18,087 - INFO - Processing batch 199 with 50 files
2025-10-07 10:54:18,088 - INFO - Batch 199 completed: 50 valid samples
2025-10-07 10:54:18,126 - INFO - Processing batch 198 with 50 files
2025-10-07 10:54:18,127 - INFO - Batch 198 completed: 50 valid samples
2025-10-07 10:54:18,143 - INFO - Collected batch 199/1008: 50 samples
2025-10-07 10:54:18,143 - INFO - Collected batch 200/1008: 50 samples
2025-10-07 10:54:18,273 - INFO - Processing batch 200 with 50 files
2025-10-07 10:54:18,273 - INFO - Batch 200 completed: 50 valid samples
2025-10-07 10:54:18,274 - INFO - Collected batch 201/1008: 50 samples
2025-10-07 10:54:18,486 - INFO - Processing batch 201 with 50 files
2025-10-07 10:54:18,486 - INFO - Batch 201 completed: 50 valid samples
2025-10-07 10:54:18,487 - INFO - Collected batch 202/1008: 50 samples
2025-10-07 10:54:18,534 - INFO - Processing batch 203 with 50 files
2025-10-07 10:54:18,535 - INFO - Batch 203 completed: 50 valid samples
2025-10-07 10:54:18,582 - INFO - Processing batch 202 with 50 files
2025-10-07 10:54:18,583 - INFO - Batch 202 completed: 50 valid samples
2025-10-07 10:54:18,602 - INFO - Collected batch 203/1008: 50 samples
2025-10-07 10:54:18,602 - INFO - Collected batch 204/1008: 50 samples
2025-10-07 10:54:18,657 - INFO - Processing batch 205 with 50 files
2025-10-07 10:54:18,657 - INFO - Batch 205 completed: 50 valid samples
2025-10-07 10:54:18,894 - INFO - Processing batch 204 with 50 files
2025-10-07 10:54:18,895 - INFO - Batch 204 completed: 50 valid samples
2025-10-07 10:54:18,896 - INFO - Collected batch 205/1008: 50 samples
2025-10-07 10:54:18,896 - INFO - Collected batch 206/1008: 50 samples
2025-10-07 10:54:18,944 - INFO - Processing batch 207 with 50 files
2025-10-07 10:54:18,945 - INFO - Batch 207 completed: 50 valid samples
2025-10-07 10:54:19,183 - INFO - Processing batch 206 with 50 files
2025-10-07 10:54:19,184 - INFO - Batch 206 completed: 50 valid samples
2025-10-07 10:54:19,185 - INFO - Collected batch 207/1008: 50 samples
2025-10-07 10:54:19,185 - INFO - Collected batch 208/1008: 50 samples
2025-10-07 10:54:19,239 - INFO - Processing batch 209 with 50 files
2025-10-07 10:54:19,240 - INFO - Batch 209 completed: 50 valid samples
2025-10-07 10:54:19,285 - INFO - Processing batch 208 with 50 files
2025-10-07 10:54:19,285 - INFO - Batch 208 completed: 50 valid samples
2025-10-07 10:54:19,302 - INFO - Collected batch 209/1008: 50 samples
2025-10-07 10:54:19,303 - INFO - Collected batch 210/1008: 50 samples
2025-10-07 10:54:19,350 - INFO - Processing batch 211 with 50 files
2025-10-07 10:54:19,350 - INFO - Batch 211 completed: 50 valid samples
2025-10-07 10:54:19,487 - INFO - Processing batch 210 with 50 files
2025-10-07 10:54:19,487 - INFO - Batch 210 completed: 50 valid samples
2025-10-07 10:54:19,488 - INFO - Collected batch 211/1008: 50 samples
2025-10-07 10:54:19,489 - INFO - Collected batch 212/1008: 50 samples
2025-10-07 10:54:19,601 - INFO - Processing batch 212 with 50 files
2025-10-07 10:54:19,601 - INFO - Batch 212 completed: 50 valid samples
2025-10-07 10:54:19,603 - INFO - Collected batch 213/1008: 50 samples
2025-10-07 10:54:19,968 - INFO - Processing batch 213 with 50 files
2025-10-07 10:54:19,969 - INFO - Batch 213 completed: 50 valid samples
2025-10-07 10:54:19,970 - INFO - Collected batch 214/1008: 50 samples
2025-10-07 10:54:20,023 - INFO - Processing batch 215 with 50 files
2025-10-07 10:54:20,024 - INFO - Batch 215 completed: 50 valid samples
2025-10-07 10:54:20,087 - INFO - Processing batch 214 with 50 files
2025-10-07 10:54:20,088 - INFO - Batch 214 completed: 50 valid samples
2025-10-07 10:54:20,089 - INFO - Collected batch 215/1008: 50 samples
2025-10-07 10:54:20,089 - INFO - Collected batch 216/1008: 50 samples
2025-10-07 10:54:20,144 - INFO - Processing batch 217 with 50 files
2025-10-07 10:54:20,145 - INFO - Batch 217 completed: 50 valid samples
2025-10-07 10:54:20,515 - INFO - Processing batch 216 with 50 files
2025-10-07 10:54:20,516 - INFO - Batch 216 completed: 50 valid samples
2025-10-07 10:54:20,516 - INFO - Collected batch 217/1008: 50 samples
2025-10-07 10:54:20,517 - INFO - Collected batch 218/1008: 50 samples
2025-10-07 10:54:20,572 - INFO - Processing batch 219 with 50 files
2025-10-07 10:54:20,572 - INFO - Batch 219 completed: 50 valid samples
2025-10-07 10:54:20,627 - INFO - Processing batch 218 with 50 files
2025-10-07 10:54:20,628 - INFO - Batch 218 completed: 50 valid samples
2025-10-07 10:54:20,634 - INFO - Collected batch 219/1008: 50 samples
2025-10-07 10:54:20,634 - INFO - Collected batch 220/1008: 50 samples
2025-10-07 10:54:20,684 - INFO - Processing batch 221 with 50 files
2025-10-07 10:54:20,685 - INFO - Batch 221 completed: 50 valid samples
2025-10-07 10:54:20,936 - INFO - Processing batch 222 with 50 files
2025-10-07 10:54:20,937 - INFO - Batch 222 completed: 50 valid samples
2025-10-07 10:54:21,065 - INFO - Processing batch 220 with 50 files
2025-10-07 10:54:21,065 - INFO - Batch 220 completed: 50 valid samples
2025-10-07 10:54:21,066 - INFO - Collected batch 221/1008: 50 samples
2025-10-07 10:54:21,067 - INFO - Collected batch 222/1008: 50 samples
2025-10-07 10:54:21,067 - INFO - Collected batch 223/1008: 50 samples
2025-10-07 10:54:21,121 - INFO - Processing batch 224 with 50 files
2025-10-07 10:54:21,122 - INFO - Batch 224 completed: 50 valid samples
2025-10-07 10:54:21,334 - INFO - Processing batch 225 with 50 files
2025-10-07 10:54:21,335 - INFO - Batch 225 completed: 50 valid samples
2025-10-07 10:54:21,446 - INFO - Processing batch 223 with 50 files
2025-10-07 10:54:21,447 - INFO - Batch 223 completed: 50 valid samples
2025-10-07 10:54:21,448 - INFO - Collected batch 224/1008: 50 samples
2025-10-07 10:54:21,448 - INFO - Collected batch 225/1008: 50 samples
2025-10-07 10:54:21,448 - INFO - Collected batch 226/1008: 50 samples
2025-10-07 10:54:21,503 - INFO - Processing batch 227 with 50 files
2025-10-07 10:54:21,503 - INFO - Batch 227 completed: 50 valid samples
2025-10-07 10:54:21,665 - INFO - Processing batch 226 with 50 files
2025-10-07 10:54:21,666 - INFO - Batch 226 completed: 50 valid samples
2025-10-07 10:54:21,667 - INFO - Collected batch 227/1008: 50 samples
2025-10-07 10:54:21,667 - INFO - Collected batch 228/1008: 50 samples
2025-10-07 10:54:21,712 - INFO - Processing batch 229 with 50 files
2025-10-07 10:54:21,713 - INFO - Batch 229 completed: 50 valid samples
2025-10-07 10:54:22,004 - INFO - Processing batch 228 with 50 files
2025-10-07 10:54:22,005 - INFO - Batch 228 completed: 50 valid samples
2025-10-07 10:54:22,005 - INFO - Collected batch 229/1008: 50 samples
2025-10-07 10:54:22,006 - INFO - Collected batch 230/1008: 50 samples
2025-10-07 10:54:22,030 - INFO - Processing batch 230 with 50 files
2025-10-07 10:54:22,031 - INFO - Batch 230 completed: 50 valid samples
2025-10-07 10:54:22,048 - INFO - Collected batch 231/1008: 50 samples
2025-10-07 10:54:22,061 - INFO - Processing batch 231 with 50 files
2025-10-07 10:54:22,061 - INFO - Batch 231 completed: 50 valid samples
2025-10-07 10:54:22,080 - INFO - Collected batch 232/1008: 50 samples
2025-10-07 10:54:22,090 - INFO - Processing batch 232 with 50 files
2025-10-07 10:54:22,091 - INFO - Batch 232 completed: 50 valid samples
2025-10-07 10:54:22,110 - INFO - Collected batch 233/1008: 50 samples
2025-10-07 10:54:22,278 - INFO - Processing batch 234 with 50 files
2025-10-07 10:54:22,279 - INFO - Batch 234 completed: 50 valid samples
2025-10-07 10:54:22,590 - INFO - Processing batch 233 with 50 files
2025-10-07 10:54:22,591 - INFO - Batch 233 completed: 50 valid samples
2025-10-07 10:54:22,592 - INFO - Collected batch 234/1008: 50 samples
2025-10-07 10:54:22,592 - INFO - Collected batch 235/1008: 50 samples
2025-10-07 10:54:22,602 - INFO - Processing batch 235 with 50 files
2025-10-07 10:54:22,603 - INFO - Batch 235 completed: 50 valid samples
2025-10-07 10:54:22,603 - INFO - Collected batch 236/1008: 50 samples
2025-10-07 10:54:22,646 - INFO - Processing batch 236 with 50 files
2025-10-07 10:54:22,647 - INFO - Batch 236 completed: 50 valid samples
2025-10-07 10:54:22,659 - INFO - Collected batch 237/1008: 50 samples
2025-10-07 10:54:22,700 - INFO - Processing batch 237 with 50 files
2025-10-07 10:54:22,700 - INFO - Batch 237 completed: 50 valid samples
2025-10-07 10:54:22,703 - INFO - Collected batch 238/1008: 50 samples
2025-10-07 10:54:22,956 - INFO - Processing batch 238 with 50 files
2025-10-07 10:54:22,956 - INFO - Batch 238 completed: 50 valid samples
2025-10-07 10:54:22,957 - INFO - Collected batch 239/1008: 50 samples
2025-10-07 10:54:23,057 - INFO - Processing batch 239 with 50 files
2025-10-07 10:54:23,058 - INFO - Batch 239 completed: 50 valid samples
2025-10-07 10:54:23,059 - INFO - Collected batch 240/1008: 50 samples
2025-10-07 10:54:23,103 - INFO - Processing batch 241 with 50 files
2025-10-07 10:54:23,104 - INFO - Batch 241 completed: 50 valid samples
2025-10-07 10:54:23,322 - INFO - Processing batch 240 with 50 files
2025-10-07 10:54:23,322 - INFO - Batch 240 completed: 50 valid samples
2025-10-07 10:54:23,323 - INFO - Collected batch 241/1008: 50 samples
2025-10-07 10:54:23,323 - INFO - Collected batch 242/1008: 50 samples
2025-10-07 10:54:23,370 - INFO - Processing batch 243 with 50 files
2025-10-07 10:54:23,371 - INFO - Batch 243 completed: 50 valid samples
2025-10-07 10:54:23,423 - INFO - Processing batch 242 with 50 files
2025-10-07 10:54:23,424 - INFO - Batch 242 completed: 50 valid samples
2025-10-07 10:54:23,435 - INFO - Collected batch 243/1008: 50 samples
2025-10-07 10:54:23,435 - INFO - Collected batch 244/1008: 50 samples
2025-10-07 10:54:23,476 - INFO - Processing batch 245 with 50 files
2025-10-07 10:54:23,477 - INFO - Batch 245 completed: 50 valid samples
2025-10-07 10:54:23,642 - INFO - Processing batch 246 with 50 files
2025-10-07 10:54:23,643 - INFO - Batch 246 completed: 50 valid samples
2025-10-07 10:54:23,721 - INFO - Processing batch 244 with 50 files
2025-10-07 10:54:23,722 - INFO - Batch 244 completed: 50 valid samples
2025-10-07 10:54:23,723 - INFO - Collected batch 245/1008: 50 samples
2025-10-07 10:54:23,723 - INFO - Collected batch 246/1008: 50 samples
2025-10-07 10:54:23,723 - INFO - Collected batch 247/1008: 50 samples
2025-10-07 10:54:23,776 - INFO - Processing batch 248 with 50 files
2025-10-07 10:54:23,777 - INFO - Batch 248 completed: 50 valid samples
2025-10-07 10:54:23,967 - INFO - Processing batch 247 with 50 files
2025-10-07 10:54:23,968 - INFO - Batch 247 completed: 50 valid samples
2025-10-07 10:54:23,969 - INFO - Collected batch 248/1008: 50 samples
2025-10-07 10:54:23,969 - INFO - Collected batch 249/1008: 50 samples
2025-10-07 10:54:24,015 - INFO - Processing batch 250 with 50 files
2025-10-07 10:54:24,016 - INFO - Batch 250 completed: 50 valid samples
2025-10-07 10:54:24,039 - INFO - Processing batch 249 with 50 files
2025-10-07 10:54:24,040 - INFO - Batch 249 completed: 50 valid samples
2025-10-07 10:54:24,064 - INFO - Collected batch 250/1008: 50 samples
2025-10-07 10:54:24,064 - INFO - Collected batch 251/1008: 50 samples
2025-10-07 10:54:24,345 - INFO - Processing batch 251 with 50 files
2025-10-07 10:54:24,345 - INFO - Batch 251 completed: 50 valid samples
2025-10-07 10:54:24,346 - INFO - Collected batch 252/1008: 50 samples
2025-10-07 10:54:24,392 - INFO - Processing batch 253 with 50 files
2025-10-07 10:54:24,393 - INFO - Batch 253 completed: 50 valid samples
2025-10-07 10:54:24,559 - INFO - Processing batch 252 with 50 files
2025-10-07 10:54:24,560 - INFO - Batch 252 completed: 50 valid samples
2025-10-07 10:54:24,560 - INFO - Collected batch 253/1008: 50 samples
2025-10-07 10:54:24,561 - INFO - Collected batch 254/1008: 50 samples
2025-10-07 10:54:24,562 - INFO - Processing batch 254 with 50 files
2025-10-07 10:54:24,563 - INFO - Batch 254 completed: 50 valid samples
2025-10-07 10:54:24,563 - INFO - Collected batch 255/1008: 50 samples
2025-10-07 10:54:24,673 - INFO - Processing batch 256 with 50 files
2025-10-07 10:54:24,674 - INFO - Batch 256 completed: 50 valid samples
2025-10-07 10:54:24,896 - INFO - Processing batch 255 with 50 files
2025-10-07 10:54:24,897 - INFO - Batch 255 completed: 50 valid samples
2025-10-07 10:54:24,898 - INFO - Collected batch 256/1008: 50 samples
2025-10-07 10:54:24,898 - INFO - Collected batch 257/1008: 50 samples
2025-10-07 10:54:24,945 - INFO - Processing batch 258 with 50 files
2025-10-07 10:54:24,946 - INFO - Batch 258 completed: 50 valid samples
2025-10-07 10:54:25,143 - INFO - Processing batch 257 with 50 files
2025-10-07 10:54:25,144 - INFO - Batch 257 completed: 50 valid samples
2025-10-07 10:54:25,145 - INFO - Collected batch 258/1008: 50 samples
2025-10-07 10:54:25,145 - INFO - Collected batch 259/1008: 50 samples
2025-10-07 10:54:25,192 - INFO - Processing batch 260 with 50 files
2025-10-07 10:54:25,193 - INFO - Batch 260 completed: 50 valid samples
2025-10-07 10:54:25,262 - INFO - Processing batch 259 with 50 files
2025-10-07 10:54:25,263 - INFO - Batch 259 completed: 50 valid samples
2025-10-07 10:54:25,264 - INFO - Collected batch 260/1008: 50 samples
2025-10-07 10:54:25,264 - INFO - Collected batch 261/1008: 50 samples
2025-10-07 10:54:25,310 - INFO - Processing batch 262 with 50 files
2025-10-07 10:54:25,311 - INFO - Batch 262 completed: 50 valid samples
2025-10-07 10:54:25,511 - INFO - Processing batch 261 with 50 files
2025-10-07 10:54:25,512 - INFO - Batch 261 completed: 50 valid samples
2025-10-07 10:54:25,513 - INFO - Collected batch 262/1008: 50 samples
2025-10-07 10:54:25,513 - INFO - Collected batch 263/1008: 50 samples
2025-10-07 10:54:25,558 - INFO - Processing batch 264 with 50 files
2025-10-07 10:54:25,559 - INFO - Batch 264 completed: 50 valid samples
2025-10-07 10:54:25,640 - INFO - Processing batch 263 with 50 files
2025-10-07 10:54:25,640 - INFO - Batch 263 completed: 50 valid samples
2025-10-07 10:54:25,641 - INFO - Collected batch 264/1008: 50 samples
2025-10-07 10:54:25,641 - INFO - Collected batch 265/1008: 50 samples
2025-10-07 10:54:25,690 - INFO - Processing batch 266 with 50 files
2025-10-07 10:54:25,691 - INFO - Batch 266 completed: 50 valid samples
2025-10-07 10:54:25,770 - INFO - Processing batch 265 with 50 files
2025-10-07 10:54:25,770 - INFO - Batch 265 completed: 50 valid samples
2025-10-07 10:54:25,771 - INFO - Collected batch 266/1008: 50 samples
2025-10-07 10:54:25,772 - INFO - Collected batch 267/1008: 50 samples
2025-10-07 10:54:25,871 - INFO - Processing batch 267 with 50 files
2025-10-07 10:54:25,872 - INFO - Batch 267 completed: 50 valid samples
2025-10-07 10:54:25,873 - INFO - Collected batch 268/1008: 50 samples
2025-10-07 10:54:26,083 - INFO - Processing batch 268 with 50 files
2025-10-07 10:54:26,084 - INFO - Batch 268 completed: 50 valid samples
2025-10-07 10:54:26,084 - INFO - Collected batch 269/1008: 50 samples
2025-10-07 10:54:26,131 - INFO - Processing batch 270 with 50 files
2025-10-07 10:54:26,132 - INFO - Batch 270 completed: 50 valid samples
2025-10-07 10:54:26,186 - INFO - Processing batch 269 with 50 files
2025-10-07 10:54:26,187 - INFO - Batch 269 completed: 50 valid samples
2025-10-07 10:54:26,199 - INFO - Collected batch 270/1008: 50 samples
2025-10-07 10:54:26,199 - INFO - Collected batch 271/1008: 50 samples
2025-10-07 10:54:26,250 - INFO - Processing batch 272 with 50 files
2025-10-07 10:54:26,251 - INFO - Batch 272 completed: 50 valid samples
2025-10-07 10:54:26,489 - INFO - Processing batch 271 with 50 files
2025-10-07 10:54:26,490 - INFO - Batch 271 completed: 50 valid samples
2025-10-07 10:54:26,491 - INFO - Collected batch 272/1008: 50 samples
2025-10-07 10:54:26,492 - INFO - Collected batch 273/1008: 50 samples
2025-10-07 10:54:26,541 - INFO - Processing batch 274 with 50 files
2025-10-07 10:54:26,542 - INFO - Batch 274 completed: 50 valid samples
2025-10-07 10:54:26,768 - INFO - Processing batch 273 with 50 files
2025-10-07 10:54:26,769 - INFO - Batch 273 completed: 50 valid samples
2025-10-07 10:54:26,770 - INFO - Collected batch 274/1008: 50 samples
2025-10-07 10:54:26,770 - INFO - Collected batch 275/1008: 50 samples
2025-10-07 10:54:26,797 - INFO - Processing batch 275 with 50 files
2025-10-07 10:54:26,798 - INFO - Batch 275 completed: 50 valid samples
2025-10-07 10:54:26,813 - INFO - Collected batch 276/1008: 50 samples
2025-10-07 10:54:26,826 - INFO - Processing batch 276 with 50 files
2025-10-07 10:54:26,826 - INFO - Batch 276 completed: 50 valid samples
2025-10-07 10:54:26,842 - INFO - Collected batch 277/1008: 50 samples
2025-10-07 10:54:27,016 - INFO - Processing batch 278 with 50 files
2025-10-07 10:54:27,017 - INFO - Batch 278 completed: 50 valid samples
2025-10-07 10:54:27,205 - INFO - Processing batch 277 with 50 files
2025-10-07 10:54:27,206 - INFO - Batch 277 completed: 50 valid samples
2025-10-07 10:54:27,206 - INFO - Collected batch 278/1008: 50 samples
2025-10-07 10:54:27,207 - INFO - Collected batch 279/1008: 50 samples
2025-10-07 10:54:27,253 - INFO - Processing batch 280 with 50 files
2025-10-07 10:54:27,253 - INFO - Batch 280 completed: 50 valid samples
2025-10-07 10:54:27,330 - INFO - Processing batch 279 with 50 files
2025-10-07 10:54:27,331 - INFO - Batch 279 completed: 50 valid samples
2025-10-07 10:54:27,332 - INFO - Collected batch 280/1008: 50 samples
2025-10-07 10:54:27,332 - INFO - Collected batch 281/1008: 50 samples
2025-10-07 10:54:27,378 - INFO - Processing batch 282 with 50 files
2025-10-07 10:54:27,379 - INFO - Batch 282 completed: 50 valid samples
2025-10-07 10:54:27,583 - INFO - Processing batch 281 with 50 files
2025-10-07 10:54:27,584 - INFO - Batch 281 completed: 50 valid samples
2025-10-07 10:54:27,585 - INFO - Collected batch 282/1008: 50 samples
2025-10-07 10:54:27,585 - INFO - Collected batch 283/1008: 50 samples
2025-10-07 10:54:27,631 - INFO - Processing batch 284 with 50 files
2025-10-07 10:54:27,632 - INFO - Batch 284 completed: 50 valid samples
2025-10-07 10:54:27,690 - INFO - Processing batch 283 with 50 files
2025-10-07 10:54:27,691 - INFO - Batch 283 completed: 50 valid samples
2025-10-07 10:54:27,697 - INFO - Collected batch 284/1008: 50 samples
2025-10-07 10:54:27,697 - INFO - Collected batch 285/1008: 50 samples
2025-10-07 10:54:27,739 - INFO - Processing batch 286 with 50 files
2025-10-07 10:54:27,740 - INFO - Batch 286 completed: 50 valid samples
2025-10-07 10:54:27,965 - INFO - Processing batch 285 with 50 files
2025-10-07 10:54:27,965 - INFO - Batch 285 completed: 50 valid samples
2025-10-07 10:54:27,966 - INFO - Collected batch 286/1008: 50 samples
2025-10-07 10:54:27,967 - INFO - Collected batch 287/1008: 50 samples
2025-10-07 10:54:28,012 - INFO - Processing batch 288 with 50 files
2025-10-07 10:54:28,013 - INFO - Batch 288 completed: 50 valid samples
2025-10-07 10:54:28,055 - INFO - Processing batch 287 with 50 files
2025-10-07 10:54:28,056 - INFO - Batch 287 completed: 50 valid samples
2025-10-07 10:54:28,080 - INFO - Collected batch 288/1008: 50 samples
2025-10-07 10:54:28,081 - INFO - Collected batch 289/1008: 50 samples
2025-10-07 10:54:28,129 - INFO - Processing batch 290 with 50 files
2025-10-07 10:54:28,130 - INFO - Batch 290 completed: 50 valid samples
2025-10-07 10:54:28,210 - INFO - Processing batch 289 with 50 files
2025-10-07 10:54:28,211 - INFO - Batch 289 completed: 50 valid samples
2025-10-07 10:54:28,212 - INFO - Collected batch 290/1008: 50 samples
2025-10-07 10:54:28,212 - INFO - Collected batch 291/1008: 50 samples
2025-10-07 10:54:28,388 - INFO - Processing batch 291 with 50 files
2025-10-07 10:54:28,389 - INFO - Batch 291 completed: 50 valid samples
2025-10-07 10:54:28,390 - INFO - Collected batch 292/1008: 50 samples
2025-10-07 10:54:28,534 - INFO - Processing batch 292 with 50 files
2025-10-07 10:54:28,535 - INFO - Batch 292 completed: 50 valid samples
2025-10-07 10:54:28,536 - INFO - Collected batch 293/1008: 50 samples
2025-10-07 10:54:28,584 - INFO - Processing batch 294 with 50 files
2025-10-07 10:54:28,584 - INFO - Batch 294 completed: 50 valid samples
2025-10-07 10:54:28,812 - INFO - Processing batch 293 with 50 files
2025-10-07 10:54:28,812 - INFO - Batch 293 completed: 50 valid samples
2025-10-07 10:54:28,813 - INFO - Collected batch 294/1008: 50 samples
2025-10-07 10:54:28,814 - INFO - Collected batch 295/1008: 50 samples
2025-10-07 10:54:28,859 - INFO - Processing batch 296 with 50 files
2025-10-07 10:54:28,860 - INFO - Batch 296 completed: 50 valid samples
2025-10-07 10:54:28,917 - INFO - Processing batch 295 with 50 files
2025-10-07 10:54:28,918 - INFO - Batch 295 completed: 50 valid samples
2025-10-07 10:54:28,918 - INFO - Collected batch 296/1008: 50 samples
2025-10-07 10:54:28,919 - INFO - Collected batch 297/1008: 50 samples
2025-10-07 10:54:28,965 - INFO - Processing batch 298 with 50 files
2025-10-07 10:54:28,966 - INFO - Batch 298 completed: 50 valid samples
2025-10-07 10:54:29,133 - INFO - Processing batch 299 with 50 files
2025-10-07 10:54:29,134 - INFO - Batch 299 completed: 50 valid samples
2025-10-07 10:54:29,182 - INFO - Processing batch 297 with 50 files
2025-10-07 10:54:29,182 - INFO - Batch 297 completed: 50 valid samples
2025-10-07 10:54:29,195 - INFO - Collected batch 298/1008: 50 samples
2025-10-07 10:54:29,195 - INFO - Collected batch 299/1008: 50 samples
2025-10-07 10:54:29,195 - INFO - Collected batch 300/1008: 50 samples
2025-10-07 10:54:29,235 - INFO - Processing batch 301 with 50 files
2025-10-07 10:54:29,236 - INFO - Batch 301 completed: 50 valid samples
2025-10-07 10:54:29,400 - INFO - Processing batch 302 with 50 files
2025-10-07 10:54:29,401 - INFO - Batch 302 completed: 50 valid samples
2025-10-07 10:54:29,444 - INFO - Processing batch 300 with 50 files
2025-10-07 10:54:29,445 - INFO - Batch 300 completed: 50 valid samples
2025-10-07 10:54:29,446 - INFO - Collected batch 301/1008: 50 samples
2025-10-07 10:54:29,446 - INFO - Collected batch 302/1008: 50 samples
2025-10-07 10:54:29,446 - INFO - Collected batch 303/1008: 50 samples
2025-10-07 10:54:29,494 - INFO - Processing batch 304 with 50 files
2025-10-07 10:54:29,495 - INFO - Batch 304 completed: 50 valid samples
2025-10-07 10:54:29,709 - INFO - Processing batch 303 with 50 files
2025-10-07 10:54:29,710 - INFO - Batch 303 completed: 50 valid samples
2025-10-07 10:54:29,711 - INFO - Collected batch 304/1008: 50 samples
2025-10-07 10:54:29,711 - INFO - Collected batch 305/1008: 50 samples
2025-10-07 10:54:29,757 - INFO - Processing batch 306 with 50 files
2025-10-07 10:54:29,758 - INFO - Batch 306 completed: 50 valid samples
2025-10-07 10:54:29,817 - INFO - Processing batch 305 with 50 files
2025-10-07 10:54:29,818 - INFO - Batch 305 completed: 50 valid samples
2025-10-07 10:54:29,819 - INFO - Collected batch 306/1008: 50 samples
2025-10-07 10:54:29,819 - INFO - Collected batch 307/1008: 50 samples
2025-10-07 10:54:29,865 - INFO - Processing batch 308 with 50 files
2025-10-07 10:54:29,866 - INFO - Batch 308 completed: 50 valid samples
2025-10-07 10:54:30,071 - INFO - Processing batch 307 with 50 files
2025-10-07 10:54:30,072 - INFO - Batch 307 completed: 50 valid samples
2025-10-07 10:54:30,073 - INFO - Collected batch 308/1008: 50 samples
2025-10-07 10:54:30,073 - INFO - Collected batch 309/1008: 50 samples
2025-10-07 10:54:30,119 - INFO - Processing batch 310 with 50 files
2025-10-07 10:54:30,120 - INFO - Batch 310 completed: 50 valid samples
2025-10-07 10:54:30,182 - INFO - Processing batch 309 with 50 files
2025-10-07 10:54:30,183 - INFO - Batch 309 completed: 50 valid samples
2025-10-07 10:54:30,184 - INFO - Collected batch 310/1008: 50 samples
2025-10-07 10:54:30,184 - INFO - Collected batch 311/1008: 50 samples
2025-10-07 10:54:30,230 - INFO - Processing batch 312 with 50 files
2025-10-07 10:54:30,231 - INFO - Batch 312 completed: 50 valid samples
2025-10-07 10:54:30,396 - INFO - Processing batch 313 with 50 files
2025-10-07 10:54:30,397 - INFO - Batch 313 completed: 50 valid samples
2025-10-07 10:54:30,433 - INFO - Processing batch 311 with 50 files
2025-10-07 10:54:30,434 - INFO - Batch 311 completed: 50 valid samples
2025-10-07 10:54:30,458 - INFO - Collected batch 312/1008: 50 samples
2025-10-07 10:54:30,458 - INFO - Collected batch 313/1008: 50 samples
2025-10-07 10:54:30,458 - INFO - Collected batch 314/1008: 50 samples
2025-10-07 10:54:30,498 - INFO - Processing batch 315 with 50 files
2025-10-07 10:54:30,498 - INFO - Batch 315 completed: 50 valid samples
2025-10-07 10:54:30,663 - INFO - Processing batch 316 with 50 files
2025-10-07 10:54:30,664 - INFO - Batch 316 completed: 50 valid samples
2025-10-07 10:54:30,718 - INFO - Processing batch 314 with 50 files
2025-10-07 10:54:30,719 - INFO - Batch 314 completed: 50 valid samples
2025-10-07 10:54:30,726 - INFO - Collected batch 315/1008: 50 samples
2025-10-07 10:54:30,726 - INFO - Collected batch 316/1008: 50 samples
2025-10-07 10:54:30,726 - INFO - Collected batch 317/1008: 50 samples
2025-10-07 10:54:30,767 - INFO - Processing batch 318 with 50 files
2025-10-07 10:54:30,767 - INFO - Batch 318 completed: 50 valid samples
2025-10-07 10:54:30,980 - INFO - Processing batch 317 with 50 files
2025-10-07 10:54:30,981 - INFO - Batch 317 completed: 50 valid samples
2025-10-07 10:54:30,982 - INFO - Collected batch 318/1008: 50 samples
2025-10-07 10:54:30,982 - INFO - Collected batch 319/1008: 50 samples
2025-10-07 10:54:31,028 - INFO - Processing batch 320 with 50 files
2025-10-07 10:54:31,028 - INFO - Batch 320 completed: 50 valid samples
2025-10-07 10:54:31,080 - INFO - Processing batch 319 with 50 files
2025-10-07 10:54:31,081 - INFO - Batch 319 completed: 50 valid samples
2025-10-07 10:54:31,081 - INFO - Collected batch 320/1008: 50 samples
2025-10-07 10:54:31,082 - INFO - Collected batch 321/1008: 50 samples
2025-10-07 10:54:31,128 - INFO - Processing batch 322 with 50 files
2025-10-07 10:54:31,129 - INFO - Batch 322 completed: 50 valid samples
2025-10-07 10:54:31,297 - INFO - Processing batch 323 with 50 files
2025-10-07 10:54:31,298 - INFO - Batch 323 completed: 50 valid samples
2025-10-07 10:54:31,340 - INFO - Processing batch 321 with 50 files
2025-10-07 10:54:31,340 - INFO - Batch 321 completed: 50 valid samples
2025-10-07 10:54:31,344 - INFO - Collected batch 322/1008: 50 samples
2025-10-07 10:54:31,344 - INFO - Collected batch 323/1008: 50 samples
2025-10-07 10:54:31,344 - INFO - Collected batch 324/1008: 50 samples
2025-10-07 10:54:31,387 - INFO - Processing batch 325 with 50 files
2025-10-07 10:54:31,388 - INFO - Batch 325 completed: 50 valid samples
2025-10-07 10:54:31,550 - INFO - Processing batch 326 with 50 files
2025-10-07 10:54:31,551 - INFO - Batch 326 completed: 50 valid samples
2025-10-07 10:54:31,623 - INFO - Processing batch 324 with 50 files
2025-10-07 10:54:31,624 - INFO - Batch 324 completed: 50 valid samples
2025-10-07 10:54:31,625 - INFO - Collected batch 325/1008: 50 samples
2025-10-07 10:54:31,625 - INFO - Collected batch 326/1008: 50 samples
2025-10-07 10:54:31,625 - INFO - Collected batch 327/1008: 50 samples
2025-10-07 10:54:31,671 - INFO - Processing batch 328 with 50 files
2025-10-07 10:54:31,672 - INFO - Batch 328 completed: 50 valid samples
2025-10-07 10:54:31,874 - INFO - Processing batch 327 with 50 files
2025-10-07 10:54:31,874 - INFO - Batch 327 completed: 50 valid samples
2025-10-07 10:54:31,875 - INFO - Collected batch 328/1008: 50 samples
2025-10-07 10:54:31,876 - INFO - Collected batch 329/1008: 50 samples
2025-10-07 10:54:31,925 - INFO - Processing batch 330 with 50 files
2025-10-07 10:54:31,925 - INFO - Batch 330 completed: 50 valid samples
2025-10-07 10:54:32,111 - INFO - Processing batch 329 with 50 files
2025-10-07 10:54:32,112 - INFO - Batch 329 completed: 50 valid samples
2025-10-07 10:54:32,113 - INFO - Collected batch 330/1008: 50 samples
2025-10-07 10:54:32,113 - INFO - Collected batch 331/1008: 50 samples
2025-10-07 10:54:32,159 - INFO - Processing batch 332 with 50 files
2025-10-07 10:54:32,160 - INFO - Batch 332 completed: 50 valid samples
2025-10-07 10:54:32,251 - INFO - Processing batch 331 with 50 files
2025-10-07 10:54:32,252 - INFO - Batch 331 completed: 50 valid samples
2025-10-07 10:54:32,253 - INFO - Collected batch 332/1008: 50 samples
2025-10-07 10:54:32,253 - INFO - Collected batch 333/1008: 50 samples
2025-10-07 10:54:32,301 - INFO - Processing batch 334 with 50 files
2025-10-07 10:54:32,302 - INFO - Batch 334 completed: 50 valid samples
2025-10-07 10:54:32,493 - INFO - Processing batch 333 with 50 files
2025-10-07 10:54:32,494 - INFO - Batch 333 completed: 50 valid samples
2025-10-07 10:54:32,495 - INFO - Collected batch 334/1008: 50 samples
2025-10-07 10:54:32,496 - INFO - Collected batch 335/1008: 50 samples
2025-10-07 10:54:32,539 - INFO - Processing batch 336 with 50 files
2025-10-07 10:54:32,540 - INFO - Batch 336 completed: 50 valid samples
2025-10-07 10:54:32,637 - INFO - Processing batch 335 with 50 files
2025-10-07 10:54:32,637 - INFO - Batch 335 completed: 50 valid samples
2025-10-07 10:54:32,638 - INFO - Collected batch 336/1008: 50 samples
2025-10-07 10:54:32,639 - INFO - Collected batch 337/1008: 50 samples
2025-10-07 10:54:32,688 - INFO - Processing batch 338 with 50 files
2025-10-07 10:54:32,688 - INFO - Batch 338 completed: 50 valid samples
2025-10-07 10:54:32,818 - INFO - Processing batch 337 with 50 files
2025-10-07 10:54:32,818 - INFO - Batch 337 completed: 50 valid samples
2025-10-07 10:54:32,819 - INFO - Collected batch 338/1008: 50 samples
2025-10-07 10:54:32,820 - INFO - Collected batch 339/1008: 50 samples
2025-10-07 10:54:32,859 - INFO - Processing batch 339 with 50 files
2025-10-07 10:54:32,859 - INFO - Batch 339 completed: 50 valid samples
2025-10-07 10:54:32,860 - INFO - Collected batch 340/1008: 50 samples
2025-10-07 10:54:33,172 - INFO - Processing batch 341 with 50 files
2025-10-07 10:54:33,173 - INFO - Batch 341 completed: 50 valid samples
2025-10-07 10:54:33,221 - INFO - Processing batch 342 with 50 files
2025-10-07 10:54:33,221 - INFO - Batch 342 completed: 50 valid samples
2025-10-07 10:54:33,223 - INFO - Processing batch 340 with 50 files
2025-10-07 10:54:33,224 - INFO - Batch 340 completed: 50 valid samples
2025-10-07 10:54:33,230 - INFO - Collected batch 341/1008: 50 samples
2025-10-07 10:54:33,230 - INFO - Collected batch 342/1008: 50 samples
2025-10-07 10:54:33,230 - INFO - Collected batch 343/1008: 50 samples
2025-10-07 10:54:33,313 - INFO - Processing batch 344 with 50 files
2025-10-07 10:54:33,314 - INFO - Batch 344 completed: 50 valid samples
2025-10-07 10:54:33,546 - INFO - Processing batch 343 with 50 files
2025-10-07 10:54:33,547 - INFO - Batch 343 completed: 50 valid samples
2025-10-07 10:54:33,548 - INFO - Collected batch 344/1008: 50 samples
2025-10-07 10:54:33,548 - INFO - Collected batch 345/1008: 50 samples
2025-10-07 10:54:33,595 - INFO - Processing batch 346 with 50 files
2025-10-07 10:54:33,596 - INFO - Batch 346 completed: 50 valid samples
2025-10-07 10:54:33,632 - INFO - Processing batch 345 with 50 files
2025-10-07 10:54:33,632 - INFO - Batch 345 completed: 50 valid samples
2025-10-07 10:54:33,653 - INFO - Collected batch 346/1008: 50 samples
2025-10-07 10:54:33,654 - INFO - Collected batch 347/1008: 50 samples
2025-10-07 10:54:33,704 - INFO - Processing batch 348 with 50 files
2025-10-07 10:54:33,705 - INFO - Batch 348 completed: 50 valid samples
2025-10-07 10:54:33,785 - INFO - Processing batch 347 with 50 files
2025-10-07 10:54:33,786 - INFO - Batch 347 completed: 50 valid samples
2025-10-07 10:54:33,787 - INFO - Collected batch 348/1008: 50 samples
2025-10-07 10:54:33,787 - INFO - Collected batch 349/1008: 50 samples
2025-10-07 10:54:33,972 - INFO - Processing batch 349 with 50 files
2025-10-07 10:54:33,973 - INFO - Batch 349 completed: 50 valid samples
2025-10-07 10:54:33,973 - INFO - Collected batch 350/1008: 50 samples
2025-10-07 10:54:34,113 - INFO - Processing batch 350 with 50 files
2025-10-07 10:54:34,114 - INFO - Batch 350 completed: 50 valid samples
2025-10-07 10:54:34,115 - INFO - Collected batch 351/1008: 50 samples
2025-10-07 10:54:34,163 - INFO - Processing batch 352 with 50 files
2025-10-07 10:54:34,164 - INFO - Batch 352 completed: 50 valid samples
2025-10-07 10:54:34,455 - INFO - Processing batch 351 with 50 files
2025-10-07 10:54:34,456 - INFO - Batch 351 completed: 50 valid samples
2025-10-07 10:54:34,457 - INFO - Collected batch 352/1008: 50 samples
2025-10-07 10:54:34,458 - INFO - Collected batch 353/1008: 50 samples
2025-10-07 10:54:34,474 - INFO - Processing batch 353 with 50 files
2025-10-07 10:54:34,475 - INFO - Batch 353 completed: 50 valid samples
2025-10-07 10:54:34,498 - INFO - Collected batch 354/1008: 50 samples
2025-10-07 10:54:34,513 - INFO - Processing batch 354 with 50 files
2025-10-07 10:54:34,514 - INFO - Batch 354 completed: 50 valid samples
2025-10-07 10:54:34,532 - INFO - Collected batch 355/1008: 50 samples
2025-10-07 10:54:34,541 - INFO - Processing batch 355 with 50 files
2025-10-07 10:54:34,542 - INFO - Batch 355 completed: 50 valid samples
2025-10-07 10:54:34,562 - INFO - Collected batch 356/1008: 50 samples
2025-10-07 10:54:34,866 - INFO - Processing batch 357 with 50 files
2025-10-07 10:54:34,867 - INFO - Batch 357 completed: 50 valid samples
2025-10-07 10:54:34,913 - INFO - Processing batch 358 with 50 files
2025-10-07 10:54:34,914 - INFO - Batch 358 completed: 50 valid samples
2025-10-07 10:54:34,927 - INFO - Processing batch 356 with 50 files
2025-10-07 10:54:34,928 - INFO - Batch 356 completed: 50 valid samples
2025-10-07 10:54:34,929 - INFO - Collected batch 357/1008: 50 samples
2025-10-07 10:54:34,929 - INFO - Collected batch 358/1008: 50 samples
2025-10-07 10:54:34,929 - INFO - Collected batch 359/1008: 50 samples
2025-10-07 10:54:35,013 - INFO - Processing batch 360 with 50 files
2025-10-07 10:54:35,013 - INFO - Batch 360 completed: 50 valid samples
2025-10-07 10:54:35,102 - INFO - Processing batch 359 with 50 files
2025-10-07 10:54:35,103 - INFO - Batch 359 completed: 50 valid samples
2025-10-07 10:54:35,103 - INFO - Collected batch 360/1008: 50 samples
2025-10-07 10:54:35,104 - INFO - Collected batch 361/1008: 50 samples
2025-10-07 10:54:35,331 - INFO - Processing batch 361 with 50 files
2025-10-07 10:54:35,331 - INFO - Batch 361 completed: 50 valid samples
2025-10-07 10:54:35,332 - INFO - Collected batch 362/1008: 50 samples
2025-10-07 10:54:35,378 - INFO - Processing batch 363 with 50 files
2025-10-07 10:54:35,379 - INFO - Batch 363 completed: 50 valid samples
2025-10-07 10:54:35,425 - INFO - Processing batch 362 with 50 files
2025-10-07 10:54:35,425 - INFO - Batch 362 completed: 50 valid samples
2025-10-07 10:54:35,426 - INFO - Collected batch 363/1008: 50 samples
2025-10-07 10:54:35,426 - INFO - Collected batch 364/1008: 50 samples
2025-10-07 10:54:35,473 - INFO - Processing batch 365 with 50 files
2025-10-07 10:54:35,474 - INFO - Batch 365 completed: 50 valid samples
2025-10-07 10:54:35,544 - INFO - Processing batch 364 with 50 files
2025-10-07 10:54:35,545 - INFO - Batch 364 completed: 50 valid samples
2025-10-07 10:54:35,546 - INFO - Collected batch 365/1008: 50 samples
2025-10-07 10:54:35,546 - INFO - Collected batch 366/1008: 50 samples
2025-10-07 10:54:35,794 - INFO - Processing batch 366 with 50 files
2025-10-07 10:54:35,794 - INFO - Batch 366 completed: 50 valid samples
2025-10-07 10:54:35,795 - INFO - Collected batch 367/1008: 50 samples
2025-10-07 10:54:35,842 - INFO - Processing batch 368 with 50 files
2025-10-07 10:54:35,842 - INFO - Batch 368 completed: 50 valid samples
2025-10-07 10:54:35,858 - INFO - Processing batch 367 with 50 files
2025-10-07 10:54:35,859 - INFO - Batch 367 completed: 50 valid samples
2025-10-07 10:54:35,892 - INFO - Collected batch 368/1008: 50 samples
2025-10-07 10:54:35,892 - INFO - Collected batch 369/1008: 50 samples
2025-10-07 10:54:35,932 - INFO - Processing batch 370 with 50 files
2025-10-07 10:54:35,933 - INFO - Batch 370 completed: 50 valid samples
2025-10-07 10:54:36,010 - INFO - Processing batch 369 with 50 files
2025-10-07 10:54:36,011 - INFO - Batch 369 completed: 50 valid samples
2025-10-07 10:54:36,011 - INFO - Collected batch 370/1008: 50 samples
2025-10-07 10:54:36,012 - INFO - Collected batch 371/1008: 50 samples
2025-10-07 10:54:36,254 - INFO - Processing batch 371 with 50 files
2025-10-07 10:54:36,255 - INFO - Batch 371 completed: 50 valid samples
2025-10-07 10:54:36,256 - INFO - Collected batch 372/1008: 50 samples
2025-10-07 10:54:36,302 - INFO - Processing batch 373 with 50 files
2025-10-07 10:54:36,303 - INFO - Batch 373 completed: 50 valid samples
2025-10-07 10:54:36,323 - INFO - Processing batch 372 with 50 files
2025-10-07 10:54:36,324 - INFO - Batch 372 completed: 50 valid samples
2025-10-07 10:54:36,325 - INFO - Collected batch 373/1008: 50 samples
2025-10-07 10:54:36,325 - INFO - Collected batch 374/1008: 50 samples
2025-10-07 10:54:36,407 - INFO - Processing batch 375 with 50 files
2025-10-07 10:54:36,407 - INFO - Batch 375 completed: 50 valid samples
2025-10-07 10:54:36,487 - INFO - Processing batch 374 with 50 files
2025-10-07 10:54:36,488 - INFO - Batch 374 completed: 50 valid samples
2025-10-07 10:54:36,489 - INFO - Collected batch 375/1008: 50 samples
2025-10-07 10:54:36,489 - INFO - Collected batch 376/1008: 50 samples
2025-10-07 10:54:36,719 - INFO - Processing batch 376 with 50 files
2025-10-07 10:54:36,719 - INFO - Batch 376 completed: 50 valid samples
2025-10-07 10:54:36,720 - INFO - Collected batch 377/1008: 50 samples
2025-10-07 10:54:36,766 - INFO - Processing batch 378 with 50 files
2025-10-07 10:54:36,767 - INFO - Batch 378 completed: 50 valid samples
2025-10-07 10:54:36,800 - INFO - Processing batch 377 with 50 files
2025-10-07 10:54:36,801 - INFO - Batch 377 completed: 50 valid samples
2025-10-07 10:54:36,819 - INFO - Collected batch 378/1008: 50 samples
2025-10-07 10:54:36,819 - INFO - Collected batch 379/1008: 50 samples
2025-10-07 10:54:36,858 - INFO - Processing batch 380 with 50 files
2025-10-07 10:54:36,859 - INFO - Batch 380 completed: 50 valid samples
2025-10-07 10:54:37,091 - INFO - Processing batch 379 with 50 files
2025-10-07 10:54:37,092 - INFO - Batch 379 completed: 50 valid samples
2025-10-07 10:54:37,092 - INFO - Collected batch 380/1008: 50 samples
2025-10-07 10:54:37,093 - INFO - Collected batch 381/1008: 50 samples
2025-10-07 10:54:37,140 - INFO - Processing batch 382 with 50 files
2025-10-07 10:54:37,140 - INFO - Batch 382 completed: 50 valid samples
2025-10-07 10:54:37,173 - INFO - Processing batch 381 with 50 files
2025-10-07 10:54:37,174 - INFO - Batch 381 completed: 50 valid samples
2025-10-07 10:54:37,188 - INFO - Collected batch 382/1008: 50 samples
2025-10-07 10:54:37,188 - INFO - Collected batch 383/1008: 50 samples
2025-10-07 10:54:37,239 - INFO - Processing batch 384 with 50 files
2025-10-07 10:54:37,240 - INFO - Batch 384 completed: 50 valid samples
2025-10-07 10:54:37,324 - INFO - Processing batch 383 with 50 files
2025-10-07 10:54:37,325 - INFO - Batch 383 completed: 50 valid samples
2025-10-07 10:54:37,325 - INFO - Collected batch 384/1008: 50 samples
2025-10-07 10:54:37,326 - INFO - Collected batch 385/1008: 50 samples
2025-10-07 10:54:37,664 - INFO - Processing batch 386 with 50 files
2025-10-07 10:54:37,664 - INFO - Batch 386 completed: 50 valid samples
2025-10-07 10:54:37,712 - INFO - Processing batch 387 with 50 files
2025-10-07 10:54:37,713 - INFO - Batch 387 completed: 50 valid samples
2025-10-07 10:54:37,753 - INFO - Processing batch 385 with 50 files
2025-10-07 10:54:37,754 - INFO - Batch 385 completed: 50 valid samples
2025-10-07 10:54:37,771 - INFO - Collected batch 386/1008: 50 samples
2025-10-07 10:54:37,771 - INFO - Collected batch 387/1008: 50 samples
2025-10-07 10:54:37,771 - INFO - Collected batch 388/1008: 50 samples
2025-10-07 10:54:37,820 - INFO - Processing batch 389 with 50 files
2025-10-07 10:54:37,821 - INFO - Batch 389 completed: 50 valid samples
2025-10-07 10:54:38,054 - INFO - Processing batch 388 with 50 files
2025-10-07 10:54:38,055 - INFO - Batch 388 completed: 50 valid samples
2025-10-07 10:54:38,056 - INFO - Collected batch 389/1008: 50 samples
2025-10-07 10:54:38,056 - INFO - Collected batch 390/1008: 50 samples
2025-10-07 10:54:38,086 - INFO - Processing batch 390 with 50 files
2025-10-07 10:54:38,087 - INFO - Batch 390 completed: 50 valid samples
2025-10-07 10:54:38,102 - INFO - Processing batch 391 with 50 files
2025-10-07 10:54:38,102 - INFO - Batch 391 completed: 50 valid samples
2025-10-07 10:54:38,119 - INFO - Collected batch 391/1008: 50 samples
2025-10-07 10:54:38,119 - INFO - Collected batch 392/1008: 50 samples
2025-10-07 10:54:38,327 - INFO - Processing batch 393 with 50 files
2025-10-07 10:54:38,328 - INFO - Batch 393 completed: 50 valid samples
2025-10-07 10:54:38,465 - INFO - Processing batch 392 with 50 files
2025-10-07 10:54:38,466 - INFO - Batch 392 completed: 50 valid samples
2025-10-07 10:54:38,467 - INFO - Collected batch 393/1008: 50 samples
2025-10-07 10:54:38,467 - INFO - Collected batch 394/1008: 50 samples
2025-10-07 10:54:38,514 - INFO - Processing batch 395 with 50 files
2025-10-07 10:54:38,514 - INFO - Batch 395 completed: 50 valid samples
2025-10-07 10:54:38,646 - INFO - Processing batch 394 with 50 files
2025-10-07 10:54:38,647 - INFO - Batch 394 completed: 50 valid samples
2025-10-07 10:54:38,648 - INFO - Collected batch 395/1008: 50 samples
2025-10-07 10:54:38,648 - INFO - Collected batch 396/1008: 50 samples
2025-10-07 10:54:38,694 - INFO - Processing batch 397 with 50 files
2025-10-07 10:54:38,695 - INFO - Batch 397 completed: 50 valid samples
2025-10-07 10:54:38,852 - INFO - Processing batch 396 with 50 files
2025-10-07 10:54:38,853 - INFO - Batch 396 completed: 50 valid samples
2025-10-07 10:54:38,853 - INFO - Collected batch 397/1008: 50 samples
2025-10-07 10:54:38,854 - INFO - Collected batch 398/1008: 50 samples
2025-10-07 10:54:38,900 - INFO - Processing batch 399 with 50 files
2025-10-07 10:54:38,901 - INFO - Batch 399 completed: 50 valid samples
2025-10-07 10:54:39,003 - INFO - Processing batch 398 with 50 files
2025-10-07 10:54:39,004 - INFO - Batch 398 completed: 50 valid samples
2025-10-07 10:54:39,005 - INFO - Collected batch 399/1008: 50 samples
2025-10-07 10:54:39,005 - INFO - Collected batch 400/1008: 50 samples
2025-10-07 10:54:39,052 - INFO - Processing batch 401 with 50 files
2025-10-07 10:54:39,052 - INFO - Batch 401 completed: 50 valid samples
2025-10-07 10:54:39,078 - INFO - Processing batch 400 with 50 files
2025-10-07 10:54:39,079 - INFO - Batch 400 completed: 50 valid samples
2025-10-07 10:54:39,096 - INFO - Collected batch 401/1008: 50 samples
2025-10-07 10:54:39,097 - INFO - Collected batch 402/1008: 50 samples
2025-10-07 10:54:39,362 - INFO - Processing batch 402 with 50 files
2025-10-07 10:54:39,363 - INFO - Batch 402 completed: 50 valid samples
2025-10-07 10:54:39,364 - INFO - Collected batch 403/1008: 50 samples
2025-10-07 10:54:39,410 - INFO - Processing batch 404 with 50 files
2025-10-07 10:54:39,410 - INFO - Batch 404 completed: 50 valid samples
2025-10-07 10:54:39,412 - INFO - Processing batch 403 with 50 files
2025-10-07 10:54:39,413 - INFO - Batch 403 completed: 50 valid samples
2025-10-07 10:54:39,413 - INFO - Collected batch 404/1008: 50 samples
2025-10-07 10:54:39,414 - INFO - Collected batch 405/1008: 50 samples
2025-10-07 10:54:39,505 - INFO - Processing batch 406 with 50 files
2025-10-07 10:54:39,506 - INFO - Batch 406 completed: 50 valid samples
2025-10-07 10:54:39,590 - INFO - Processing batch 405 with 50 files
2025-10-07 10:54:39,591 - INFO - Batch 405 completed: 50 valid samples
2025-10-07 10:54:39,592 - INFO - Collected batch 406/1008: 50 samples
2025-10-07 10:54:39,592 - INFO - Collected batch 407/1008: 50 samples
2025-10-07 10:54:39,909 - INFO - Processing batch 408 with 50 files
2025-10-07 10:54:39,909 - INFO - Batch 408 completed: 50 valid samples
2025-10-07 10:54:39,937 - INFO - Processing batch 407 with 50 files
2025-10-07 10:54:39,938 - INFO - Batch 407 completed: 50 valid samples
2025-10-07 10:54:39,956 - INFO - Processing batch 409 with 50 files
2025-10-07 10:54:39,956 - INFO - Batch 409 completed: 50 valid samples
2025-10-07 10:54:39,974 - INFO - Collected batch 408/1008: 50 samples
2025-10-07 10:54:39,974 - INFO - Collected batch 409/1008: 50 samples
2025-10-07 10:54:39,974 - INFO - Collected batch 410/1008: 50 samples
2025-10-07 10:54:40,023 - INFO - Processing batch 410 with 50 files
2025-10-07 10:54:40,023 - INFO - Batch 410 completed: 50 valid samples
2025-10-07 10:54:40,047 - INFO - Collected batch 411/1008: 50 samples
2025-10-07 10:54:40,351 - INFO - Processing batch 411 with 50 files
2025-10-07 10:54:40,351 - INFO - Batch 411 completed: 50 valid samples
2025-10-07 10:54:40,352 - INFO - Collected batch 412/1008: 50 samples
2025-10-07 10:54:40,400 - INFO - Processing batch 413 with 50 files
2025-10-07 10:54:40,401 - INFO - Batch 413 completed: 50 valid samples
2025-10-07 10:54:40,493 - INFO - Processing batch 412 with 50 files
2025-10-07 10:54:40,494 - INFO - Batch 412 completed: 50 valid samples
2025-10-07 10:54:40,495 - INFO - Collected batch 413/1008: 50 samples
2025-10-07 10:54:40,495 - INFO - Collected batch 414/1008: 50 samples
2025-10-07 10:54:40,541 - INFO - Processing batch 415 with 50 files
2025-10-07 10:54:40,542 - INFO - Batch 415 completed: 50 valid samples
2025-10-07 10:54:40,572 - INFO - Processing batch 414 with 50 files
2025-10-07 10:54:40,573 - INFO - Batch 414 completed: 50 valid samples
2025-10-07 10:54:40,589 - INFO - Collected batch 415/1008: 50 samples
2025-10-07 10:54:40,589 - INFO - Collected batch 416/1008: 50 samples
2025-10-07 10:54:40,734 - INFO - Processing batch 416 with 50 files
2025-10-07 10:54:40,735 - INFO - Batch 416 completed: 50 valid samples
2025-10-07 10:54:40,735 - INFO - Collected batch 417/1008: 50 samples
2025-10-07 10:54:41,076 - INFO - Processing batch 418 with 50 files
2025-10-07 10:54:41,076 - INFO - Batch 418 completed: 50 valid samples
2025-10-07 10:54:41,093 - INFO - Processing batch 417 with 50 files
2025-10-07 10:54:41,094 - INFO - Batch 417 completed: 50 valid samples
2025-10-07 10:54:41,124 - INFO - Processing batch 419 with 50 files
2025-10-07 10:54:41,125 - INFO - Batch 419 completed: 50 valid samples
2025-10-07 10:54:41,146 - INFO - Collected batch 418/1008: 50 samples
2025-10-07 10:54:41,147 - INFO - Collected batch 419/1008: 50 samples
2025-10-07 10:54:41,147 - INFO - Collected batch 420/1008: 50 samples
2025-10-07 10:54:41,195 - INFO - Processing batch 420 with 50 files
2025-10-07 10:54:41,195 - INFO - Batch 420 completed: 50 valid samples
2025-10-07 10:54:41,196 - INFO - Collected batch 421/1008: 50 samples
2025-10-07 10:54:41,534 - INFO - Processing batch 421 with 50 files
2025-10-07 10:54:41,534 - INFO - Batch 421 completed: 50 valid samples
2025-10-07 10:54:41,535 - INFO - Collected batch 422/1008: 50 samples
2025-10-07 10:54:41,583 - INFO - Processing batch 423 with 50 files
2025-10-07 10:54:41,584 - INFO - Batch 423 completed: 50 valid samples
2025-10-07 10:54:41,745 - INFO - Processing batch 422 with 50 files
2025-10-07 10:54:41,746 - INFO - Batch 422 completed: 50 valid samples
2025-10-07 10:54:41,747 - INFO - Collected batch 423/1008: 50 samples
2025-10-07 10:54:41,747 - INFO - Collected batch 424/1008: 50 samples
2025-10-07 10:54:41,776 - INFO - Processing batch 424 with 50 files
2025-10-07 10:54:41,777 - INFO - Batch 424 completed: 50 valid samples
2025-10-07 10:54:41,800 - INFO - Processing batch 425 with 50 files
2025-10-07 10:54:41,801 - INFO - Batch 425 completed: 50 valid samples
2025-10-07 10:54:41,813 - INFO - Collected batch 425/1008: 50 samples
2025-10-07 10:54:41,813 - INFO - Collected batch 426/1008: 50 samples
2025-10-07 10:54:42,138 - INFO - Processing batch 426 with 50 files
2025-10-07 10:54:42,139 - INFO - Batch 426 completed: 50 valid samples
2025-10-07 10:54:42,140 - INFO - Collected batch 427/1008: 50 samples
2025-10-07 10:54:42,176 - INFO - Processing batch 427 with 50 files
2025-10-07 10:54:42,177 - INFO - Batch 427 completed: 50 valid samples
2025-10-07 10:54:42,187 - INFO - Processing batch 428 with 50 files
2025-10-07 10:54:42,188 - INFO - Batch 428 completed: 50 valid samples
2025-10-07 10:54:42,210 - INFO - Collected batch 428/1008: 50 samples
2025-10-07 10:54:42,210 - INFO - Collected batch 429/1008: 50 samples
2025-10-07 10:54:42,258 - INFO - Processing batch 429 with 50 files
2025-10-07 10:54:42,259 - INFO - Batch 429 completed: 50 valid samples
2025-10-07 10:54:42,260 - INFO - Collected batch 430/1008: 50 samples
2025-10-07 10:54:42,555 - INFO - Processing batch 431 with 50 files
2025-10-07 10:54:42,556 - INFO - Batch 431 completed: 50 valid samples
2025-10-07 10:54:42,592 - INFO - Processing batch 430 with 50 files
2025-10-07 10:54:42,593 - INFO - Batch 430 completed: 50 valid samples
2025-10-07 10:54:42,624 - INFO - Collected batch 431/1008: 50 samples
2025-10-07 10:54:42,625 - INFO - Collected batch 432/1008: 50 samples
2025-10-07 10:54:42,667 - INFO - Processing batch 433 with 50 files
2025-10-07 10:54:42,668 - INFO - Batch 433 completed: 50 valid samples
2025-10-07 10:54:42,991 - INFO - Processing batch 434 with 50 files
2025-10-07 10:54:42,992 - INFO - Batch 434 completed: 50 valid samples
2025-10-07 10:54:43,039 - INFO - Processing batch 435 with 50 files
2025-10-07 10:54:43,039 - INFO - Batch 435 completed: 50 valid samples
2025-10-07 10:54:43,073 - INFO - Processing batch 432 with 50 files
2025-10-07 10:54:43,074 - INFO - Batch 432 completed: 50 valid samples
2025-10-07 10:54:43,107 - INFO - Collected batch 433/1008: 50 samples
2025-10-07 10:54:43,107 - INFO - Collected batch 434/1008: 50 samples
2025-10-07 10:54:43,108 - INFO - Collected batch 435/1008: 50 samples
2025-10-07 10:54:43,108 - INFO - Collected batch 436/1008: 50 samples
2025-10-07 10:54:43,153 - INFO - Processing batch 437 with 50 files
2025-10-07 10:54:43,154 - INFO - Batch 437 completed: 50 valid samples
2025-10-07 10:54:43,312 - INFO - Processing batch 436 with 50 files
2025-10-07 10:54:43,313 - INFO - Batch 436 completed: 50 valid samples
2025-10-07 10:54:43,314 - INFO - Collected batch 437/1008: 50 samples
2025-10-07 10:54:43,314 - INFO - Collected batch 438/1008: 50 samples
2025-10-07 10:54:43,480 - INFO - Processing batch 438 with 50 files
2025-10-07 10:54:43,481 - INFO - Batch 438 completed: 50 valid samples
2025-10-07 10:54:43,482 - INFO - Collected batch 439/1008: 50 samples
2025-10-07 10:54:43,527 - INFO - Processing batch 440 with 50 files
2025-10-07 10:54:43,528 - INFO - Batch 440 completed: 50 valid samples
2025-10-07 10:54:43,705 - INFO - Processing batch 441 with 50 files
2025-10-07 10:54:43,705 - INFO - Batch 441 completed: 50 valid samples
2025-10-07 10:54:43,825 - INFO - Processing batch 439 with 50 files
2025-10-07 10:54:43,826 - INFO - Batch 439 completed: 50 valid samples
2025-10-07 10:54:43,827 - INFO - Collected batch 440/1008: 50 samples
2025-10-07 10:54:43,828 - INFO - Collected batch 441/1008: 50 samples
2025-10-07 10:54:43,828 - INFO - Collected batch 442/1008: 50 samples
2025-10-07 10:54:43,875 - INFO - Processing batch 443 with 50 files
2025-10-07 10:54:43,875 - INFO - Batch 443 completed: 50 valid samples
2025-10-07 10:54:44,017 - INFO - Processing batch 442 with 50 files
2025-10-07 10:54:44,018 - INFO - Batch 442 completed: 50 valid samples
2025-10-07 10:54:44,019 - INFO - Collected batch 443/1008: 50 samples
2025-10-07 10:54:44,019 - INFO - Collected batch 444/1008: 50 samples
2025-10-07 10:54:44,064 - INFO - Processing batch 445 with 50 files
2025-10-07 10:54:44,065 - INFO - Batch 445 completed: 50 valid samples
2025-10-07 10:54:44,210 - INFO - Processing batch 444 with 50 files
2025-10-07 10:54:44,211 - INFO - Batch 444 completed: 50 valid samples
2025-10-07 10:54:44,212 - INFO - Collected batch 445/1008: 50 samples
2025-10-07 10:54:44,212 - INFO - Collected batch 446/1008: 50 samples
2025-10-07 10:54:44,258 - INFO - Processing batch 447 with 50 files
2025-10-07 10:54:44,258 - INFO - Batch 447 completed: 50 valid samples
2025-10-07 10:54:44,388 - INFO - Processing batch 446 with 50 files
2025-10-07 10:54:44,389 - INFO - Batch 446 completed: 50 valid samples
2025-10-07 10:54:44,389 - INFO - Collected batch 447/1008: 50 samples
2025-10-07 10:54:44,390 - INFO - Collected batch 448/1008: 50 samples
2025-10-07 10:54:44,436 - INFO - Processing batch 449 with 50 files
2025-10-07 10:54:44,437 - INFO - Batch 449 completed: 50 valid samples
2025-10-07 10:54:44,444 - INFO - Processing batch 448 with 50 files
2025-10-07 10:54:44,445 - INFO - Batch 448 completed: 50 valid samples
2025-10-07 10:54:44,450 - INFO - Collected batch 449/1008: 50 samples
2025-10-07 10:54:44,450 - INFO - Collected batch 450/1008: 50 samples
2025-10-07 10:54:44,774 - INFO - Processing batch 450 with 50 files
2025-10-07 10:54:44,775 - INFO - Batch 450 completed: 50 valid samples
2025-10-07 10:54:44,776 - INFO - Collected batch 451/1008: 50 samples
2025-10-07 10:54:44,801 - INFO - Processing batch 451 with 50 files
2025-10-07 10:54:44,802 - INFO - Batch 451 completed: 50 valid samples
2025-10-07 10:54:44,823 - INFO - Processing batch 452 with 50 files
2025-10-07 10:54:44,823 - INFO - Batch 452 completed: 50 valid samples
2025-10-07 10:54:44,842 - INFO - Collected batch 452/1008: 50 samples
2025-10-07 10:54:44,842 - INFO - Collected batch 453/1008: 50 samples
2025-10-07 10:54:44,882 - INFO - Processing batch 453 with 50 files
2025-10-07 10:54:44,883 - INFO - Batch 453 completed: 50 valid samples
2025-10-07 10:54:44,883 - INFO - Collected batch 454/1008: 50 samples
2025-10-07 10:54:45,049 - INFO - Processing batch 454 with 50 files
2025-10-07 10:54:45,050 - INFO - Batch 454 completed: 50 valid samples
2025-10-07 10:54:45,050 - INFO - Collected batch 455/1008: 50 samples
2025-10-07 10:54:45,268 - INFO - Processing batch 455 with 50 files
2025-10-07 10:54:45,268 - INFO - Batch 455 completed: 50 valid samples
2025-10-07 10:54:45,269 - INFO - Collected batch 456/1008: 50 samples
2025-10-07 10:54:45,316 - INFO - Processing batch 457 with 50 files
2025-10-07 10:54:45,317 - INFO - Batch 457 completed: 50 valid samples
2025-10-07 10:54:45,352 - INFO - Processing batch 456 with 50 files
2025-10-07 10:54:45,353 - INFO - Batch 456 completed: 50 valid samples
2025-10-07 10:54:45,385 - INFO - Collected batch 457/1008: 50 samples
2025-10-07 10:54:45,385 - INFO - Collected batch 458/1008: 50 samples
2025-10-07 10:54:45,434 - INFO - Processing batch 459 with 50 files
2025-10-07 10:54:45,435 - INFO - Batch 459 completed: 50 valid samples
2025-10-07 10:54:45,671 - INFO - Processing batch 458 with 50 files
2025-10-07 10:54:45,672 - INFO - Batch 458 completed: 50 valid samples
2025-10-07 10:54:45,673 - INFO - Collected batch 459/1008: 50 samples
2025-10-07 10:54:45,673 - INFO - Collected batch 460/1008: 50 samples
2025-10-07 10:54:45,724 - INFO - Processing batch 461 with 50 files
2025-10-07 10:54:45,724 - INFO - Batch 461 completed: 50 valid samples
2025-10-07 10:54:45,895 - INFO - Processing batch 462 with 50 files
2025-10-07 10:54:45,896 - INFO - Batch 462 completed: 50 valid samples
2025-10-07 10:54:45,945 - INFO - Processing batch 460 with 50 files
2025-10-07 10:54:45,946 - INFO - Batch 460 completed: 50 valid samples
2025-10-07 10:54:45,968 - INFO - Collected batch 461/1008: 50 samples
2025-10-07 10:54:45,968 - INFO - Collected batch 462/1008: 50 samples
2025-10-07 10:54:45,968 - INFO - Collected batch 463/1008: 50 samples
2025-10-07 10:54:46,013 - INFO - Processing batch 464 with 50 files
2025-10-07 10:54:46,014 - INFO - Batch 464 completed: 50 valid samples
2025-10-07 10:54:46,182 - INFO - Processing batch 465 with 50 files
2025-10-07 10:54:46,183 - INFO - Batch 465 completed: 50 valid samples
2025-10-07 10:54:46,213 - INFO - Processing batch 463 with 50 files
2025-10-07 10:54:46,214 - INFO - Batch 463 completed: 50 valid samples
2025-10-07 10:54:46,221 - INFO - Collected batch 464/1008: 50 samples
2025-10-07 10:54:46,222 - INFO - Collected batch 465/1008: 50 samples
2025-10-07 10:54:46,222 - INFO - Collected batch 466/1008: 50 samples
2025-10-07 10:54:46,260 - INFO - Processing batch 467 with 50 files
2025-10-07 10:54:46,260 - INFO - Batch 467 completed: 50 valid samples
2025-10-07 10:54:46,496 - INFO - Processing batch 466 with 50 files
2025-10-07 10:54:46,496 - INFO - Batch 466 completed: 50 valid samples
2025-10-07 10:54:46,497 - INFO - Collected batch 467/1008: 50 samples
2025-10-07 10:54:46,497 - INFO - Collected batch 468/1008: 50 samples
2025-10-07 10:54:46,543 - INFO - Processing batch 469 with 50 files
2025-10-07 10:54:46,543 - INFO - Batch 469 completed: 50 valid samples
2025-10-07 10:54:46,573 - INFO - Processing batch 468 with 50 files
2025-10-07 10:54:46,574 - INFO - Batch 468 completed: 50 valid samples
2025-10-07 10:54:46,582 - INFO - Collected batch 469/1008: 50 samples
2025-10-07 10:54:46,582 - INFO - Collected batch 470/1008: 50 samples
2025-10-07 10:54:46,621 - INFO - Processing batch 471 with 50 files
2025-10-07 10:54:46,622 - INFO - Batch 471 completed: 50 valid samples
2025-10-07 10:54:46,792 - INFO - Processing batch 472 with 50 files
2025-10-07 10:54:46,793 - INFO - Batch 472 completed: 50 valid samples
2025-10-07 10:54:46,856 - INFO - Processing batch 470 with 50 files
2025-10-07 10:54:46,857 - INFO - Batch 470 completed: 50 valid samples
2025-10-07 10:54:46,857 - INFO - Collected batch 471/1008: 50 samples
2025-10-07 10:54:46,858 - INFO - Collected batch 472/1008: 50 samples
2025-10-07 10:54:46,858 - INFO - Collected batch 473/1008: 50 samples
2025-10-07 10:54:46,904 - INFO - Processing batch 474 with 50 files
2025-10-07 10:54:46,904 - INFO - Batch 474 completed: 50 valid samples
2025-10-07 10:54:47,107 - INFO - Processing batch 473 with 50 files
2025-10-07 10:54:47,108 - INFO - Batch 473 completed: 50 valid samples
2025-10-07 10:54:47,109 - INFO - Collected batch 474/1008: 50 samples
2025-10-07 10:54:47,109 - INFO - Collected batch 475/1008: 50 samples
2025-10-07 10:54:47,155 - INFO - Processing batch 476 with 50 files
2025-10-07 10:54:47,156 - INFO - Batch 476 completed: 50 valid samples
2025-10-07 10:54:47,221 - INFO - Processing batch 475 with 50 files
2025-10-07 10:54:47,222 - INFO - Batch 475 completed: 50 valid samples
2025-10-07 10:54:47,223 - INFO - Collected batch 476/1008: 50 samples
2025-10-07 10:54:47,223 - INFO - Collected batch 477/1008: 50 samples
2025-10-07 10:54:47,269 - INFO - Processing batch 478 with 50 files
2025-10-07 10:54:47,270 - INFO - Batch 478 completed: 50 valid samples
2025-10-07 10:54:47,435 - INFO - Processing batch 479 with 50 files
2025-10-07 10:54:47,436 - INFO - Batch 479 completed: 50 valid samples
2025-10-07 10:54:47,486 - INFO - Processing batch 477 with 50 files
2025-10-07 10:54:47,487 - INFO - Batch 477 completed: 50 valid samples
2025-10-07 10:54:47,498 - INFO - Collected batch 478/1008: 50 samples
2025-10-07 10:54:47,498 - INFO - Collected batch 479/1008: 50 samples
2025-10-07 10:54:47,499 - INFO - Collected batch 480/1008: 50 samples
2025-10-07 10:54:47,549 - INFO - Processing batch 481 with 50 files
2025-10-07 10:54:47,550 - INFO - Batch 481 completed: 50 valid samples
2025-10-07 10:54:47,760 - INFO - Processing batch 480 with 50 files
2025-10-07 10:54:47,761 - INFO - Batch 480 completed: 50 valid samples
2025-10-07 10:54:47,762 - INFO - Collected batch 481/1008: 50 samples
2025-10-07 10:54:47,762 - INFO - Collected batch 482/1008: 50 samples
2025-10-07 10:54:47,808 - INFO - Processing batch 483 with 50 files
2025-10-07 10:54:47,809 - INFO - Batch 483 completed: 50 valid samples
2025-10-07 10:54:48,051 - INFO - Processing batch 482 with 50 files
2025-10-07 10:54:48,051 - INFO - Batch 482 completed: 50 valid samples
2025-10-07 10:54:48,052 - INFO - Collected batch 483/1008: 50 samples
2025-10-07 10:54:48,053 - INFO - Collected batch 484/1008: 50 samples
2025-10-07 10:54:48,103 - INFO - Processing batch 485 with 50 files
2025-10-07 10:54:48,104 - INFO - Batch 485 completed: 50 valid samples
2025-10-07 10:54:48,125 - INFO - Processing batch 484 with 50 files
2025-10-07 10:54:48,125 - INFO - Batch 484 completed: 50 valid samples
2025-10-07 10:54:48,149 - INFO - Collected batch 485/1008: 50 samples
2025-10-07 10:54:48,150 - INFO - Collected batch 486/1008: 50 samples
2025-10-07 10:54:48,200 - INFO - Processing batch 487 with 50 files
2025-10-07 10:54:48,201 - INFO - Batch 487 completed: 50 valid samples
2025-10-07 10:54:48,286 - INFO - Processing batch 486 with 50 files
2025-10-07 10:54:48,287 - INFO - Batch 486 completed: 50 valid samples
2025-10-07 10:54:48,288 - INFO - Collected batch 487/1008: 50 samples
2025-10-07 10:54:48,288 - INFO - Collected batch 488/1008: 50 samples
2025-10-07 10:54:48,472 - INFO - Processing batch 488 with 50 files
2025-10-07 10:54:48,472 - INFO - Batch 488 completed: 50 valid samples
2025-10-07 10:54:48,473 - INFO - Collected batch 489/1008: 50 samples
2025-10-07 10:54:48,617 - INFO - Processing batch 489 with 50 files
2025-10-07 10:54:48,618 - INFO - Batch 489 completed: 50 valid samples
2025-10-07 10:54:48,619 - INFO - Collected batch 490/1008: 50 samples
2025-10-07 10:54:48,665 - INFO - Processing batch 491 with 50 files
2025-10-07 10:54:48,666 - INFO - Batch 491 completed: 50 valid samples
2025-10-07 10:54:48,951 - INFO - Processing batch 490 with 50 files
2025-10-07 10:54:48,952 - INFO - Batch 490 completed: 50 valid samples
2025-10-07 10:54:48,953 - INFO - Collected batch 491/1008: 50 samples
2025-10-07 10:54:48,953 - INFO - Collected batch 492/1008: 50 samples
2025-10-07 10:54:49,007 - INFO - Processing batch 493 with 50 files
2025-10-07 10:54:49,008 - INFO - Batch 493 completed: 50 valid samples
2025-10-07 10:54:49,175 - INFO - Processing batch 492 with 50 files
2025-10-07 10:54:49,176 - INFO - Batch 492 completed: 50 valid samples
2025-10-07 10:54:49,177 - INFO - Collected batch 493/1008: 50 samples
2025-10-07 10:54:49,177 - INFO - Collected batch 494/1008: 50 samples
2025-10-07 10:54:49,235 - INFO - Processing batch 495 with 50 files
2025-10-07 10:54:49,236 - INFO - Batch 495 completed: 50 valid samples
2025-10-07 10:54:49,365 - INFO - Processing batch 494 with 50 files
2025-10-07 10:54:49,365 - INFO - Batch 494 completed: 50 valid samples
2025-10-07 10:54:49,366 - INFO - Collected batch 495/1008: 50 samples
2025-10-07 10:54:49,367 - INFO - Collected batch 496/1008: 50 samples
2025-10-07 10:54:49,413 - INFO - Processing batch 497 with 50 files
2025-10-07 10:54:49,414 - INFO - Batch 497 completed: 50 valid samples
2025-10-07 10:54:49,504 - INFO - Processing batch 496 with 50 files
2025-10-07 10:54:49,505 - INFO - Batch 496 completed: 50 valid samples
2025-10-07 10:54:49,506 - INFO - Collected batch 497/1008: 50 samples
2025-10-07 10:54:49,506 - INFO - Collected batch 498/1008: 50 samples
2025-10-07 10:54:49,724 - INFO - Processing batch 498 with 50 files
2025-10-07 10:54:49,724 - INFO - Batch 498 completed: 50 valid samples
2025-10-07 10:54:49,725 - INFO - Collected batch 499/1008: 50 samples
2025-10-07 10:54:49,770 - INFO - Processing batch 500 with 50 files
2025-10-07 10:54:49,771 - INFO - Batch 500 completed: 50 valid samples
2025-10-07 10:54:49,948 - INFO - Processing batch 501 with 50 files
2025-10-07 10:54:49,949 - INFO - Batch 501 completed: 50 valid samples
2025-10-07 10:54:49,981 - INFO - Processing batch 499 with 50 files
2025-10-07 10:54:49,982 - INFO - Batch 499 completed: 50 valid samples
2025-10-07 10:54:50,012 - INFO - Collected batch 500/1008: 50 samples
2025-10-07 10:54:50,012 - INFO - Collected batch 501/1008: 50 samples
2025-10-07 10:54:50,012 - INFO - Collected batch 502/1008: 50 samples
2025-10-07 10:54:50,061 - INFO - Processing batch 503 with 50 files
2025-10-07 10:54:50,061 - INFO - Batch 503 completed: 50 valid samples
2025-10-07 10:54:50,270 - INFO - Processing batch 502 with 50 files
2025-10-07 10:54:50,271 - INFO - Batch 502 completed: 50 valid samples
2025-10-07 10:54:50,272 - INFO - Collected batch 503/1008: 50 samples
2025-10-07 10:54:50,272 - INFO - Collected batch 504/1008: 50 samples
2025-10-07 10:54:50,318 - INFO - Processing batch 505 with 50 files
2025-10-07 10:54:50,318 - INFO - Batch 505 completed: 50 valid samples
2025-10-07 10:54:50,556 - INFO - Processing batch 504 with 50 files
2025-10-07 10:54:50,557 - INFO - Batch 504 completed: 50 valid samples
2025-10-07 10:54:50,558 - INFO - Collected batch 505/1008: 50 samples
2025-10-07 10:54:50,558 - INFO - Collected batch 506/1008: 50 samples
2025-10-07 10:54:50,612 - INFO - Processing batch 507 with 50 files
2025-10-07 10:54:50,612 - INFO - Batch 507 completed: 50 valid samples
2025-10-07 10:54:50,630 - INFO - Processing batch 506 with 50 files
2025-10-07 10:54:50,631 - INFO - Batch 506 completed: 50 valid samples
2025-10-07 10:54:50,670 - INFO - Collected batch 507/1008: 50 samples
2025-10-07 10:54:50,671 - INFO - Collected batch 508/1008: 50 samples
2025-10-07 10:54:50,711 - INFO - Processing batch 509 with 50 files
2025-10-07 10:54:50,712 - INFO - Batch 509 completed: 50 valid samples
2025-10-07 10:54:50,875 - INFO - Processing batch 510 with 50 files
2025-10-07 10:54:50,876 - INFO - Batch 510 completed: 50 valid samples
2025-10-07 10:54:51,097 - INFO - Processing batch 508 with 50 files
2025-10-07 10:54:51,099 - INFO - Batch 508 completed: 50 valid samples
2025-10-07 10:54:51,100 - INFO - Collected batch 509/1008: 50 samples
2025-10-07 10:54:51,101 - INFO - Collected batch 510/1008: 50 samples
2025-10-07 10:54:51,101 - INFO - Collected batch 511/1008: 50 samples
2025-10-07 10:54:51,163 - INFO - Processing batch 512 with 50 files
2025-10-07 10:54:51,163 - INFO - Batch 512 completed: 50 valid samples
2025-10-07 10:54:51,176 - INFO - Processing batch 511 with 50 files
2025-10-07 10:54:51,177 - INFO - Batch 511 completed: 50 valid samples
2025-10-07 10:54:51,180 - INFO - Collected batch 512/1008: 50 samples
2025-10-07 10:54:51,181 - INFO - Collected batch 513/1008: 50 samples
2025-10-07 10:54:51,262 - INFO - Processing batch 514 with 50 files
2025-10-07 10:54:51,263 - INFO - Batch 514 completed: 50 valid samples
2025-10-07 10:54:51,439 - INFO - Processing batch 513 with 50 files
2025-10-07 10:54:51,440 - INFO - Batch 513 completed: 50 valid samples
2025-10-07 10:54:51,441 - INFO - Collected batch 514/1008: 50 samples
2025-10-07 10:54:51,441 - INFO - Collected batch 515/1008: 50 samples
2025-10-07 10:54:51,588 - INFO - Processing batch 515 with 50 files
2025-10-07 10:54:51,589 - INFO - Batch 515 completed: 50 valid samples
2025-10-07 10:54:51,589 - INFO - Collected batch 516/1008: 50 samples
2025-10-07 10:54:51,636 - INFO - Processing batch 517 with 50 files
2025-10-07 10:54:51,637 - INFO - Batch 517 completed: 50 valid samples
2025-10-07 10:54:51,942 - INFO - Processing batch 516 with 50 files
2025-10-07 10:54:51,943 - INFO - Batch 516 completed: 50 valid samples
2025-10-07 10:54:51,944 - INFO - Collected batch 517/1008: 50 samples
2025-10-07 10:54:51,944 - INFO - Collected batch 518/1008: 50 samples
2025-10-07 10:54:51,958 - INFO - Processing batch 518 with 50 files
2025-10-07 10:54:51,959 - INFO - Batch 518 completed: 50 valid samples
2025-10-07 10:54:51,984 - INFO - Collected batch 519/1008: 50 samples
2025-10-07 10:54:51,999 - INFO - Processing batch 519 with 50 files
2025-10-07 10:54:52,000 - INFO - Batch 519 completed: 50 valid samples
2025-10-07 10:54:52,015 - INFO - Collected batch 520/1008: 50 samples
2025-10-07 10:54:52,025 - INFO - Processing batch 520 with 50 files
2025-10-07 10:54:52,026 - INFO - Batch 520 completed: 50 valid samples
2025-10-07 10:54:52,048 - INFO - Collected batch 521/1008: 50 samples
2025-10-07 10:54:52,213 - INFO - Processing batch 522 with 50 files
2025-10-07 10:54:52,214 - INFO - Batch 522 completed: 50 valid samples
2025-10-07 10:54:52,417 - INFO - Processing batch 521 with 50 files
2025-10-07 10:54:52,418 - INFO - Batch 521 completed: 50 valid samples
2025-10-07 10:54:52,419 - INFO - Collected batch 522/1008: 50 samples
2025-10-07 10:54:52,419 - INFO - Collected batch 523/1008: 50 samples
2025-10-07 10:54:52,466 - INFO - Processing batch 524 with 50 files
2025-10-07 10:54:52,467 - INFO - Batch 524 completed: 50 valid samples
2025-10-07 10:54:52,534 - INFO - Processing batch 523 with 50 files
2025-10-07 10:54:52,535 - INFO - Batch 523 completed: 50 valid samples
2025-10-07 10:54:52,536 - INFO - Collected batch 524/1008: 50 samples
2025-10-07 10:54:52,536 - INFO - Collected batch 525/1008: 50 samples
2025-10-07 10:54:52,582 - INFO - Processing batch 526 with 50 files
2025-10-07 10:54:52,583 - INFO - Batch 526 completed: 50 valid samples
2025-10-07 10:54:52,651 - INFO - Processing batch 525 with 50 files
2025-10-07 10:54:52,652 - INFO - Batch 525 completed: 50 valid samples
2025-10-07 10:54:52,653 - INFO - Collected batch 526/1008: 50 samples
2025-10-07 10:54:52,653 - INFO - Collected batch 527/1008: 50 samples
2025-10-07 10:54:52,892 - INFO - Processing batch 527 with 50 files
2025-10-07 10:54:52,892 - INFO - Batch 527 completed: 50 valid samples
2025-10-07 10:54:52,893 - INFO - Collected batch 528/1008: 50 samples
2025-10-07 10:54:52,940 - INFO - Processing batch 529 with 50 files
2025-10-07 10:54:52,940 - INFO - Batch 529 completed: 50 valid samples
2025-10-07 10:54:52,965 - INFO - Processing batch 528 with 50 files
2025-10-07 10:54:52,966 - INFO - Batch 528 completed: 50 valid samples
2025-10-07 10:54:52,989 - INFO - Collected batch 529/1008: 50 samples
2025-10-07 10:54:52,990 - INFO - Collected batch 530/1008: 50 samples
2025-10-07 10:54:53,029 - INFO - Processing batch 531 with 50 files
2025-10-07 10:54:53,030 - INFO - Batch 531 completed: 50 valid samples
2025-10-07 10:54:53,109 - INFO - Processing batch 530 with 50 files
2025-10-07 10:54:53,109 - INFO - Batch 530 completed: 50 valid samples
2025-10-07 10:54:53,110 - INFO - Collected batch 531/1008: 50 samples
2025-10-07 10:54:53,111 - INFO - Collected batch 532/1008: 50 samples
2025-10-07 10:54:53,349 - INFO - Processing batch 532 with 50 files
2025-10-07 10:54:53,350 - INFO - Batch 532 completed: 50 valid samples
2025-10-07 10:54:53,351 - INFO - Collected batch 533/1008: 50 samples
2025-10-07 10:54:53,399 - INFO - Processing batch 534 with 50 files
2025-10-07 10:54:53,400 - INFO - Batch 534 completed: 50 valid samples
2025-10-07 10:54:53,418 - INFO - Processing batch 533 with 50 files
2025-10-07 10:54:53,418 - INFO - Batch 533 completed: 50 valid samples
2025-10-07 10:54:53,421 - INFO - Collected batch 534/1008: 50 samples
2025-10-07 10:54:53,421 - INFO - Collected batch 535/1008: 50 samples
2025-10-07 10:54:53,506 - INFO - Processing batch 536 with 50 files
2025-10-07 10:54:53,507 - INFO - Batch 536 completed: 50 valid samples
2025-10-07 10:54:53,732 - INFO - Processing batch 535 with 50 files
2025-10-07 10:54:53,733 - INFO - Batch 535 completed: 50 valid samples
2025-10-07 10:54:53,734 - INFO - Collected batch 536/1008: 50 samples
2025-10-07 10:54:53,734 - INFO - Collected batch 537/1008: 50 samples
2025-10-07 10:54:53,781 - INFO - Processing batch 538 with 50 files
2025-10-07 10:54:53,782 - INFO - Batch 538 completed: 50 valid samples
2025-10-07 10:54:53,817 - INFO - Processing batch 537 with 50 files
2025-10-07 10:54:53,818 - INFO - Batch 537 completed: 50 valid samples
2025-10-07 10:54:53,850 - INFO - Collected batch 538/1008: 50 samples
2025-10-07 10:54:53,850 - INFO - Collected batch 539/1008: 50 samples
2025-10-07 10:54:53,900 - INFO - Processing batch 540 with 50 files
2025-10-07 10:54:53,900 - INFO - Batch 540 completed: 50 valid samples
2025-10-07 10:54:53,978 - INFO - Processing batch 539 with 50 files
2025-10-07 10:54:53,979 - INFO - Batch 539 completed: 50 valid samples
2025-10-07 10:54:53,980 - INFO - Collected batch 540/1008: 50 samples
2025-10-07 10:54:53,980 - INFO - Collected batch 541/1008: 50 samples
2025-10-07 10:54:54,308 - INFO - Processing batch 542 with 50 files
2025-10-07 10:54:54,309 - INFO - Batch 542 completed: 50 valid samples
2025-10-07 10:54:54,356 - INFO - Processing batch 543 with 50 files
2025-10-07 10:54:54,357 - INFO - Batch 543 completed: 50 valid samples
2025-10-07 10:54:54,420 - INFO - Processing batch 541 with 50 files
2025-10-07 10:54:54,421 - INFO - Batch 541 completed: 50 valid samples
2025-10-07 10:54:54,422 - INFO - Collected batch 542/1008: 50 samples
2025-10-07 10:54:54,422 - INFO - Collected batch 543/1008: 50 samples
2025-10-07 10:54:54,422 - INFO - Collected batch 544/1008: 50 samples
2025-10-07 10:54:54,476 - INFO - Processing batch 545 with 50 files
2025-10-07 10:54:54,477 - INFO - Batch 545 completed: 50 valid samples
2025-10-07 10:54:54,680 - INFO - Processing batch 544 with 50 files
2025-10-07 10:54:54,681 - INFO - Batch 544 completed: 50 valid samples
2025-10-07 10:54:54,682 - INFO - Collected batch 545/1008: 50 samples
2025-10-07 10:54:54,682 - INFO - Collected batch 546/1008: 50 samples
2025-10-07 10:54:54,729 - INFO - Processing batch 547 with 50 files
2025-10-07 10:54:54,729 - INFO - Batch 547 completed: 50 valid samples
2025-10-07 10:54:54,737 - INFO - Processing batch 546 with 50 files
2025-10-07 10:54:54,738 - INFO - Batch 546 completed: 50 valid samples
2025-10-07 10:54:54,752 - INFO - Collected batch 547/1008: 50 samples
2025-10-07 10:54:54,752 - INFO - Collected batch 548/1008: 50 samples
2025-10-07 10:54:54,910 - INFO - Processing batch 548 with 50 files
2025-10-07 10:54:54,910 - INFO - Batch 548 completed: 50 valid samples
2025-10-07 10:54:54,911 - INFO - Collected batch 549/1008: 50 samples
2025-10-07 10:54:55,101 - INFO - Processing batch 549 with 50 files
2025-10-07 10:54:55,102 - INFO - Batch 549 completed: 50 valid samples
2025-10-07 10:54:55,103 - INFO - Collected batch 550/1008: 50 samples
2025-10-07 10:54:55,149 - INFO - Processing batch 551 with 50 files
2025-10-07 10:54:55,150 - INFO - Batch 551 completed: 50 valid samples
2025-10-07 10:54:55,232 - INFO - Processing batch 550 with 50 files
2025-10-07 10:54:55,232 - INFO - Batch 550 completed: 50 valid samples
2025-10-07 10:54:55,233 - INFO - Collected batch 551/1008: 50 samples
2025-10-07 10:54:55,233 - INFO - Collected batch 552/1008: 50 samples
2025-10-07 10:54:55,280 - INFO - Processing batch 553 with 50 files
2025-10-07 10:54:55,281 - INFO - Batch 553 completed: 50 valid samples
2025-10-07 10:54:55,470 - INFO - Processing batch 552 with 50 files
2025-10-07 10:54:55,471 - INFO - Batch 552 completed: 50 valid samples
2025-10-07 10:54:55,472 - INFO - Collected batch 553/1008: 50 samples
2025-10-07 10:54:55,472 - INFO - Collected batch 554/1008: 50 samples
2025-10-07 10:54:55,518 - INFO - Processing batch 555 with 50 files
2025-10-07 10:54:55,519 - INFO - Batch 555 completed: 50 valid samples
2025-10-07 10:54:55,598 - INFO - Processing batch 554 with 50 files
2025-10-07 10:54:55,599 - INFO - Batch 554 completed: 50 valid samples
2025-10-07 10:54:55,600 - INFO - Collected batch 555/1008: 50 samples
2025-10-07 10:54:55,600 - INFO - Collected batch 556/1008: 50 samples
2025-10-07 10:54:55,646 - INFO - Processing batch 557 with 50 files
2025-10-07 10:54:55,647 - INFO - Batch 557 completed: 50 valid samples
2025-10-07 10:54:55,694 - INFO - Processing batch 556 with 50 files
2025-10-07 10:54:55,695 - INFO - Batch 556 completed: 50 valid samples
2025-10-07 10:54:55,702 - INFO - Collected batch 557/1008: 50 samples
2025-10-07 10:54:55,702 - INFO - Collected batch 558/1008: 50 samples
2025-10-07 10:54:55,969 - INFO - Processing batch 558 with 50 files
2025-10-07 10:54:55,970 - INFO - Batch 558 completed: 50 valid samples
2025-10-07 10:54:55,971 - INFO - Collected batch 559/1008: 50 samples
2025-10-07 10:54:56,001 - INFO - Processing batch 559 with 50 files
2025-10-07 10:54:56,001 - INFO - Batch 559 completed: 50 valid samples
2025-10-07 10:54:56,017 - INFO - Processing batch 560 with 50 files
2025-10-07 10:54:56,018 - INFO - Batch 560 completed: 50 valid samples
2025-10-07 10:54:56,040 - INFO - Collected batch 560/1008: 50 samples
2025-10-07 10:54:56,040 - INFO - Collected batch 561/1008: 50 samples
2025-10-07 10:54:56,088 - INFO - Processing batch 561 with 50 files
2025-10-07 10:54:56,089 - INFO - Batch 561 completed: 50 valid samples
2025-10-07 10:54:56,122 - INFO - Collected batch 562/1008: 50 samples
2025-10-07 10:54:56,260 - INFO - Processing batch 562 with 50 files
2025-10-07 10:54:56,261 - INFO - Batch 562 completed: 50 valid samples
2025-10-07 10:54:56,262 - INFO - Collected batch 563/1008: 50 samples
2025-10-07 10:54:56,587 - INFO - Processing batch 564 with 50 files
2025-10-07 10:54:56,588 - INFO - Batch 564 completed: 50 valid samples
2025-10-07 10:54:56,626 - INFO - Processing batch 563 with 50 files
2025-10-07 10:54:56,627 - INFO - Batch 563 completed: 50 valid samples
2025-10-07 10:54:56,634 - INFO - Collected batch 564/1008: 50 samples
2025-10-07 10:54:56,634 - INFO - Collected batch 565/1008: 50 samples
2025-10-07 10:54:56,636 - INFO - Processing batch 565 with 50 files
2025-10-07 10:54:56,637 - INFO - Batch 565 completed: 50 valid samples
2025-10-07 10:54:56,638 - INFO - Collected batch 566/1008: 50 samples
2025-10-07 10:54:56,679 - INFO - Processing batch 566 with 50 files
2025-10-07 10:54:56,679 - INFO - Batch 566 completed: 50 valid samples
2025-10-07 10:54:56,703 - INFO - Collected batch 567/1008: 50 samples
2025-10-07 10:54:57,032 - INFO - Processing batch 568 with 50 files
2025-10-07 10:54:57,032 - INFO - Batch 568 completed: 50 valid samples
2025-10-07 10:54:57,081 - INFO - Processing batch 569 with 50 files
2025-10-07 10:54:57,082 - INFO - Batch 569 completed: 50 valid samples
2025-10-07 10:54:57,186 - INFO - Processing batch 567 with 50 files
2025-10-07 10:54:57,187 - INFO - Batch 567 completed: 50 valid samples
2025-10-07 10:54:57,188 - INFO - Collected batch 568/1008: 50 samples
2025-10-07 10:54:57,188 - INFO - Collected batch 569/1008: 50 samples
2025-10-07 10:54:57,188 - INFO - Collected batch 570/1008: 50 samples
2025-10-07 10:54:57,242 - INFO - Processing batch 571 with 50 files
2025-10-07 10:54:57,243 - INFO - Batch 571 completed: 50 valid samples
2025-10-07 10:54:57,258 - INFO - Processing batch 570 with 50 files
2025-10-07 10:54:57,258 - INFO - Batch 570 completed: 50 valid samples
2025-10-07 10:54:57,283 - INFO - Collected batch 571/1008: 50 samples
2025-10-07 10:54:57,283 - INFO - Collected batch 572/1008: 50 samples
2025-10-07 10:54:57,504 - INFO - Processing batch 572 with 50 files
2025-10-07 10:54:57,505 - INFO - Batch 572 completed: 50 valid samples
2025-10-07 10:54:57,506 - INFO - Collected batch 573/1008: 50 samples
2025-10-07 10:54:57,613 - INFO - Processing batch 573 with 50 files
2025-10-07 10:54:57,614 - INFO - Batch 573 completed: 50 valid samples
2025-10-07 10:54:57,615 - INFO - Collected batch 574/1008: 50 samples
2025-10-07 10:54:57,662 - INFO - Processing batch 575 with 50 files
2025-10-07 10:54:57,663 - INFO - Batch 575 completed: 50 valid samples
2025-10-07 10:54:57,875 - INFO - Processing batch 574 with 50 files
2025-10-07 10:54:57,875 - INFO - Batch 574 completed: 50 valid samples
2025-10-07 10:54:57,876 - INFO - Collected batch 575/1008: 50 samples
2025-10-07 10:54:57,877 - INFO - Collected batch 576/1008: 50 samples
2025-10-07 10:54:57,923 - INFO - Processing batch 577 with 50 files
2025-10-07 10:54:57,924 - INFO - Batch 577 completed: 50 valid samples
2025-10-07 10:54:57,983 - INFO - Processing batch 576 with 50 files
2025-10-07 10:54:57,984 - INFO - Batch 576 completed: 50 valid samples
2025-10-07 10:54:57,985 - INFO - Collected batch 577/1008: 50 samples
2025-10-07 10:54:57,985 - INFO - Collected batch 578/1008: 50 samples
2025-10-07 10:54:58,032 - INFO - Processing batch 579 with 50 files
2025-10-07 10:54:58,033 - INFO - Batch 579 completed: 50 valid samples
2025-10-07 10:54:58,202 - INFO - Processing batch 580 with 50 files
2025-10-07 10:54:58,202 - INFO - Batch 580 completed: 50 valid samples
2025-10-07 10:54:58,244 - INFO - Processing batch 578 with 50 files
2025-10-07 10:54:58,245 - INFO - Batch 578 completed: 50 valid samples
2025-10-07 10:54:58,258 - INFO - Collected batch 579/1008: 50 samples
2025-10-07 10:54:58,259 - INFO - Collected batch 580/1008: 50 samples
2025-10-07 10:54:58,259 - INFO - Collected batch 581/1008: 50 samples
2025-10-07 10:54:58,298 - INFO - Processing batch 582 with 50 files
2025-10-07 10:54:58,299 - INFO - Batch 582 completed: 50 valid samples
2025-10-07 10:54:58,510 - INFO - Processing batch 581 with 50 files
2025-10-07 10:54:58,511 - INFO - Batch 581 completed: 50 valid samples
2025-10-07 10:54:58,512 - INFO - Collected batch 582/1008: 50 samples
2025-10-07 10:54:58,512 - INFO - Collected batch 583/1008: 50 samples
2025-10-07 10:54:58,557 - INFO - Processing batch 584 with 50 files
2025-10-07 10:54:58,558 - INFO - Batch 584 completed: 50 valid samples
2025-10-07 10:54:58,620 - INFO - Processing batch 583 with 50 files
2025-10-07 10:54:58,620 - INFO - Batch 583 completed: 50 valid samples
2025-10-07 10:54:58,621 - INFO - Collected batch 584/1008: 50 samples
2025-10-07 10:54:58,622 - INFO - Collected batch 585/1008: 50 samples
2025-10-07 10:54:58,669 - INFO - Processing batch 586 with 50 files
2025-10-07 10:54:58,670 - INFO - Batch 586 completed: 50 valid samples
2025-10-07 10:54:58,844 - INFO - Processing batch 587 with 50 files
2025-10-07 10:54:58,845 - INFO - Batch 587 completed: 50 valid samples
2025-10-07 10:54:58,871 - INFO - Processing batch 585 with 50 files
2025-10-07 10:54:58,872 - INFO - Batch 585 completed: 50 valid samples
2025-10-07 10:54:58,911 - INFO - Collected batch 586/1008: 50 samples
2025-10-07 10:54:58,911 - INFO - Collected batch 587/1008: 50 samples
2025-10-07 10:54:58,911 - INFO - Collected batch 588/1008: 50 samples
2025-10-07 10:54:58,961 - INFO - Processing batch 589 with 50 files
2025-10-07 10:54:58,962 - INFO - Batch 589 completed: 50 valid samples
2025-10-07 10:54:59,181 - INFO - Processing batch 588 with 50 files
2025-10-07 10:54:59,182 - INFO - Batch 588 completed: 50 valid samples
2025-10-07 10:54:59,183 - INFO - Collected batch 589/1008: 50 samples
2025-10-07 10:54:59,184 - INFO - Collected batch 590/1008: 50 samples
2025-10-07 10:54:59,230 - INFO - Processing batch 591 with 50 files
2025-10-07 10:54:59,231 - INFO - Batch 591 completed: 50 valid samples
2025-10-07 10:54:59,475 - INFO - Processing batch 590 with 50 files
2025-10-07 10:54:59,476 - INFO - Batch 590 completed: 50 valid samples
2025-10-07 10:54:59,477 - INFO - Collected batch 591/1008: 50 samples
2025-10-07 10:54:59,477 - INFO - Collected batch 592/1008: 50 samples
2025-10-07 10:54:59,529 - INFO - Processing batch 593 with 50 files
2025-10-07 10:54:59,530 - INFO - Batch 593 completed: 50 valid samples
2025-10-07 10:54:59,545 - INFO - Processing batch 592 with 50 files
2025-10-07 10:54:59,546 - INFO - Batch 592 completed: 50 valid samples
2025-10-07 10:54:59,547 - INFO - Collected batch 593/1008: 50 samples
2025-10-07 10:54:59,547 - INFO - Collected batch 594/1008: 50 samples
2025-10-07 10:54:59,634 - INFO - Processing batch 595 with 50 files
2025-10-07 10:54:59,635 - INFO - Batch 595 completed: 50 valid samples
2025-10-07 10:54:59,718 - INFO - Processing batch 594 with 50 files
2025-10-07 10:54:59,719 - INFO - Batch 594 completed: 50 valid samples
2025-10-07 10:54:59,720 - INFO - Collected batch 595/1008: 50 samples
2025-10-07 10:54:59,720 - INFO - Collected batch 596/1008: 50 samples
2025-10-07 10:54:59,882 - INFO - Processing batch 596 with 50 files
2025-10-07 10:54:59,883 - INFO - Batch 596 completed: 50 valid samples
2025-10-07 10:54:59,884 - INFO - Collected batch 597/1008: 50 samples
2025-10-07 10:55:00,029 - INFO - Processing batch 597 with 50 files
2025-10-07 10:55:00,029 - INFO - Batch 597 completed: 50 valid samples
2025-10-07 10:55:00,030 - INFO - Collected batch 598/1008: 50 samples
2025-10-07 10:55:00,076 - INFO - Processing batch 599 with 50 files
2025-10-07 10:55:00,077 - INFO - Batch 599 completed: 50 valid samples
2025-10-07 10:55:00,209 - INFO - Processing batch 598 with 50 files
2025-10-07 10:55:00,209 - INFO - Batch 598 completed: 50 valid samples
2025-10-07 10:55:00,211 - INFO - Collected batch 599/1008: 50 samples
2025-10-07 10:55:00,211 - INFO - Collected batch 600/1008: 50 samples
2025-10-07 10:55:00,257 - INFO - Processing batch 601 with 50 files
2025-10-07 10:55:00,258 - INFO - Batch 601 completed: 50 valid samples
2025-10-07 10:55:00,392 - INFO - Processing batch 600 with 50 files
2025-10-07 10:55:00,393 - INFO - Batch 600 completed: 50 valid samples
2025-10-07 10:55:00,393 - INFO - Collected batch 601/1008: 50 samples
2025-10-07 10:55:00,394 - INFO - Collected batch 602/1008: 50 samples
2025-10-07 10:55:00,439 - INFO - Processing batch 603 with 50 files
2025-10-07 10:55:00,440 - INFO - Batch 603 completed: 50 valid samples
2025-10-07 10:55:00,591 - INFO - Processing batch 602 with 50 files
2025-10-07 10:55:00,592 - INFO - Batch 602 completed: 50 valid samples
2025-10-07 10:55:00,593 - INFO - Collected batch 603/1008: 50 samples
2025-10-07 10:55:00,593 - INFO - Collected batch 604/1008: 50 samples
2025-10-07 10:55:00,609 - INFO - Processing batch 604 with 50 files
2025-10-07 10:55:00,610 - INFO - Batch 604 completed: 50 valid samples
2025-10-07 10:55:00,638 - INFO - Collected batch 605/1008: 50 samples
2025-10-07 10:55:00,639 - INFO - Processing batch 605 with 50 files
2025-10-07 10:55:00,640 - INFO - Batch 605 completed: 50 valid samples
2025-10-07 10:55:00,641 - INFO - Collected batch 606/1008: 50 samples
2025-10-07 10:55:01,133 - INFO - Processing batch 606 with 50 files
2025-10-07 10:55:01,134 - INFO - Batch 606 completed: 50 valid samples
2025-10-07 10:55:01,135 - INFO - Collected batch 607/1008: 50 samples
2025-10-07 10:55:01,140 - INFO - Processing batch 607 with 50 files
2025-10-07 10:55:01,141 - INFO - Batch 607 completed: 50 valid samples
2025-10-07 10:55:01,142 - INFO - Collected batch 608/1008: 50 samples
2025-10-07 10:55:01,192 - INFO - Processing batch 608 with 50 files
2025-10-07 10:55:01,193 - INFO - Batch 608 completed: 50 valid samples
2025-10-07 10:55:01,208 - INFO - Collected batch 609/1008: 50 samples
2025-10-07 10:55:01,248 - INFO - Processing batch 609 with 50 files
2025-10-07 10:55:01,249 - INFO - Batch 609 completed: 50 valid samples
2025-10-07 10:55:01,254 - INFO - Collected batch 610/1008: 50 samples
2025-10-07 10:55:01,465 - INFO - Processing batch 611 with 50 files
2025-10-07 10:55:01,466 - INFO - Batch 611 completed: 50 valid samples
2025-10-07 10:55:01,694 - INFO - Processing batch 610 with 50 files
2025-10-07 10:55:01,695 - INFO - Batch 610 completed: 50 valid samples
2025-10-07 10:55:01,696 - INFO - Collected batch 611/1008: 50 samples
2025-10-07 10:55:01,696 - INFO - Collected batch 612/1008: 50 samples
2025-10-07 10:55:01,744 - INFO - Processing batch 613 with 50 files
2025-10-07 10:55:01,745 - INFO - Batch 613 completed: 50 valid samples
2025-10-07 10:55:01,810 - INFO - Processing batch 612 with 50 files
2025-10-07 10:55:01,811 - INFO - Batch 612 completed: 50 valid samples
2025-10-07 10:55:01,811 - INFO - Collected batch 613/1008: 50 samples
2025-10-07 10:55:01,812 - INFO - Collected batch 614/1008: 50 samples
2025-10-07 10:55:01,858 - INFO - Processing batch 615 with 50 files
2025-10-07 10:55:01,859 - INFO - Batch 615 completed: 50 valid samples
2025-10-07 10:55:02,062 - INFO - Processing batch 614 with 50 files
2025-10-07 10:55:02,063 - INFO - Batch 614 completed: 50 valid samples
2025-10-07 10:55:02,064 - INFO - Collected batch 615/1008: 50 samples
2025-10-07 10:55:02,064 - INFO - Collected batch 616/1008: 50 samples
2025-10-07 10:55:02,110 - INFO - Processing batch 617 with 50 files
2025-10-07 10:55:02,110 - INFO - Batch 617 completed: 50 valid samples
2025-10-07 10:55:02,196 - INFO - Processing batch 616 with 50 files
2025-10-07 10:55:02,197 - INFO - Batch 616 completed: 50 valid samples
2025-10-07 10:55:02,198 - INFO - Collected batch 617/1008: 50 samples
2025-10-07 10:55:02,198 - INFO - Collected batch 618/1008: 50 samples
2025-10-07 10:55:02,243 - INFO - Processing batch 619 with 50 files
2025-10-07 10:55:02,244 - INFO - Batch 619 completed: 50 valid samples
2025-10-07 10:55:02,285 - INFO - Processing batch 618 with 50 files
2025-10-07 10:55:02,285 - INFO - Batch 618 completed: 50 valid samples
2025-10-07 10:55:02,300 - INFO - Collected batch 619/1008: 50 samples
2025-10-07 10:55:02,300 - INFO - Collected batch 620/1008: 50 samples
2025-10-07 10:55:02,440 - INFO - Processing batch 620 with 50 files
2025-10-07 10:55:02,441 - INFO - Batch 620 completed: 50 valid samples
2025-10-07 10:55:02,442 - INFO - Collected batch 621/1008: 50 samples
2025-10-07 10:55:02,809 - INFO - Processing batch 621 with 50 files
2025-10-07 10:55:02,810 - INFO - Batch 621 completed: 50 valid samples
2025-10-07 10:55:02,811 - INFO - Collected batch 622/1008: 50 samples
2025-10-07 10:55:02,812 - INFO - Processing batch 622 with 50 files
2025-10-07 10:55:02,812 - INFO - Batch 622 completed: 50 valid samples
2025-10-07 10:55:02,813 - INFO - Collected batch 623/1008: 50 samples
2025-10-07 10:55:02,860 - INFO - Processing batch 623 with 50 files
2025-10-07 10:55:02,861 - INFO - Batch 623 completed: 50 valid samples
2025-10-07 10:55:02,883 - INFO - Collected batch 624/1008: 50 samples
2025-10-07 10:55:02,931 - INFO - Processing batch 624 with 50 files
2025-10-07 10:55:02,932 - INFO - Batch 624 completed: 50 valid samples
2025-10-07 10:55:02,932 - INFO - Collected batch 625/1008: 50 samples
2025-10-07 10:55:03,264 - INFO - Processing batch 625 with 50 files
2025-10-07 10:55:03,265 - INFO - Batch 625 completed: 50 valid samples
2025-10-07 10:55:03,266 - INFO - Collected batch 626/1008: 50 samples
2025-10-07 10:55:03,314 - INFO - Processing batch 627 with 50 files
2025-10-07 10:55:03,315 - INFO - Batch 627 completed: 50 valid samples
2025-10-07 10:55:03,480 - INFO - Processing batch 626 with 50 files
2025-10-07 10:55:03,481 - INFO - Batch 626 completed: 50 valid samples
2025-10-07 10:55:03,482 - INFO - Collected batch 627/1008: 50 samples
2025-10-07 10:55:03,482 - INFO - Collected batch 628/1008: 50 samples
2025-10-07 10:55:03,538 - INFO - Processing batch 629 with 50 files
2025-10-07 10:55:03,539 - INFO - Batch 629 completed: 50 valid samples
2025-10-07 10:55:03,782 - INFO - Processing batch 630 with 50 files
2025-10-07 10:55:03,783 - INFO - Batch 630 completed: 50 valid samples
2025-10-07 10:55:03,822 - INFO - Processing batch 628 with 50 files
2025-10-07 10:55:03,823 - INFO - Batch 628 completed: 50 valid samples
2025-10-07 10:55:03,848 - INFO - Collected batch 629/1008: 50 samples
2025-10-07 10:55:03,848 - INFO - Collected batch 630/1008: 50 samples
2025-10-07 10:55:03,848 - INFO - Collected batch 631/1008: 50 samples
2025-10-07 10:55:03,892 - INFO - Processing batch 632 with 50 files
2025-10-07 10:55:03,893 - INFO - Batch 632 completed: 50 valid samples
2025-10-07 10:55:04,073 - INFO - Processing batch 633 with 50 files
2025-10-07 10:55:04,074 - INFO - Batch 633 completed: 50 valid samples
2025-10-07 10:55:04,145 - INFO - Processing batch 631 with 50 files
2025-10-07 10:55:04,146 - INFO - Batch 631 completed: 50 valid samples
2025-10-07 10:55:04,147 - INFO - Collected batch 632/1008: 50 samples
2025-10-07 10:55:04,147 - INFO - Collected batch 633/1008: 50 samples
2025-10-07 10:55:04,147 - INFO - Collected batch 634/1008: 50 samples
2025-10-07 10:55:04,194 - INFO - Processing batch 635 with 50 files
2025-10-07 10:55:04,195 - INFO - Batch 635 completed: 50 valid samples
2025-10-07 10:55:04,386 - INFO - Processing batch 634 with 50 files
2025-10-07 10:55:04,387 - INFO - Batch 634 completed: 50 valid samples
2025-10-07 10:55:04,388 - INFO - Collected batch 635/1008: 50 samples
2025-10-07 10:55:04,388 - INFO - Collected batch 636/1008: 50 samples
2025-10-07 10:55:04,434 - INFO - Processing batch 637 with 50 files
2025-10-07 10:55:04,434 - INFO - Batch 637 completed: 50 valid samples
2025-10-07 10:55:04,524 - INFO - Processing batch 636 with 50 files
2025-10-07 10:55:04,525 - INFO - Batch 636 completed: 50 valid samples
2025-10-07 10:55:04,526 - INFO - Collected batch 637/1008: 50 samples
2025-10-07 10:55:04,526 - INFO - Collected batch 638/1008: 50 samples
2025-10-07 10:55:04,574 - INFO - Processing batch 639 with 50 files
2025-10-07 10:55:04,575 - INFO - Batch 639 completed: 50 valid samples
2025-10-07 10:55:04,888 - INFO - Processing batch 640 with 50 files
2025-10-07 10:55:04,888 - INFO - Batch 640 completed: 50 valid samples
2025-10-07 10:55:04,936 - INFO - Processing batch 641 with 50 files
2025-10-07 10:55:04,937 - INFO - Batch 641 completed: 50 valid samples
2025-10-07 10:55:04,961 - INFO - Processing batch 638 with 50 files
2025-10-07 10:55:04,962 - INFO - Batch 638 completed: 50 valid samples
2025-10-07 10:55:04,995 - INFO - Collected batch 639/1008: 50 samples
2025-10-07 10:55:04,995 - INFO - Collected batch 640/1008: 50 samples
2025-10-07 10:55:04,995 - INFO - Collected batch 641/1008: 50 samples
2025-10-07 10:55:04,995 - INFO - Collected batch 642/1008: 50 samples
2025-10-07 10:55:05,046 - INFO - Processing batch 643 with 50 files
2025-10-07 10:55:05,048 - INFO - Batch 643 completed: 50 valid samples
2025-10-07 10:55:05,121 - INFO - Processing batch 642 with 50 files
2025-10-07 10:55:05,122 - INFO - Batch 642 completed: 50 valid samples
2025-10-07 10:55:05,122 - INFO - Collected batch 643/1008: 50 samples
2025-10-07 10:55:05,123 - INFO - Collected batch 644/1008: 50 samples
2025-10-07 10:55:05,229 - INFO - Processing batch 644 with 50 files
2025-10-07 10:55:05,230 - INFO - Batch 644 completed: 50 valid samples
2025-10-07 10:55:05,230 - INFO - Collected batch 645/1008: 50 samples
2025-10-07 10:55:05,434 - INFO - Processing batch 645 with 50 files
2025-10-07 10:55:05,435 - INFO - Batch 645 completed: 50 valid samples
2025-10-07 10:55:05,436 - INFO - Collected batch 646/1008: 50 samples
2025-10-07 10:55:05,483 - INFO - Processing batch 647 with 50 files
2025-10-07 10:55:05,484 - INFO - Batch 647 completed: 50 valid samples
2025-10-07 10:55:05,542 - INFO - Processing batch 646 with 50 files
2025-10-07 10:55:05,542 - INFO - Batch 646 completed: 50 valid samples
2025-10-07 10:55:05,543 - INFO - Collected batch 647/1008: 50 samples
2025-10-07 10:55:05,544 - INFO - Collected batch 648/1008: 50 samples
2025-10-07 10:55:05,590 - INFO - Processing batch 649 with 50 files
2025-10-07 10:55:05,591 - INFO - Batch 649 completed: 50 valid samples
2025-10-07 10:55:05,795 - INFO - Processing batch 648 with 50 files
2025-10-07 10:55:05,795 - INFO - Batch 648 completed: 50 valid samples
2025-10-07 10:55:05,796 - INFO - Collected batch 649/1008: 50 samples
2025-10-07 10:55:05,797 - INFO - Collected batch 650/1008: 50 samples
2025-10-07 10:55:05,842 - INFO - Processing batch 651 with 50 files
2025-10-07 10:55:05,843 - INFO - Batch 651 completed: 50 valid samples
2025-10-07 10:55:05,908 - INFO - Processing batch 650 with 50 files
2025-10-07 10:55:05,908 - INFO - Batch 650 completed: 50 valid samples
2025-10-07 10:55:05,909 - INFO - Collected batch 651/1008: 50 samples
2025-10-07 10:55:05,910 - INFO - Collected batch 652/1008: 50 samples
2025-10-07 10:55:05,956 - INFO - Processing batch 653 with 50 files
2025-10-07 10:55:05,956 - INFO - Batch 653 completed: 50 valid samples
2025-10-07 10:55:06,013 - INFO - Processing batch 652 with 50 files
2025-10-07 10:55:06,014 - INFO - Batch 652 completed: 50 valid samples
2025-10-07 10:55:06,015 - INFO - Collected batch 653/1008: 50 samples
2025-10-07 10:55:06,015 - INFO - Collected batch 654/1008: 50 samples
2025-10-07 10:55:06,280 - INFO - Processing batch 654 with 50 files
2025-10-07 10:55:06,281 - INFO - Batch 654 completed: 50 valid samples
2025-10-07 10:55:06,282 - INFO - Collected batch 655/1008: 50 samples
2025-10-07 10:55:06,323 - INFO - Processing batch 655 with 50 files
2025-10-07 10:55:06,324 - INFO - Batch 655 completed: 50 valid samples
2025-10-07 10:55:06,328 - INFO - Processing batch 656 with 50 files
2025-10-07 10:55:06,329 - INFO - Batch 656 completed: 50 valid samples
2025-10-07 10:55:06,351 - INFO - Collected batch 656/1008: 50 samples
2025-10-07 10:55:06,352 - INFO - Collected batch 657/1008: 50 samples
2025-10-07 10:55:06,400 - INFO - Processing batch 657 with 50 files
2025-10-07 10:55:06,400 - INFO - Batch 657 completed: 50 valid samples
2025-10-07 10:55:06,426 - INFO - Collected batch 658/1008: 50 samples
2025-10-07 10:55:06,649 - INFO - Processing batch 658 with 50 files
2025-10-07 10:55:06,650 - INFO - Batch 658 completed: 50 valid samples
2025-10-07 10:55:06,651 - INFO - Collected batch 659/1008: 50 samples
2025-10-07 10:55:06,749 - INFO - Processing batch 659 with 50 files
2025-10-07 10:55:06,750 - INFO - Batch 659 completed: 50 valid samples
2025-10-07 10:55:06,751 - INFO - Collected batch 660/1008: 50 samples
2025-10-07 10:55:06,796 - INFO - Processing batch 661 with 50 files
2025-10-07 10:55:06,797 - INFO - Batch 661 completed: 50 valid samples
2025-10-07 10:55:06,986 - INFO - Processing batch 660 with 50 files
2025-10-07 10:55:06,987 - INFO - Batch 660 completed: 50 valid samples
2025-10-07 10:55:06,988 - INFO - Collected batch 661/1008: 50 samples
2025-10-07 10:55:06,988 - INFO - Collected batch 662/1008: 50 samples
2025-10-07 10:55:07,036 - INFO - Processing batch 663 with 50 files
2025-10-07 10:55:07,037 - INFO - Batch 663 completed: 50 valid samples
2025-10-07 10:55:07,125 - INFO - Processing batch 662 with 50 files
2025-10-07 10:55:07,126 - INFO - Batch 662 completed: 50 valid samples
2025-10-07 10:55:07,127 - INFO - Collected batch 663/1008: 50 samples
2025-10-07 10:55:07,127 - INFO - Collected batch 664/1008: 50 samples
2025-10-07 10:55:07,173 - INFO - Processing batch 665 with 50 files
2025-10-07 10:55:07,174 - INFO - Batch 665 completed: 50 valid samples
2025-10-07 10:55:07,344 - INFO - Processing batch 666 with 50 files
2025-10-07 10:55:07,345 - INFO - Batch 666 completed: 50 valid samples
2025-10-07 10:55:07,349 - INFO - Processing batch 664 with 50 files
2025-10-07 10:55:07,350 - INFO - Batch 664 completed: 50 valid samples
2025-10-07 10:55:07,350 - INFO - Collected batch 665/1008: 50 samples
2025-10-07 10:55:07,351 - INFO - Collected batch 666/1008: 50 samples
2025-10-07 10:55:07,351 - INFO - Collected batch 667/1008: 50 samples
2025-10-07 10:55:07,456 - INFO - Processing batch 668 with 50 files
2025-10-07 10:55:07,457 - INFO - Batch 668 completed: 50 valid samples
2025-10-07 10:55:07,682 - INFO - Processing batch 667 with 50 files
2025-10-07 10:55:07,682 - INFO - Batch 667 completed: 50 valid samples
2025-10-07 10:55:07,683 - INFO - Collected batch 668/1008: 50 samples
2025-10-07 10:55:07,684 - INFO - Collected batch 669/1008: 50 samples
2025-10-07 10:55:07,723 - INFO - Processing batch 669 with 50 files
2025-10-07 10:55:07,724 - INFO - Batch 669 completed: 50 valid samples
2025-10-07 10:55:07,731 - INFO - Processing batch 670 with 50 files
2025-10-07 10:55:07,732 - INFO - Batch 670 completed: 50 valid samples
2025-10-07 10:55:07,742 - INFO - Collected batch 670/1008: 50 samples
2025-10-07 10:55:07,742 - INFO - Collected batch 671/1008: 50 samples
2025-10-07 10:55:08,106 - INFO - Processing batch 671 with 50 files
2025-10-07 10:55:08,107 - INFO - Batch 671 completed: 50 valid samples
2025-10-07 10:55:08,108 - INFO - Collected batch 672/1008: 50 samples
2025-10-07 10:55:08,158 - INFO - Processing batch 673 with 50 files
2025-10-07 10:55:08,159 - INFO - Batch 673 completed: 50 valid samples
2025-10-07 10:55:08,321 - INFO - Processing batch 672 with 50 files
2025-10-07 10:55:08,322 - INFO - Batch 672 completed: 50 valid samples
2025-10-07 10:55:08,323 - INFO - Collected batch 673/1008: 50 samples
2025-10-07 10:55:08,323 - INFO - Collected batch 674/1008: 50 samples
2025-10-07 10:55:08,375 - INFO - Processing batch 675 with 50 files
2025-10-07 10:55:08,376 - INFO - Batch 675 completed: 50 valid samples
2025-10-07 10:55:08,502 - INFO - Processing batch 674 with 50 files
2025-10-07 10:55:08,503 - INFO - Batch 674 completed: 50 valid samples
2025-10-07 10:55:08,504 - INFO - Collected batch 675/1008: 50 samples
2025-10-07 10:55:08,504 - INFO - Collected batch 676/1008: 50 samples
2025-10-07 10:55:08,550 - INFO - Processing batch 677 with 50 files
2025-10-07 10:55:08,551 - INFO - Batch 677 completed: 50 valid samples
2025-10-07 10:55:08,626 - INFO - Processing batch 676 with 50 files
2025-10-07 10:55:08,627 - INFO - Batch 676 completed: 50 valid samples
2025-10-07 10:55:08,628 - INFO - Collected batch 677/1008: 50 samples
2025-10-07 10:55:08,628 - INFO - Collected batch 678/1008: 50 samples
2025-10-07 10:55:08,879 - INFO - Processing batch 678 with 50 files
2025-10-07 10:55:08,879 - INFO - Batch 678 completed: 50 valid samples
2025-10-07 10:55:08,880 - INFO - Collected batch 679/1008: 50 samples
2025-10-07 10:55:08,926 - INFO - Processing batch 680 with 50 files
2025-10-07 10:55:08,926 - INFO - Batch 680 completed: 50 valid samples
2025-10-07 10:55:09,011 - INFO - Processing batch 679 with 50 files
2025-10-07 10:55:09,012 - INFO - Batch 679 completed: 50 valid samples
2025-10-07 10:55:09,013 - INFO - Collected batch 680/1008: 50 samples
2025-10-07 10:55:09,013 - INFO - Collected batch 681/1008: 50 samples
2025-10-07 10:55:09,059 - INFO - Processing batch 682 with 50 files
2025-10-07 10:55:09,060 - INFO - Batch 682 completed: 50 valid samples
2025-10-07 10:55:09,133 - INFO - Processing batch 681 with 50 files
2025-10-07 10:55:09,134 - INFO - Batch 681 completed: 50 valid samples
2025-10-07 10:55:09,135 - INFO - Collected batch 682/1008: 50 samples
2025-10-07 10:55:09,135 - INFO - Collected batch 683/1008: 50 samples
2025-10-07 10:55:09,374 - INFO - Processing batch 683 with 50 files
2025-10-07 10:55:09,374 - INFO - Batch 683 completed: 50 valid samples
2025-10-07 10:55:09,375 - INFO - Collected batch 684/1008: 50 samples
2025-10-07 10:55:09,421 - INFO - Processing batch 685 with 50 files
2025-10-07 10:55:09,422 - INFO - Batch 685 completed: 50 valid samples
2025-10-07 10:55:09,446 - INFO - Processing batch 684 with 50 files
2025-10-07 10:55:09,447 - INFO - Batch 684 completed: 50 valid samples
2025-10-07 10:55:09,468 - INFO - Collected batch 685/1008: 50 samples
2025-10-07 10:55:09,469 - INFO - Collected batch 686/1008: 50 samples
2025-10-07 10:55:09,520 - INFO - Processing batch 687 with 50 files
2025-10-07 10:55:09,521 - INFO - Batch 687 completed: 50 valid samples
2025-10-07 10:55:09,764 - INFO - Processing batch 686 with 50 files
2025-10-07 10:55:09,765 - INFO - Batch 686 completed: 50 valid samples
2025-10-07 10:55:09,766 - INFO - Collected batch 687/1008: 50 samples
2025-10-07 10:55:09,766 - INFO - Collected batch 688/1008: 50 samples
2025-10-07 10:55:09,817 - INFO - Processing batch 689 with 50 files
2025-10-07 10:55:09,817 - INFO - Batch 689 completed: 50 valid samples
2025-10-07 10:55:09,988 - INFO - Processing batch 690 with 50 files
2025-10-07 10:55:09,989 - INFO - Batch 690 completed: 50 valid samples
2025-10-07 10:55:10,040 - INFO - Processing batch 688 with 50 files
2025-10-07 10:55:10,040 - INFO - Batch 688 completed: 50 valid samples
2025-10-07 10:55:10,041 - INFO - Collected batch 689/1008: 50 samples
2025-10-07 10:55:10,042 - INFO - Collected batch 690/1008: 50 samples
2025-10-07 10:55:10,042 - INFO - Collected batch 691/1008: 50 samples
2025-10-07 10:55:10,097 - INFO - Processing batch 692 with 50 files
2025-10-07 10:55:10,097 - INFO - Batch 692 completed: 50 valid samples
2025-10-07 10:55:10,293 - INFO - Processing batch 691 with 50 files
2025-10-07 10:55:10,294 - INFO - Batch 691 completed: 50 valid samples
2025-10-07 10:55:10,294 - INFO - Collected batch 692/1008: 50 samples
2025-10-07 10:55:10,295 - INFO - Collected batch 693/1008: 50 samples
2025-10-07 10:55:10,340 - INFO - Processing batch 694 with 50 files
2025-10-07 10:55:10,341 - INFO - Batch 694 completed: 50 valid samples
2025-10-07 10:55:10,351 - INFO - Processing batch 693 with 50 files
2025-10-07 10:55:10,352 - INFO - Batch 693 completed: 50 valid samples
2025-10-07 10:55:10,357 - INFO - Collected batch 694/1008: 50 samples
2025-10-07 10:55:10,357 - INFO - Collected batch 695/1008: 50 samples
2025-10-07 10:55:10,675 - INFO - Processing batch 695 with 50 files
2025-10-07 10:55:10,675 - INFO - Batch 695 completed: 50 valid samples
2025-10-07 10:55:10,676 - INFO - Collected batch 696/1008: 50 samples
2025-10-07 10:55:10,722 - INFO - Processing batch 697 with 50 files
2025-10-07 10:55:10,723 - INFO - Batch 697 completed: 50 valid samples
2025-10-07 10:55:10,779 - INFO - Processing batch 696 with 50 files
2025-10-07 10:55:10,780 - INFO - Batch 696 completed: 50 valid samples
2025-10-07 10:55:10,783 - INFO - Collected batch 697/1008: 50 samples
2025-10-07 10:55:10,784 - INFO - Collected batch 698/1008: 50 samples
2025-10-07 10:55:10,828 - INFO - Processing batch 699 with 50 files
2025-10-07 10:55:10,829 - INFO - Batch 699 completed: 50 valid samples
2025-10-07 10:55:10,903 - INFO - Processing batch 698 with 50 files
2025-10-07 10:55:10,903 - INFO - Batch 698 completed: 50 valid samples
2025-10-07 10:55:10,904 - INFO - Collected batch 699/1008: 50 samples
2025-10-07 10:55:10,905 - INFO - Collected batch 700/1008: 50 samples
2025-10-07 10:55:11,141 - INFO - Processing batch 700 with 50 files
2025-10-07 10:55:11,142 - INFO - Batch 700 completed: 50 valid samples
2025-10-07 10:55:11,143 - INFO - Collected batch 701/1008: 50 samples
2025-10-07 10:55:11,189 - INFO - Processing batch 702 with 50 files
2025-10-07 10:55:11,190 - INFO - Batch 702 completed: 50 valid samples
2025-10-07 10:55:11,211 - INFO - Processing batch 701 with 50 files
2025-10-07 10:55:11,211 - INFO - Batch 701 completed: 50 valid samples
2025-10-07 10:55:11,212 - INFO - Collected batch 702/1008: 50 samples
2025-10-07 10:55:11,213 - INFO - Collected batch 703/1008: 50 samples
2025-10-07 10:55:11,295 - INFO - Processing batch 704 with 50 files
2025-10-07 10:55:11,295 - INFO - Batch 704 completed: 50 valid samples
2025-10-07 10:55:11,514 - INFO - Processing batch 703 with 50 files
2025-10-07 10:55:11,515 - INFO - Batch 703 completed: 50 valid samples
2025-10-07 10:55:11,516 - INFO - Collected batch 704/1008: 50 samples
2025-10-07 10:55:11,516 - INFO - Collected batch 705/1008: 50 samples
2025-10-07 10:55:11,562 - INFO - Processing batch 706 with 50 files
2025-10-07 10:55:11,563 - INFO - Batch 706 completed: 50 valid samples
2025-10-07 10:55:11,606 - INFO - Processing batch 705 with 50 files
2025-10-07 10:55:11,607 - INFO - Batch 705 completed: 50 valid samples
2025-10-07 10:55:11,627 - INFO - Collected batch 706/1008: 50 samples
2025-10-07 10:55:11,628 - INFO - Collected batch 707/1008: 50 samples
2025-10-07 10:55:11,668 - INFO - Processing batch 708 with 50 files
2025-10-07 10:55:11,668 - INFO - Batch 708 completed: 50 valid samples
2025-10-07 10:55:11,746 - INFO - Processing batch 707 with 50 files
2025-10-07 10:55:11,747 - INFO - Batch 707 completed: 50 valid samples
2025-10-07 10:55:11,748 - INFO - Collected batch 708/1008: 50 samples
2025-10-07 10:55:11,748 - INFO - Collected batch 709/1008: 50 samples
2025-10-07 10:55:11,981 - INFO - Processing batch 709 with 50 files
2025-10-07 10:55:11,982 - INFO - Batch 709 completed: 50 valid samples
2025-10-07 10:55:11,983 - INFO - Collected batch 710/1008: 50 samples
2025-10-07 10:55:12,029 - INFO - Processing batch 711 with 50 files
2025-10-07 10:55:12,030 - INFO - Batch 711 completed: 50 valid samples
2025-10-07 10:55:12,063 - INFO - Processing batch 710 with 50 files
2025-10-07 10:55:12,064 - INFO - Batch 710 completed: 50 valid samples
2025-10-07 10:55:12,077 - INFO - Collected batch 711/1008: 50 samples
2025-10-07 10:55:12,078 - INFO - Collected batch 712/1008: 50 samples
2025-10-07 10:55:12,129 - INFO - Processing batch 713 with 50 files
2025-10-07 10:55:12,130 - INFO - Batch 713 completed: 50 valid samples
2025-10-07 10:55:12,215 - INFO - Processing batch 712 with 50 files
2025-10-07 10:55:12,215 - INFO - Batch 712 completed: 50 valid samples
2025-10-07 10:55:12,216 - INFO - Collected batch 713/1008: 50 samples
2025-10-07 10:55:12,217 - INFO - Collected batch 714/1008: 50 samples
2025-10-07 10:55:12,534 - INFO - Processing batch 715 with 50 files
2025-10-07 10:55:12,535 - INFO - Batch 715 completed: 50 valid samples
2025-10-07 10:55:12,582 - INFO - Processing batch 716 with 50 files
2025-10-07 10:55:12,583 - INFO - Batch 716 completed: 50 valid samples
2025-10-07 10:55:12,648 - INFO - Processing batch 714 with 50 files
2025-10-07 10:55:12,649 - INFO - Batch 714 completed: 50 valid samples
2025-10-07 10:55:12,650 - INFO - Collected batch 715/1008: 50 samples
2025-10-07 10:55:12,650 - INFO - Collected batch 716/1008: 50 samples
2025-10-07 10:55:12,650 - INFO - Collected batch 717/1008: 50 samples
2025-10-07 10:55:12,704 - INFO - Processing batch 718 with 50 files
2025-10-07 10:55:12,705 - INFO - Batch 718 completed: 50 valid samples
2025-10-07 10:55:12,900 - INFO - Processing batch 717 with 50 files
2025-10-07 10:55:12,900 - INFO - Batch 717 completed: 50 valid samples
2025-10-07 10:55:12,901 - INFO - Collected batch 718/1008: 50 samples
2025-10-07 10:55:12,902 - INFO - Collected batch 719/1008: 50 samples
2025-10-07 10:55:12,948 - INFO - Processing batch 719 with 50 files
2025-10-07 10:55:12,948 - INFO - Processing batch 720 with 50 files
2025-10-07 10:55:12,949 - INFO - Batch 719 completed: 50 valid samples
2025-10-07 10:55:12,949 - INFO - Batch 720 completed: 50 valid samples
2025-10-07 10:55:12,950 - INFO - Collected batch 720/1008: 50 samples
2025-10-07 10:55:12,950 - INFO - Collected batch 721/1008: 50 samples
2025-10-07 10:55:13,128 - INFO - Processing batch 721 with 50 files
2025-10-07 10:55:13,128 - INFO - Batch 721 completed: 50 valid samples
2025-10-07 10:55:13,129 - INFO - Collected batch 722/1008: 50 samples
2025-10-07 10:55:13,438 - INFO - Processing batch 722 with 50 files
2025-10-07 10:55:13,439 - INFO - Batch 722 completed: 50 valid samples
2025-10-07 10:55:13,440 - INFO - Collected batch 723/1008: 50 samples
2025-10-07 10:55:13,449 - INFO - Processing batch 723 with 50 files
2025-10-07 10:55:13,450 - INFO - Batch 723 completed: 50 valid samples
2025-10-07 10:55:13,451 - INFO - Collected batch 724/1008: 50 samples
2025-10-07 10:55:13,488 - INFO - Processing batch 724 with 50 files
2025-10-07 10:55:13,489 - INFO - Batch 724 completed: 50 valid samples
2025-10-07 10:55:13,504 - INFO - Collected batch 725/1008: 50 samples
2025-10-07 10:55:13,552 - INFO - Processing batch 725 with 50 files
2025-10-07 10:55:13,553 - INFO - Batch 725 completed: 50 valid samples
2025-10-07 10:55:13,595 - INFO - Collected batch 726/1008: 50 samples
2025-10-07 10:55:13,858 - INFO - Processing batch 726 with 50 files
2025-10-07 10:55:13,859 - INFO - Batch 726 completed: 50 valid samples
2025-10-07 10:55:13,860 - INFO - Collected batch 727/1008: 50 samples
2025-10-07 10:55:13,907 - INFO - Processing batch 728 with 50 files
2025-10-07 10:55:13,908 - INFO - Batch 728 completed: 50 valid samples
2025-10-07 10:55:13,909 - INFO - Processing batch 727 with 50 files
2025-10-07 10:55:13,910 - INFO - Batch 727 completed: 50 valid samples
2025-10-07 10:55:13,910 - INFO - Collected batch 728/1008: 50 samples
2025-10-07 10:55:13,911 - INFO - Collected batch 729/1008: 50 samples
2025-10-07 10:55:14,003 - INFO - Processing batch 730 with 50 files
2025-10-07 10:55:14,004 - INFO - Batch 730 completed: 50 valid samples
2025-10-07 10:55:14,250 - INFO - Processing batch 729 with 50 files
2025-10-07 10:55:14,251 - INFO - Batch 729 completed: 50 valid samples
2025-10-07 10:55:14,252 - INFO - Collected batch 730/1008: 50 samples
2025-10-07 10:55:14,252 - INFO - Collected batch 731/1008: 50 samples
2025-10-07 10:55:14,301 - INFO - Processing batch 732 with 50 files
2025-10-07 10:55:14,302 - INFO - Batch 732 completed: 50 valid samples
2025-10-07 10:55:14,389 - INFO - Processing batch 731 with 50 files
2025-10-07 10:55:14,390 - INFO - Batch 731 completed: 50 valid samples
2025-10-07 10:55:14,391 - INFO - Collected batch 732/1008: 50 samples
2025-10-07 10:55:14,391 - INFO - Collected batch 733/1008: 50 samples
2025-10-07 10:55:14,438 - INFO - Processing batch 734 with 50 files
2025-10-07 10:55:14,439 - INFO - Batch 734 completed: 50 valid samples
2025-10-07 10:55:14,479 - INFO - Processing batch 733 with 50 files
2025-10-07 10:55:14,480 - INFO - Batch 733 completed: 50 valid samples
2025-10-07 10:55:14,481 - INFO - Collected batch 734/1008: 50 samples
2025-10-07 10:55:14,482 - INFO - Collected batch 735/1008: 50 samples
2025-10-07 10:55:14,606 - INFO - Processing batch 735 with 50 files
2025-10-07 10:55:14,607 - INFO - Batch 735 completed: 50 valid samples
2025-10-07 10:55:14,608 - INFO - Collected batch 736/1008: 50 samples
2025-10-07 10:55:14,792 - INFO - Processing batch 736 with 50 files
2025-10-07 10:55:14,793 - INFO - Batch 736 completed: 50 valid samples
2025-10-07 10:55:14,794 - INFO - Collected batch 737/1008: 50 samples
2025-10-07 10:55:14,840 - INFO - Processing batch 738 with 50 files
2025-10-07 10:55:14,841 - INFO - Batch 738 completed: 50 valid samples
2025-10-07 10:55:14,914 - INFO - Processing batch 737 with 50 files
2025-10-07 10:55:14,915 - INFO - Batch 737 completed: 50 valid samples
2025-10-07 10:55:14,916 - INFO - Collected batch 738/1008: 50 samples
2025-10-07 10:55:14,916 - INFO - Collected batch 739/1008: 50 samples
2025-10-07 10:55:14,962 - INFO - Processing batch 740 with 50 files
2025-10-07 10:55:14,963 - INFO - Batch 740 completed: 50 valid samples
2025-10-07 10:55:15,170 - INFO - Processing batch 739 with 50 files
2025-10-07 10:55:15,171 - INFO - Batch 739 completed: 50 valid samples
2025-10-07 10:55:15,172 - INFO - Collected batch 740/1008: 50 samples
2025-10-07 10:55:15,172 - INFO - Collected batch 741/1008: 50 samples
2025-10-07 10:55:15,219 - INFO - Processing batch 742 with 50 files
2025-10-07 10:55:15,219 - INFO - Batch 742 completed: 50 valid samples
2025-10-07 10:55:15,274 - INFO - Processing batch 741 with 50 files
2025-10-07 10:55:15,274 - INFO - Batch 741 completed: 50 valid samples
2025-10-07 10:55:15,275 - INFO - Collected batch 742/1008: 50 samples
2025-10-07 10:55:15,276 - INFO - Collected batch 743/1008: 50 samples
2025-10-07 10:55:15,322 - INFO - Processing batch 744 with 50 files
2025-10-07 10:55:15,323 - INFO - Batch 744 completed: 50 valid samples
2025-10-07 10:55:15,387 - INFO - Processing batch 743 with 50 files
2025-10-07 10:55:15,388 - INFO - Batch 743 completed: 50 valid samples
2025-10-07 10:55:15,389 - INFO - Collected batch 744/1008: 50 samples
2025-10-07 10:55:15,389 - INFO - Collected batch 745/1008: 50 samples
2025-10-07 10:55:15,485 - INFO - Processing batch 745 with 50 files
2025-10-07 10:55:15,486 - INFO - Batch 745 completed: 50 valid samples
2025-10-07 10:55:15,487 - INFO - Collected batch 746/1008: 50 samples
2025-10-07 10:55:15,699 - INFO - Processing batch 746 with 50 files
2025-10-07 10:55:15,700 - INFO - Batch 746 completed: 50 valid samples
2025-10-07 10:55:15,701 - INFO - Collected batch 747/1008: 50 samples
2025-10-07 10:55:15,748 - INFO - Processing batch 748 with 50 files
2025-10-07 10:55:15,749 - INFO - Batch 748 completed: 50 valid samples
2025-10-07 10:55:15,794 - INFO - Processing batch 747 with 50 files
2025-10-07 10:55:15,795 - INFO - Batch 747 completed: 50 valid samples
2025-10-07 10:55:15,815 - INFO - Collected batch 748/1008: 50 samples
2025-10-07 10:55:15,815 - INFO - Collected batch 749/1008: 50 samples
2025-10-07 10:55:15,864 - INFO - Processing batch 750 with 50 files
2025-10-07 10:55:15,865 - INFO - Batch 750 completed: 50 valid samples
2025-10-07 10:55:16,106 - INFO - Processing batch 749 with 50 files
2025-10-07 10:55:16,107 - INFO - Batch 749 completed: 50 valid samples
2025-10-07 10:55:16,108 - INFO - Collected batch 750/1008: 50 samples
2025-10-07 10:55:16,108 - INFO - Collected batch 751/1008: 50 samples
2025-10-07 10:55:16,157 - INFO - Processing batch 752 with 50 files
2025-10-07 10:55:16,158 - INFO - Batch 752 completed: 50 valid samples
2025-10-07 10:55:16,318 - INFO - Processing batch 751 with 50 files
2025-10-07 10:55:16,319 - INFO - Batch 751 completed: 50 valid samples
2025-10-07 10:55:16,320 - INFO - Collected batch 752/1008: 50 samples
2025-10-07 10:55:16,320 - INFO - Collected batch 753/1008: 50 samples
2025-10-07 10:55:16,367 - INFO - Processing batch 754 with 50 files
2025-10-07 10:55:16,368 - INFO - Batch 754 completed: 50 valid samples
2025-10-07 10:55:16,488 - INFO - Processing batch 753 with 50 files
2025-10-07 10:55:16,489 - INFO - Batch 753 completed: 50 valid samples
2025-10-07 10:55:16,490 - INFO - Collected batch 754/1008: 50 samples
2025-10-07 10:55:16,490 - INFO - Collected batch 755/1008: 50 samples
2025-10-07 10:55:16,538 - INFO - Processing batch 756 with 50 files
2025-10-07 10:55:16,539 - INFO - Batch 756 completed: 50 valid samples
2025-10-07 10:55:16,700 - INFO - Processing batch 755 with 50 files
2025-10-07 10:55:16,701 - INFO - Batch 755 completed: 50 valid samples
2025-10-07 10:55:16,702 - INFO - Collected batch 756/1008: 50 samples
2025-10-07 10:55:16,702 - INFO - Collected batch 757/1008: 50 samples
2025-10-07 10:55:16,713 - INFO - Processing batch 757 with 50 files
2025-10-07 10:55:16,714 - INFO - Batch 757 completed: 50 valid samples
2025-10-07 10:55:16,748 - INFO - Processing batch 758 with 50 files
2025-10-07 10:55:16,749 - INFO - Batch 758 completed: 50 valid samples
2025-10-07 10:55:16,764 - INFO - Collected batch 758/1008: 50 samples
2025-10-07 10:55:16,764 - INFO - Collected batch 759/1008: 50 samples
2025-10-07 10:55:17,077 - INFO - Processing batch 760 with 50 files
2025-10-07 10:55:17,077 - INFO - Batch 760 completed: 50 valid samples
2025-10-07 10:55:17,103 - INFO - Processing batch 759 with 50 files
2025-10-07 10:55:17,104 - INFO - Batch 759 completed: 50 valid samples
2025-10-07 10:55:17,143 - INFO - Collected batch 760/1008: 50 samples
2025-10-07 10:55:17,143 - INFO - Collected batch 761/1008: 50 samples
2025-10-07 10:55:17,182 - INFO - Processing batch 762 with 50 files
2025-10-07 10:55:17,183 - INFO - Batch 762 completed: 50 valid samples
2025-10-07 10:55:17,502 - INFO - Processing batch 763 with 50 files
2025-10-07 10:55:17,503 - INFO - Batch 763 completed: 50 valid samples
2025-10-07 10:55:17,521 - INFO - Processing batch 761 with 50 files
2025-10-07 10:55:17,522 - INFO - Batch 761 completed: 50 valid samples
2025-10-07 10:55:17,550 - INFO - Processing batch 764 with 50 files
2025-10-07 10:55:17,551 - INFO - Batch 764 completed: 50 valid samples
2025-10-07 10:55:17,567 - INFO - Collected batch 762/1008: 50 samples
2025-10-07 10:55:17,567 - INFO - Collected batch 763/1008: 50 samples
2025-10-07 10:55:17,567 - INFO - Collected batch 764/1008: 50 samples
2025-10-07 10:55:17,568 - INFO - Collected batch 765/1008: 50 samples
2025-10-07 10:55:17,608 - INFO - Processing batch 765 with 50 files
2025-10-07 10:55:17,609 - INFO - Batch 765 completed: 50 valid samples
2025-10-07 10:55:17,611 - INFO - Collected batch 766/1008: 50 samples
2025-10-07 10:55:17,869 - INFO - Processing batch 766 with 50 files
2025-10-07 10:55:17,870 - INFO - Batch 766 completed: 50 valid samples
2025-10-07 10:55:17,871 - INFO - Collected batch 767/1008: 50 samples
2025-10-07 10:55:17,970 - INFO - Processing batch 767 with 50 files
2025-10-07 10:55:17,970 - INFO - Batch 767 completed: 50 valid samples
2025-10-07 10:55:17,971 - INFO - Collected batch 768/1008: 50 samples
2025-10-07 10:55:18,020 - INFO - Processing batch 769 with 50 files
2025-10-07 10:55:18,021 - INFO - Batch 769 completed: 50 valid samples
2025-10-07 10:55:18,190 - INFO - Processing batch 770 with 50 files
2025-10-07 10:55:18,191 - INFO - Batch 770 completed: 50 valid samples
2025-10-07 10:55:18,220 - INFO - Processing batch 768 with 50 files
2025-10-07 10:55:18,220 - INFO - Batch 768 completed: 50 valid samples
2025-10-07 10:55:18,246 - INFO - Collected batch 769/1008: 50 samples
2025-10-07 10:55:18,247 - INFO - Collected batch 770/1008: 50 samples
2025-10-07 10:55:18,247 - INFO - Collected batch 771/1008: 50 samples
2025-10-07 10:55:18,292 - INFO - Processing batch 772 with 50 files
2025-10-07 10:55:18,293 - INFO - Batch 772 completed: 50 valid samples
2025-10-07 10:55:18,514 - INFO - Processing batch 771 with 50 files
2025-10-07 10:55:18,515 - INFO - Batch 771 completed: 50 valid samples
2025-10-07 10:55:18,516 - INFO - Collected batch 772/1008: 50 samples
2025-10-07 10:55:18,516 - INFO - Collected batch 773/1008: 50 samples
2025-10-07 10:55:18,568 - INFO - Processing batch 774 with 50 files
2025-10-07 10:55:18,569 - INFO - Batch 774 completed: 50 valid samples
2025-10-07 10:55:18,612 - INFO - Processing batch 773 with 50 files
2025-10-07 10:55:18,613 - INFO - Batch 773 completed: 50 valid samples
2025-10-07 10:55:18,624 - INFO - Collected batch 774/1008: 50 samples
2025-10-07 10:55:18,624 - INFO - Collected batch 775/1008: 50 samples
2025-10-07 10:55:18,675 - INFO - Processing batch 776 with 50 files
2025-10-07 10:55:18,676 - INFO - Batch 776 completed: 50 valid samples
2025-10-07 10:55:18,908 - INFO - Processing batch 775 with 50 files
2025-10-07 10:55:18,908 - INFO - Batch 775 completed: 50 valid samples
2025-10-07 10:55:18,909 - INFO - Collected batch 776/1008: 50 samples
2025-10-07 10:55:18,910 - INFO - Collected batch 777/1008: 50 samples
2025-10-07 10:55:18,956 - INFO - Processing batch 778 with 50 files
2025-10-07 10:55:18,957 - INFO - Batch 778 completed: 50 valid samples
2025-10-07 10:55:19,076 - INFO - Processing batch 777 with 50 files
2025-10-07 10:55:19,077 - INFO - Batch 777 completed: 50 valid samples
2025-10-07 10:55:19,077 - INFO - Collected batch 778/1008: 50 samples
2025-10-07 10:55:19,078 - INFO - Collected batch 779/1008: 50 samples
2025-10-07 10:55:19,124 - INFO - Processing batch 780 with 50 files
2025-10-07 10:55:19,125 - INFO - Batch 780 completed: 50 valid samples
2025-10-07 10:55:19,278 - INFO - Processing batch 779 with 50 files
2025-10-07 10:55:19,279 - INFO - Batch 779 completed: 50 valid samples
2025-10-07 10:55:19,280 - INFO - Collected batch 780/1008: 50 samples
2025-10-07 10:55:19,280 - INFO - Collected batch 781/1008: 50 samples
2025-10-07 10:55:19,310 - INFO - Processing batch 781 with 50 files
2025-10-07 10:55:19,311 - INFO - Batch 781 completed: 50 valid samples
2025-10-07 10:55:19,326 - INFO - Processing batch 782 with 50 files
2025-10-07 10:55:19,326 - INFO - Batch 782 completed: 50 valid samples
2025-10-07 10:55:19,341 - INFO - Collected batch 782/1008: 50 samples
2025-10-07 10:55:19,341 - INFO - Collected batch 783/1008: 50 samples
2025-10-07 10:55:19,541 - INFO - Processing batch 784 with 50 files
2025-10-07 10:55:19,542 - INFO - Batch 784 completed: 50 valid samples
2025-10-07 10:55:19,838 - INFO - Processing batch 783 with 50 files
2025-10-07 10:55:19,839 - INFO - Batch 783 completed: 50 valid samples
2025-10-07 10:55:19,840 - INFO - Collected batch 784/1008: 50 samples
2025-10-07 10:55:19,840 - INFO - Collected batch 785/1008: 50 samples
2025-10-07 10:55:19,843 - INFO - Processing batch 785 with 50 files
2025-10-07 10:55:19,843 - INFO - Batch 785 completed: 50 valid samples
2025-10-07 10:55:19,844 - INFO - Collected batch 786/1008: 50 samples
2025-10-07 10:55:19,904 - INFO - Processing batch 786 with 50 files
2025-10-07 10:55:19,905 - INFO - Batch 786 completed: 50 valid samples
2025-10-07 10:55:19,906 - INFO - Collected batch 787/1008: 50 samples
2025-10-07 10:55:19,947 - INFO - Processing batch 787 with 50 files
2025-10-07 10:55:19,948 - INFO - Batch 787 completed: 50 valid samples
2025-10-07 10:55:19,949 - INFO - Collected batch 788/1008: 50 samples
2025-10-07 10:55:20,273 - INFO - Processing batch 788 with 50 files
2025-10-07 10:55:20,274 - INFO - Batch 788 completed: 50 valid samples
2025-10-07 10:55:20,275 - INFO - Collected batch 789/1008: 50 samples
2025-10-07 10:55:20,286 - INFO - Processing batch 789 with 50 files
2025-10-07 10:55:20,287 - INFO - Batch 789 completed: 50 valid samples
2025-10-07 10:55:20,287 - INFO - Collected batch 790/1008: 50 samples
2025-10-07 10:55:20,322 - INFO - Processing batch 790 with 50 files
2025-10-07 10:55:20,323 - INFO - Batch 790 completed: 50 valid samples
2025-10-07 10:55:20,346 - INFO - Collected batch 791/1008: 50 samples
2025-10-07 10:55:20,393 - INFO - Processing batch 791 with 50 files
2025-10-07 10:55:20,394 - INFO - Batch 791 completed: 50 valid samples
2025-10-07 10:55:20,422 - INFO - Collected batch 792/1008: 50 samples
2025-10-07 10:55:20,550 - INFO - Processing batch 792 with 50 files
2025-10-07 10:55:20,550 - INFO - Batch 792 completed: 50 valid samples
2025-10-07 10:55:20,551 - INFO - Collected batch 793/1008: 50 samples
2025-10-07 10:55:20,583 - INFO - Processing batch 793 with 50 files
2025-10-07 10:55:20,583 - INFO - Batch 793 completed: 50 valid samples
2025-10-07 10:55:20,598 - INFO - Collected batch 794/1008: 50 samples
2025-10-07 10:55:20,893 - INFO - Processing batch 794 with 50 files
2025-10-07 10:55:20,894 - INFO - Batch 794 completed: 50 valid samples
2025-10-07 10:55:20,895 - INFO - Collected batch 795/1008: 50 samples
2025-10-07 10:55:20,940 - INFO - Processing batch 796 with 50 files
2025-10-07 10:55:20,941 - INFO - Batch 796 completed: 50 valid samples
2025-10-07 10:55:21,041 - INFO - Processing batch 795 with 50 files
2025-10-07 10:55:21,042 - INFO - Batch 795 completed: 50 valid samples
2025-10-07 10:55:21,043 - INFO - Collected batch 796/1008: 50 samples
2025-10-07 10:55:21,043 - INFO - Collected batch 797/1008: 50 samples
2025-10-07 10:55:21,090 - INFO - Processing batch 798 with 50 files
2025-10-07 10:55:21,091 - INFO - Batch 798 completed: 50 valid samples
2025-10-07 10:55:21,268 - INFO - Processing batch 797 with 50 files
2025-10-07 10:55:21,269 - INFO - Batch 797 completed: 50 valid samples
2025-10-07 10:55:21,270 - INFO - Collected batch 798/1008: 50 samples
2025-10-07 10:55:21,270 - INFO - Collected batch 799/1008: 50 samples
2025-10-07 10:55:21,317 - INFO - Processing batch 800 with 50 files
2025-10-07 10:55:21,318 - INFO - Batch 800 completed: 50 valid samples
2025-10-07 10:55:21,403 - INFO - Processing batch 799 with 50 files
2025-10-07 10:55:21,404 - INFO - Batch 799 completed: 50 valid samples
2025-10-07 10:55:21,405 - INFO - Collected batch 800/1008: 50 samples
2025-10-07 10:55:21,405 - INFO - Collected batch 801/1008: 50 samples
2025-10-07 10:55:21,452 - INFO - Processing batch 802 with 50 files
2025-10-07 10:55:21,453 - INFO - Batch 802 completed: 50 valid samples
2025-10-07 10:55:21,639 - INFO - Processing batch 801 with 50 files
2025-10-07 10:55:21,640 - INFO - Batch 801 completed: 50 valid samples
2025-10-07 10:55:21,641 - INFO - Collected batch 802/1008: 50 samples
2025-10-07 10:55:21,641 - INFO - Collected batch 803/1008: 50 samples
2025-10-07 10:55:21,693 - INFO - Processing batch 804 with 50 files
2025-10-07 10:55:21,694 - INFO - Batch 804 completed: 50 valid samples
2025-10-07 10:55:21,770 - INFO - Processing batch 803 with 50 files
2025-10-07 10:55:21,771 - INFO - Batch 803 completed: 50 valid samples
2025-10-07 10:55:21,772 - INFO - Collected batch 804/1008: 50 samples
2025-10-07 10:55:21,773 - INFO - Collected batch 805/1008: 50 samples
2025-10-07 10:55:21,820 - INFO - Processing batch 806 with 50 files
2025-10-07 10:55:21,820 - INFO - Batch 806 completed: 50 valid samples
2025-10-07 10:55:21,866 - INFO - Processing batch 805 with 50 files
2025-10-07 10:55:21,867 - INFO - Batch 805 completed: 50 valid samples
2025-10-07 10:55:21,867 - INFO - Collected batch 806/1008: 50 samples
2025-10-07 10:55:21,868 - INFO - Collected batch 807/1008: 50 samples
2025-10-07 10:55:21,990 - INFO - Processing batch 807 with 50 files
2025-10-07 10:55:21,990 - INFO - Batch 807 completed: 50 valid samples
2025-10-07 10:55:21,991 - INFO - Collected batch 808/1008: 50 samples
2025-10-07 10:55:22,184 - INFO - Processing batch 808 with 50 files
2025-10-07 10:55:22,185 - INFO - Batch 808 completed: 50 valid samples
2025-10-07 10:55:22,185 - INFO - Collected batch 809/1008: 50 samples
2025-10-07 10:55:22,234 - INFO - Processing batch 810 with 50 files
2025-10-07 10:55:22,234 - INFO - Batch 810 completed: 50 valid samples
2025-10-07 10:55:22,305 - INFO - Processing batch 809 with 50 files
2025-10-07 10:55:22,306 - INFO - Batch 809 completed: 50 valid samples
2025-10-07 10:55:22,307 - INFO - Collected batch 810/1008: 50 samples
2025-10-07 10:55:22,307 - INFO - Collected batch 811/1008: 50 samples
2025-10-07 10:55:22,354 - INFO - Processing batch 812 with 50 files
2025-10-07 10:55:22,355 - INFO - Batch 812 completed: 50 valid samples
2025-10-07 10:55:22,566 - INFO - Processing batch 811 with 50 files
2025-10-07 10:55:22,567 - INFO - Batch 811 completed: 50 valid samples
2025-10-07 10:55:22,568 - INFO - Collected batch 812/1008: 50 samples
2025-10-07 10:55:22,568 - INFO - Collected batch 813/1008: 50 samples
2025-10-07 10:55:22,614 - INFO - Processing batch 814 with 50 files
2025-10-07 10:55:22,615 - INFO - Batch 814 completed: 50 valid samples
2025-10-07 10:55:22,677 - INFO - Processing batch 813 with 50 files
2025-10-07 10:55:22,677 - INFO - Batch 813 completed: 50 valid samples
2025-10-07 10:55:22,678 - INFO - Collected batch 814/1008: 50 samples
2025-10-07 10:55:22,678 - INFO - Collected batch 815/1008: 50 samples
2025-10-07 10:55:22,728 - INFO - Processing batch 816 with 50 files
2025-10-07 10:55:22,729 - INFO - Batch 816 completed: 50 valid samples
2025-10-07 10:55:22,889 - INFO - Processing batch 815 with 50 files
2025-10-07 10:55:22,890 - INFO - Batch 815 completed: 50 valid samples
2025-10-07 10:55:22,890 - INFO - Collected batch 816/1008: 50 samples
2025-10-07 10:55:22,891 - INFO - Collected batch 817/1008: 50 samples
2025-10-07 10:55:22,906 - INFO - Processing batch 817 with 50 files
2025-10-07 10:55:22,907 - INFO - Batch 817 completed: 50 valid samples
2025-10-07 10:55:22,907 - INFO - Collected batch 818/1008: 50 samples
2025-10-07 10:55:23,268 - INFO - Processing batch 819 with 50 files
2025-10-07 10:55:23,269 - INFO - Batch 819 completed: 50 valid samples
2025-10-07 10:55:23,316 - INFO - Processing batch 820 with 50 files
2025-10-07 10:55:23,317 - INFO - Batch 820 completed: 50 valid samples
2025-10-07 10:55:23,397 - INFO - Processing batch 818 with 50 files
2025-10-07 10:55:23,398 - INFO - Batch 818 completed: 50 valid samples
2025-10-07 10:55:23,399 - INFO - Collected batch 819/1008: 50 samples
2025-10-07 10:55:23,400 - INFO - Collected batch 820/1008: 50 samples
2025-10-07 10:55:23,400 - INFO - Collected batch 821/1008: 50 samples
2025-10-07 10:55:23,447 - INFO - Processing batch 822 with 50 files
2025-10-07 10:55:23,448 - INFO - Batch 822 completed: 50 valid samples
2025-10-07 10:55:23,647 - INFO - Processing batch 821 with 50 files
2025-10-07 10:55:23,648 - INFO - Batch 821 completed: 50 valid samples
2025-10-07 10:55:23,649 - INFO - Collected batch 822/1008: 50 samples
2025-10-07 10:55:23,649 - INFO - Collected batch 823/1008: 50 samples
2025-10-07 10:55:23,696 - INFO - Processing batch 824 with 50 files
2025-10-07 10:55:23,697 - INFO - Batch 824 completed: 50 valid samples
2025-10-07 10:55:23,765 - INFO - Processing batch 823 with 50 files
2025-10-07 10:55:23,765 - INFO - Batch 823 completed: 50 valid samples
2025-10-07 10:55:23,766 - INFO - Collected batch 824/1008: 50 samples
2025-10-07 10:55:23,766 - INFO - Collected batch 825/1008: 50 samples
2025-10-07 10:55:23,814 - INFO - Processing batch 826 with 50 files
2025-10-07 10:55:23,815 - INFO - Batch 826 completed: 50 valid samples
2025-10-07 10:55:24,029 - INFO - Processing batch 825 with 50 files
2025-10-07 10:55:24,030 - INFO - Batch 825 completed: 50 valid samples
2025-10-07 10:55:24,031 - INFO - Collected batch 826/1008: 50 samples
2025-10-07 10:55:24,031 - INFO - Collected batch 827/1008: 50 samples
2025-10-07 10:55:24,077 - INFO - Processing batch 828 with 50 files
2025-10-07 10:55:24,078 - INFO - Batch 828 completed: 50 valid samples
2025-10-07 10:55:24,137 - INFO - Processing batch 827 with 50 files
2025-10-07 10:55:24,138 - INFO - Batch 827 completed: 50 valid samples
2025-10-07 10:55:24,139 - INFO - Collected batch 828/1008: 50 samples
2025-10-07 10:55:24,139 - INFO - Collected batch 829/1008: 50 samples
2025-10-07 10:55:24,186 - INFO - Processing batch 830 with 50 files
2025-10-07 10:55:24,187 - INFO - Batch 830 completed: 50 valid samples
2025-10-07 10:55:24,257 - INFO - Processing batch 829 with 50 files
2025-10-07 10:55:24,258 - INFO - Batch 829 completed: 50 valid samples
2025-10-07 10:55:24,259 - INFO - Collected batch 830/1008: 50 samples
2025-10-07 10:55:24,259 - INFO - Collected batch 831/1008: 50 samples
2025-10-07 10:55:24,360 - INFO - Processing batch 831 with 50 files
2025-10-07 10:55:24,360 - INFO - Batch 831 completed: 50 valid samples
2025-10-07 10:55:24,361 - INFO - Collected batch 832/1008: 50 samples
2025-10-07 10:55:24,590 - INFO - Processing batch 832 with 50 files
2025-10-07 10:55:24,591 - INFO - Batch 832 completed: 50 valid samples
2025-10-07 10:55:24,592 - INFO - Collected batch 833/1008: 50 samples
2025-10-07 10:55:24,638 - INFO - Processing batch 834 with 50 files
2025-10-07 10:55:24,639 - INFO - Batch 834 completed: 50 valid samples
2025-10-07 10:55:24,677 - INFO - Processing batch 833 with 50 files
2025-10-07 10:55:24,678 - INFO - Batch 833 completed: 50 valid samples
2025-10-07 10:55:24,688 - INFO - Collected batch 834/1008: 50 samples
2025-10-07 10:55:24,688 - INFO - Collected batch 835/1008: 50 samples
2025-10-07 10:55:24,741 - INFO - Processing batch 836 with 50 files
2025-10-07 10:55:24,742 - INFO - Batch 836 completed: 50 valid samples
2025-10-07 10:55:24,969 - INFO - Processing batch 835 with 50 files
2025-10-07 10:55:24,970 - INFO - Batch 835 completed: 50 valid samples
2025-10-07 10:55:24,971 - INFO - Collected batch 836/1008: 50 samples
2025-10-07 10:55:24,971 - INFO - Collected batch 837/1008: 50 samples
2025-10-07 10:55:25,017 - INFO - Processing batch 838 with 50 files
2025-10-07 10:55:25,018 - INFO - Batch 838 completed: 50 valid samples
2025-10-07 10:55:25,201 - INFO - Processing batch 839 with 50 files
2025-10-07 10:55:25,201 - INFO - Batch 839 completed: 50 valid samples
2025-10-07 10:55:25,255 - INFO - Processing batch 837 with 50 files
2025-10-07 10:55:25,256 - INFO - Batch 837 completed: 50 valid samples
2025-10-07 10:55:25,266 - INFO - Collected batch 838/1008: 50 samples
2025-10-07 10:55:25,266 - INFO - Collected batch 839/1008: 50 samples
2025-10-07 10:55:25,266 - INFO - Collected batch 840/1008: 50 samples
2025-10-07 10:55:25,313 - INFO - Processing batch 841 with 50 files
2025-10-07 10:55:25,313 - INFO - Batch 841 completed: 50 valid samples
2025-10-07 10:55:25,523 - INFO - Processing batch 840 with 50 files
2025-10-07 10:55:25,524 - INFO - Batch 840 completed: 50 valid samples
2025-10-07 10:55:25,525 - INFO - Collected batch 841/1008: 50 samples
2025-10-07 10:55:25,525 - INFO - Collected batch 842/1008: 50 samples
2025-10-07 10:55:25,571 - INFO - Processing batch 843 with 50 files
2025-10-07 10:55:25,572 - INFO - Batch 843 completed: 50 valid samples
2025-10-07 10:55:25,577 - INFO - Processing batch 842 with 50 files
2025-10-07 10:55:25,578 - INFO - Batch 842 completed: 50 valid samples
2025-10-07 10:55:25,586 - INFO - Collected batch 843/1008: 50 samples
2025-10-07 10:55:25,586 - INFO - Collected batch 844/1008: 50 samples
2025-10-07 10:55:25,894 - INFO - Processing batch 844 with 50 files
2025-10-07 10:55:25,895 - INFO - Batch 844 completed: 50 valid samples
2025-10-07 10:55:25,896 - INFO - Collected batch 845/1008: 50 samples
2025-10-07 10:55:25,943 - INFO - Processing batch 846 with 50 files
2025-10-07 10:55:25,944 - INFO - Batch 846 completed: 50 valid samples
2025-10-07 10:55:25,948 - INFO - Processing batch 845 with 50 files
2025-10-07 10:55:25,949 - INFO - Batch 845 completed: 50 valid samples
2025-10-07 10:55:25,950 - INFO - Collected batch 846/1008: 50 samples
2025-10-07 10:55:25,950 - INFO - Collected batch 847/1008: 50 samples
2025-10-07 10:55:26,040 - INFO - Processing batch 848 with 50 files
2025-10-07 10:55:26,041 - INFO - Batch 848 completed: 50 valid samples
2025-10-07 10:55:26,277 - INFO - Processing batch 847 with 50 files
2025-10-07 10:55:26,278 - INFO - Batch 847 completed: 50 valid samples
2025-10-07 10:55:26,279 - INFO - Collected batch 848/1008: 50 samples
2025-10-07 10:55:26,279 - INFO - Collected batch 849/1008: 50 samples
2025-10-07 10:55:26,327 - INFO - Processing batch 850 with 50 files
2025-10-07 10:55:26,327 - INFO - Batch 850 completed: 50 valid samples
2025-10-07 10:55:26,366 - INFO - Processing batch 849 with 50 files
2025-10-07 10:55:26,366 - INFO - Batch 849 completed: 50 valid samples
2025-10-07 10:55:26,376 - INFO - Collected batch 850/1008: 50 samples
2025-10-07 10:55:26,376 - INFO - Collected batch 851/1008: 50 samples
2025-10-07 10:55:26,420 - INFO - Processing batch 852 with 50 files
2025-10-07 10:55:26,421 - INFO - Batch 852 completed: 50 valid samples
2025-10-07 10:55:26,501 - INFO - Processing batch 851 with 50 files
2025-10-07 10:55:26,501 - INFO - Batch 851 completed: 50 valid samples
2025-10-07 10:55:26,502 - INFO - Collected batch 852/1008: 50 samples
2025-10-07 10:55:26,502 - INFO - Collected batch 853/1008: 50 samples
2025-10-07 10:55:26,742 - INFO - Processing batch 853 with 50 files
2025-10-07 10:55:26,743 - INFO - Batch 853 completed: 50 valid samples
2025-10-07 10:55:26,744 - INFO - Collected batch 854/1008: 50 samples
2025-10-07 10:55:26,791 - INFO - Processing batch 855 with 50 files
2025-10-07 10:55:26,791 - INFO - Batch 855 completed: 50 valid samples
2025-10-07 10:55:26,818 - INFO - Processing batch 854 with 50 files
2025-10-07 10:55:26,819 - INFO - Batch 854 completed: 50 valid samples
2025-10-07 10:55:26,837 - INFO - Collected batch 855/1008: 50 samples
2025-10-07 10:55:26,837 - INFO - Collected batch 856/1008: 50 samples
2025-10-07 10:55:26,889 - INFO - Processing batch 857 with 50 files
2025-10-07 10:55:26,889 - INFO - Batch 857 completed: 50 valid samples
2025-10-07 10:55:26,977 - INFO - Processing batch 856 with 50 files
2025-10-07 10:55:26,977 - INFO - Batch 856 completed: 50 valid samples
2025-10-07 10:55:26,978 - INFO - Collected batch 857/1008: 50 samples
2025-10-07 10:55:26,979 - INFO - Collected batch 858/1008: 50 samples
2025-10-07 10:55:27,307 - INFO - Processing batch 859 with 50 files
2025-10-07 10:55:27,308 - INFO - Batch 859 completed: 50 valid samples
2025-10-07 10:55:27,356 - INFO - Processing batch 860 with 50 files
2025-10-07 10:55:27,357 - INFO - Batch 860 completed: 50 valid samples
2025-10-07 10:55:27,412 - INFO - Processing batch 858 with 50 files
2025-10-07 10:55:27,413 - INFO - Batch 858 completed: 50 valid samples
2025-10-07 10:55:27,424 - INFO - Collected batch 859/1008: 50 samples
2025-10-07 10:55:27,424 - INFO - Collected batch 860/1008: 50 samples
2025-10-07 10:55:27,424 - INFO - Collected batch 861/1008: 50 samples
2025-10-07 10:55:27,477 - INFO - Processing batch 862 with 50 files
2025-10-07 10:55:27,478 - INFO - Batch 862 completed: 50 valid samples
2025-10-07 10:55:27,715 - INFO - Processing batch 861 with 50 files
2025-10-07 10:55:27,716 - INFO - Batch 861 completed: 50 valid samples
2025-10-07 10:55:27,717 - INFO - Collected batch 862/1008: 50 samples
2025-10-07 10:55:27,717 - INFO - Collected batch 863/1008: 50 samples
2025-10-07 10:55:27,745 - INFO - Processing batch 863 with 50 files
2025-10-07 10:55:27,745 - INFO - Batch 863 completed: 50 valid samples
2025-10-07 10:55:27,766 - INFO - Processing batch 864 with 50 files
2025-10-07 10:55:27,766 - INFO - Batch 864 completed: 50 valid samples
2025-10-07 10:55:27,779 - INFO - Collected batch 864/1008: 50 samples
2025-10-07 10:55:27,780 - INFO - Collected batch 865/1008: 50 samples
2025-10-07 10:55:28,004 - INFO - Processing batch 866 with 50 files
2025-10-07 10:55:28,005 - INFO - Batch 866 completed: 50 valid samples
2025-10-07 10:55:28,088 - INFO - Processing batch 865 with 50 files
2025-10-07 10:55:28,088 - INFO - Batch 865 completed: 50 valid samples
2025-10-07 10:55:28,089 - INFO - Collected batch 866/1008: 50 samples
2025-10-07 10:55:28,089 - INFO - Collected batch 867/1008: 50 samples
2025-10-07 10:55:28,136 - INFO - Processing batch 868 with 50 files
2025-10-07 10:55:28,137 - INFO - Batch 868 completed: 50 valid samples
2025-10-07 10:55:28,319 - INFO - Processing batch 867 with 50 files
2025-10-07 10:55:28,320 - INFO - Batch 867 completed: 50 valid samples
2025-10-07 10:55:28,321 - INFO - Collected batch 868/1008: 50 samples
2025-10-07 10:55:28,322 - INFO - Collected batch 869/1008: 50 samples
2025-10-07 10:55:28,367 - INFO - Processing batch 870 with 50 files
2025-10-07 10:55:28,368 - INFO - Batch 870 completed: 50 valid samples
2025-10-07 10:55:28,466 - INFO - Processing batch 869 with 50 files
2025-10-07 10:55:28,467 - INFO - Batch 869 completed: 50 valid samples
2025-10-07 10:55:28,468 - INFO - Collected batch 870/1008: 50 samples
2025-10-07 10:55:28,468 - INFO - Collected batch 871/1008: 50 samples
2025-10-07 10:55:28,516 - INFO - Processing batch 872 with 50 files
2025-10-07 10:55:28,516 - INFO - Batch 872 completed: 50 valid samples
2025-10-07 10:55:28,694 - INFO - Processing batch 871 with 50 files
2025-10-07 10:55:28,695 - INFO - Batch 871 completed: 50 valid samples
2025-10-07 10:55:28,696 - INFO - Collected batch 872/1008: 50 samples
2025-10-07 10:55:28,696 - INFO - Collected batch 873/1008: 50 samples
2025-10-07 10:55:28,742 - INFO - Processing batch 874 with 50 files
2025-10-07 10:55:28,743 - INFO - Batch 874 completed: 50 valid samples
2025-10-07 10:55:28,849 - INFO - Processing batch 873 with 50 files
2025-10-07 10:55:28,850 - INFO - Batch 873 completed: 50 valid samples
2025-10-07 10:55:28,850 - INFO - Collected batch 874/1008: 50 samples
2025-10-07 10:55:28,851 - INFO - Collected batch 875/1008: 50 samples
2025-10-07 10:55:28,900 - INFO - Processing batch 876 with 50 files
2025-10-07 10:55:28,901 - INFO - Batch 876 completed: 50 valid samples
2025-10-07 10:55:29,077 - INFO - Processing batch 877 with 50 files
2025-10-07 10:55:29,078 - INFO - Batch 877 completed: 50 valid samples
2025-10-07 10:55:29,190 - INFO - Processing batch 875 with 50 files
2025-10-07 10:55:29,191 - INFO - Batch 875 completed: 50 valid samples
2025-10-07 10:55:29,192 - INFO - Collected batch 876/1008: 50 samples
2025-10-07 10:55:29,192 - INFO - Collected batch 877/1008: 50 samples
2025-10-07 10:55:29,192 - INFO - Collected batch 878/1008: 50 samples
2025-10-07 10:55:29,243 - INFO - Processing batch 879 with 50 files
2025-10-07 10:55:29,243 - INFO - Batch 879 completed: 50 valid samples
2025-10-07 10:55:29,395 - INFO - Processing batch 878 with 50 files
2025-10-07 10:55:29,396 - INFO - Batch 878 completed: 50 valid samples
2025-10-07 10:55:29,396 - INFO - Collected batch 879/1008: 50 samples
2025-10-07 10:55:29,397 - INFO - Collected batch 880/1008: 50 samples
2025-10-07 10:55:29,433 - INFO - Processing batch 880 with 50 files
2025-10-07 10:55:29,433 - INFO - Batch 880 completed: 50 valid samples
2025-10-07 10:55:29,435 - INFO - Collected batch 881/1008: 50 samples
2025-10-07 10:55:29,444 - INFO - Processing batch 881 with 50 files
2025-10-07 10:55:29,445 - INFO - Batch 881 completed: 50 valid samples
2025-10-07 10:55:29,446 - INFO - Collected batch 882/1008: 50 samples
2025-10-07 10:55:29,747 - INFO - Processing batch 882 with 50 files
2025-10-07 10:55:29,748 - INFO - Batch 882 completed: 50 valid samples
2025-10-07 10:55:29,748 - INFO - Collected batch 883/1008: 50 samples
2025-10-07 10:55:29,783 - INFO - Processing batch 883 with 50 files
2025-10-07 10:55:29,783 - INFO - Batch 883 completed: 50 valid samples
2025-10-07 10:55:29,796 - INFO - Processing batch 884 with 50 files
2025-10-07 10:55:29,796 - INFO - Batch 884 completed: 50 valid samples
2025-10-07 10:55:29,817 - INFO - Collected batch 884/1008: 50 samples
2025-10-07 10:55:29,818 - INFO - Collected batch 885/1008: 50 samples
2025-10-07 10:55:29,868 - INFO - Processing batch 885 with 50 files
2025-10-07 10:55:29,868 - INFO - Batch 885 completed: 50 valid samples
2025-10-07 10:55:29,897 - INFO - Collected batch 886/1008: 50 samples
2025-10-07 10:55:30,061 - INFO - Processing batch 887 with 50 files
2025-10-07 10:55:30,062 - INFO - Batch 887 completed: 50 valid samples
2025-10-07 10:55:30,181 - INFO - Processing batch 886 with 50 files
2025-10-07 10:55:30,182 - INFO - Batch 886 completed: 50 valid samples
2025-10-07 10:55:30,183 - INFO - Collected batch 887/1008: 50 samples
2025-10-07 10:55:30,183 - INFO - Collected batch 888/1008: 50 samples
2025-10-07 10:55:30,230 - INFO - Processing batch 889 with 50 files
2025-10-07 10:55:30,231 - INFO - Batch 889 completed: 50 valid samples
2025-10-07 10:55:30,382 - INFO - Processing batch 888 with 50 files
2025-10-07 10:55:30,383 - INFO - Batch 888 completed: 50 valid samples
2025-10-07 10:55:30,384 - INFO - Collected batch 889/1008: 50 samples
2025-10-07 10:55:30,384 - INFO - Collected batch 890/1008: 50 samples
2025-10-07 10:55:30,408 - INFO - Processing batch 890 with 50 files
2025-10-07 10:55:30,409 - INFO - Batch 890 completed: 50 valid samples
2025-10-07 10:55:30,430 - INFO - Processing batch 891 with 50 files
2025-10-07 10:55:30,431 - INFO - Batch 891 completed: 50 valid samples
2025-10-07 10:55:30,439 - INFO - Collected batch 891/1008: 50 samples
2025-10-07 10:55:30,439 - INFO - Collected batch 892/1008: 50 samples
2025-10-07 10:55:30,746 - INFO - Processing batch 892 with 50 files
2025-10-07 10:55:30,747 - INFO - Batch 892 completed: 50 valid samples
2025-10-07 10:55:30,748 - INFO - Collected batch 893/1008: 50 samples
2025-10-07 10:55:30,785 - INFO - Processing batch 893 with 50 files
2025-10-07 10:55:30,786 - INFO - Batch 893 completed: 50 valid samples
2025-10-07 10:55:30,794 - INFO - Processing batch 894 with 50 files
2025-10-07 10:55:30,795 - INFO - Batch 894 completed: 50 valid samples
2025-10-07 10:55:30,811 - INFO - Collected batch 894/1008: 50 samples
2025-10-07 10:55:30,812 - INFO - Collected batch 895/1008: 50 samples
2025-10-07 10:55:30,854 - INFO - Processing batch 895 with 50 files
2025-10-07 10:55:30,854 - INFO - Batch 895 completed: 50 valid samples
2025-10-07 10:55:30,855 - INFO - Collected batch 896/1008: 50 samples
2025-10-07 10:55:31,215 - INFO - Processing batch 897 with 50 files
2025-10-07 10:55:31,215 - INFO - Batch 897 completed: 50 valid samples
2025-10-07 10:55:31,262 - INFO - Processing batch 898 with 50 files
2025-10-07 10:55:31,263 - INFO - Batch 898 completed: 50 valid samples
2025-10-07 10:55:31,348 - INFO - Processing batch 896 with 50 files
2025-10-07 10:55:31,349 - INFO - Batch 896 completed: 50 valid samples
2025-10-07 10:55:31,350 - INFO - Collected batch 897/1008: 50 samples
2025-10-07 10:55:31,350 - INFO - Collected batch 898/1008: 50 samples
2025-10-07 10:55:31,350 - INFO - Collected batch 899/1008: 50 samples
2025-10-07 10:55:31,408 - INFO - Processing batch 900 with 50 files
2025-10-07 10:55:31,409 - INFO - Batch 900 completed: 50 valid samples
2025-10-07 10:55:31,430 - INFO - Processing batch 899 with 50 files
2025-10-07 10:55:31,430 - INFO - Batch 899 completed: 50 valid samples
2025-10-07 10:55:31,452 - INFO - Collected batch 900/1008: 50 samples
2025-10-07 10:55:31,452 - INFO - Collected batch 901/1008: 50 samples
2025-10-07 10:55:31,773 - INFO - Processing batch 902 with 50 files
2025-10-07 10:55:31,774 - INFO - Batch 902 completed: 50 valid samples
2025-10-07 10:55:31,822 - INFO - Processing batch 903 with 50 files
2025-10-07 10:55:31,823 - INFO - Batch 903 completed: 50 valid samples
2025-10-07 10:55:31,917 - INFO - Processing batch 901 with 50 files
2025-10-07 10:55:31,918 - INFO - Batch 901 completed: 50 valid samples
2025-10-07 10:55:31,919 - INFO - Collected batch 902/1008: 50 samples
2025-10-07 10:55:31,919 - INFO - Collected batch 903/1008: 50 samples
2025-10-07 10:55:31,919 - INFO - Collected batch 904/1008: 50 samples
2025-10-07 10:55:31,968 - INFO - Processing batch 905 with 50 files
2025-10-07 10:55:31,968 - INFO - Batch 905 completed: 50 valid samples
2025-10-07 10:55:32,135 - INFO - Processing batch 904 with 50 files
2025-10-07 10:55:32,136 - INFO - Batch 904 completed: 50 valid samples
2025-10-07 10:55:32,136 - INFO - Processing batch 906 with 50 files
2025-10-07 10:55:32,136 - INFO - Collected batch 905/1008: 50 samples
2025-10-07 10:55:32,137 - INFO - Batch 906 completed: 50 valid samples
2025-10-07 10:55:32,137 - INFO - Collected batch 906/1008: 50 samples
2025-10-07 10:55:32,138 - INFO - Collected batch 907/1008: 50 samples
2025-10-07 10:55:32,183 - INFO - Processing batch 907 with 50 files
2025-10-07 10:55:32,184 - INFO - Batch 907 completed: 50 valid samples
2025-10-07 10:55:32,199 - INFO - Collected batch 908/1008: 50 samples
2025-10-07 10:55:32,502 - INFO - Processing batch 909 with 50 files
2025-10-07 10:55:32,503 - INFO - Batch 909 completed: 50 valid samples
2025-10-07 10:55:32,529 - INFO - Processing batch 908 with 50 files
2025-10-07 10:55:32,529 - INFO - Batch 908 completed: 50 valid samples
2025-10-07 10:55:32,542 - INFO - Collected batch 909/1008: 50 samples
2025-10-07 10:55:32,542 - INFO - Collected batch 910/1008: 50 samples
2025-10-07 10:55:32,595 - INFO - Processing batch 911 with 50 files
2025-10-07 10:55:32,596 - INFO - Batch 911 completed: 50 valid samples
2025-10-07 10:55:32,846 - INFO - Processing batch 910 with 50 files
2025-10-07 10:55:32,847 - INFO - Batch 910 completed: 50 valid samples
2025-10-07 10:55:32,848 - INFO - Collected batch 911/1008: 50 samples
2025-10-07 10:55:32,848 - INFO - Collected batch 912/1008: 50 samples
2025-10-07 10:55:32,898 - INFO - Processing batch 913 with 50 files
2025-10-07 10:55:32,898 - INFO - Batch 913 completed: 50 valid samples
2025-10-07 10:55:33,111 - INFO - Processing batch 912 with 50 files
2025-10-07 10:55:33,111 - INFO - Batch 912 completed: 50 valid samples
2025-10-07 10:55:33,112 - INFO - Collected batch 913/1008: 50 samples
2025-10-07 10:55:33,113 - INFO - Collected batch 914/1008: 50 samples
2025-10-07 10:55:33,159 - INFO - Processing batch 915 with 50 files
2025-10-07 10:55:33,159 - INFO - Batch 915 completed: 50 valid samples
2025-10-07 10:55:33,210 - INFO - Processing batch 914 with 50 files
2025-10-07 10:55:33,211 - INFO - Batch 914 completed: 50 valid samples
2025-10-07 10:55:33,219 - INFO - Collected batch 915/1008: 50 samples
2025-10-07 10:55:33,220 - INFO - Collected batch 916/1008: 50 samples
2025-10-07 10:55:33,272 - INFO - Processing batch 917 with 50 files
2025-10-07 10:55:33,273 - INFO - Batch 917 completed: 50 valid samples
2025-10-07 10:55:33,358 - INFO - Processing batch 916 with 50 files
2025-10-07 10:55:33,358 - INFO - Batch 916 completed: 50 valid samples
2025-10-07 10:55:33,359 - INFO - Collected batch 917/1008: 50 samples
2025-10-07 10:55:33,360 - INFO - Collected batch 918/1008: 50 samples
2025-10-07 10:55:33,685 - INFO - Processing batch 919 with 50 files
2025-10-07 10:55:33,686 - INFO - Batch 919 completed: 50 valid samples
2025-10-07 10:55:33,732 - INFO - Processing batch 920 with 50 files
2025-10-07 10:55:33,733 - INFO - Batch 920 completed: 50 valid samples
2025-10-07 10:55:33,798 - INFO - Processing batch 918 with 50 files
2025-10-07 10:55:33,799 - INFO - Batch 918 completed: 50 valid samples
2025-10-07 10:55:33,799 - INFO - Collected batch 919/1008: 50 samples
2025-10-07 10:55:33,800 - INFO - Collected batch 920/1008: 50 samples
2025-10-07 10:55:33,800 - INFO - Collected batch 921/1008: 50 samples
2025-10-07 10:55:33,854 - INFO - Processing batch 922 with 50 files
2025-10-07 10:55:33,855 - INFO - Batch 922 completed: 50 valid samples
2025-10-07 10:55:34,110 - INFO - Processing batch 923 with 50 files
2025-10-07 10:55:34,111 - INFO - Batch 923 completed: 50 valid samples
2025-10-07 10:55:34,225 - INFO - Processing batch 921 with 50 files
2025-10-07 10:55:34,226 - INFO - Batch 921 completed: 50 valid samples
2025-10-07 10:55:34,227 - INFO - Collected batch 922/1008: 50 samples
2025-10-07 10:55:34,228 - INFO - Collected batch 923/1008: 50 samples
2025-10-07 10:55:34,228 - INFO - Collected batch 924/1008: 50 samples
2025-10-07 10:55:34,279 - INFO - Processing batch 925 with 50 files
2025-10-07 10:55:34,279 - INFO - Batch 925 completed: 50 valid samples
2025-10-07 10:55:34,592 - INFO - Processing batch 924 with 50 files
2025-10-07 10:55:34,593 - INFO - Batch 924 completed: 50 valid samples
2025-10-07 10:55:34,594 - INFO - Collected batch 925/1008: 50 samples
2025-10-07 10:55:34,594 - INFO - Collected batch 926/1008: 50 samples
2025-10-07 10:55:34,627 - INFO - Processing batch 926 with 50 files
2025-10-07 10:55:34,628 - INFO - Batch 926 completed: 50 valid samples
2025-10-07 10:55:34,642 - INFO - Processing batch 927 with 50 files
2025-10-07 10:55:34,643 - INFO - Batch 927 completed: 50 valid samples
2025-10-07 10:55:34,643 - INFO - Collected batch 927/1008: 50 samples
2025-10-07 10:55:34,644 - INFO - Collected batch 928/1008: 50 samples
2025-10-07 10:55:34,695 - INFO - Processing batch 928 with 50 files
2025-10-07 10:55:34,695 - INFO - Batch 928 completed: 50 valid samples
2025-10-07 10:55:34,708 - INFO - Collected batch 929/1008: 50 samples
2025-10-07 10:55:34,966 - INFO - Processing batch 930 with 50 files
2025-10-07 10:55:34,967 - INFO - Batch 930 completed: 50 valid samples
2025-10-07 10:55:35,010 - INFO - Processing batch 929 with 50 files
2025-10-07 10:55:35,011 - INFO - Batch 929 completed: 50 valid samples
2025-10-07 10:55:35,026 - INFO - Collected batch 930/1008: 50 samples
2025-10-07 10:55:35,027 - INFO - Collected batch 931/1008: 50 samples
2025-10-07 10:55:35,071 - INFO - Processing batch 932 with 50 files
2025-10-07 10:55:35,072 - INFO - Batch 932 completed: 50 valid samples
2025-10-07 10:55:35,239 - INFO - Processing batch 933 with 50 files
2025-10-07 10:55:35,240 - INFO - Batch 933 completed: 50 valid samples
2025-10-07 10:55:35,423 - INFO - Processing batch 931 with 50 files
2025-10-07 10:55:35,424 - INFO - Batch 931 completed: 50 valid samples
2025-10-07 10:55:35,424 - INFO - Collected batch 932/1008: 50 samples
2025-10-07 10:55:35,425 - INFO - Collected batch 933/1008: 50 samples
2025-10-07 10:55:35,425 - INFO - Collected batch 934/1008: 50 samples
2025-10-07 10:55:35,472 - INFO - Processing batch 935 with 50 files
2025-10-07 10:55:35,472 - INFO - Batch 935 completed: 50 valid samples
2025-10-07 10:55:35,541 - INFO - Processing batch 934 with 50 files
2025-10-07 10:55:35,542 - INFO - Batch 934 completed: 50 valid samples
2025-10-07 10:55:35,543 - INFO - Collected batch 935/1008: 50 samples
2025-10-07 10:55:35,543 - INFO - Collected batch 936/1008: 50 samples
2025-10-07 10:55:35,593 - INFO - Processing batch 937 with 50 files
2025-10-07 10:55:35,594 - INFO - Batch 937 completed: 50 valid samples
2025-10-07 10:55:35,898 - INFO - Processing batch 938 with 50 files
2025-10-07 10:55:35,899 - INFO - Batch 938 completed: 50 valid samples
2025-10-07 10:55:35,947 - INFO - Processing batch 939 with 50 files
2025-10-07 10:55:35,947 - INFO - Batch 939 completed: 50 valid samples
2025-10-07 10:55:35,966 - INFO - Processing batch 936 with 50 files
2025-10-07 10:55:35,967 - INFO - Batch 936 completed: 50 valid samples
2025-10-07 10:55:35,995 - INFO - Collected batch 937/1008: 50 samples
2025-10-07 10:55:35,996 - INFO - Collected batch 938/1008: 50 samples
2025-10-07 10:55:35,996 - INFO - Collected batch 939/1008: 50 samples
2025-10-07 10:55:35,996 - INFO - Collected batch 940/1008: 50 samples
2025-10-07 10:55:36,045 - INFO - Processing batch 941 with 50 files
2025-10-07 10:55:36,046 - INFO - Batch 941 completed: 50 valid samples
2025-10-07 10:55:36,284 - INFO - Processing batch 940 with 50 files
2025-10-07 10:55:36,284 - INFO - Batch 940 completed: 50 valid samples
2025-10-07 10:55:36,285 - INFO - Collected batch 941/1008: 50 samples
2025-10-07 10:55:36,286 - INFO - Collected batch 942/1008: 50 samples
2025-10-07 10:55:36,314 - INFO - Processing batch 942 with 50 files
2025-10-07 10:55:36,315 - INFO - Batch 942 completed: 50 valid samples
2025-10-07 10:55:36,334 - INFO - Processing batch 943 with 50 files
2025-10-07 10:55:36,335 - INFO - Batch 943 completed: 50 valid samples
2025-10-07 10:55:36,343 - INFO - Collected batch 943/1008: 50 samples
2025-10-07 10:55:36,343 - INFO - Collected batch 944/1008: 50 samples
2025-10-07 10:55:36,550 - INFO - Processing batch 945 with 50 files
2025-10-07 10:55:36,551 - INFO - Batch 945 completed: 50 valid samples
2025-10-07 10:55:36,713 - INFO - Processing batch 944 with 50 files
2025-10-07 10:55:36,714 - INFO - Batch 944 completed: 50 valid samples
2025-10-07 10:55:36,715 - INFO - Collected batch 945/1008: 50 samples
2025-10-07 10:55:36,715 - INFO - Collected batch 946/1008: 50 samples
2025-10-07 10:55:36,762 - INFO - Processing batch 947 with 50 files
2025-10-07 10:55:36,763 - INFO - Batch 947 completed: 50 valid samples
2025-10-07 10:55:36,862 - INFO - Processing batch 946 with 50 files
2025-10-07 10:55:36,863 - INFO - Batch 946 completed: 50 valid samples
2025-10-07 10:55:36,864 - INFO - Collected batch 947/1008: 50 samples
2025-10-07 10:55:36,864 - INFO - Collected batch 948/1008: 50 samples
2025-10-07 10:55:36,911 - INFO - Processing batch 949 with 50 files
2025-10-07 10:55:36,912 - INFO - Batch 949 completed: 50 valid samples
2025-10-07 10:55:37,084 - INFO - Processing batch 948 with 50 files
2025-10-07 10:55:37,084 - INFO - Batch 948 completed: 50 valid samples
2025-10-07 10:55:37,085 - INFO - Collected batch 949/1008: 50 samples
2025-10-07 10:55:37,086 - INFO - Collected batch 950/1008: 50 samples
2025-10-07 10:55:37,131 - INFO - Processing batch 951 with 50 files
2025-10-07 10:55:37,132 - INFO - Batch 951 completed: 50 valid samples
2025-10-07 10:55:37,224 - INFO - Processing batch 950 with 50 files
2025-10-07 10:55:37,224 - INFO - Batch 950 completed: 50 valid samples
2025-10-07 10:55:37,225 - INFO - Collected batch 951/1008: 50 samples
2025-10-07 10:55:37,226 - INFO - Collected batch 952/1008: 50 samples
2025-10-07 10:55:37,272 - INFO - Processing batch 953 with 50 files
2025-10-07 10:55:37,273 - INFO - Batch 953 completed: 50 valid samples
2025-10-07 10:55:37,436 - INFO - Processing batch 954 with 50 files
2025-10-07 10:55:37,437 - INFO - Batch 954 completed: 50 valid samples
2025-10-07 10:55:37,458 - INFO - Processing batch 952 with 50 files
2025-10-07 10:55:37,459 - INFO - Batch 952 completed: 50 valid samples
2025-10-07 10:55:37,493 - INFO - Collected batch 953/1008: 50 samples
2025-10-07 10:55:37,493 - INFO - Collected batch 954/1008: 50 samples
2025-10-07 10:55:37,493 - INFO - Collected batch 955/1008: 50 samples
2025-10-07 10:55:37,536 - INFO - Processing batch 956 with 50 files
2025-10-07 10:55:37,537 - INFO - Batch 956 completed: 50 valid samples
2025-10-07 10:55:37,718 - INFO - Processing batch 957 with 50 files
2025-10-07 10:55:37,718 - INFO - Batch 957 completed: 50 valid samples
2025-10-07 10:55:37,748 - INFO - Processing batch 955 with 50 files
2025-10-07 10:55:37,749 - INFO - Batch 955 completed: 50 valid samples
2025-10-07 10:55:37,786 - INFO - Collected batch 956/1008: 50 samples
2025-10-07 10:55:37,786 - INFO - Collected batch 957/1008: 50 samples
2025-10-07 10:55:37,786 - INFO - Collected batch 958/1008: 50 samples
2025-10-07 10:55:37,836 - INFO - Processing batch 959 with 50 files
2025-10-07 10:55:37,837 - INFO - Batch 959 completed: 50 valid samples
2025-10-07 10:55:38,063 - INFO - Processing batch 958 with 50 files
2025-10-07 10:55:38,064 - INFO - Batch 958 completed: 50 valid samples
2025-10-07 10:55:38,065 - INFO - Collected batch 959/1008: 50 samples
2025-10-07 10:55:38,065 - INFO - Collected batch 960/1008: 50 samples
2025-10-07 10:55:38,113 - INFO - Processing batch 961 with 50 files
2025-10-07 10:55:38,114 - INFO - Batch 961 completed: 50 valid samples
2025-10-07 10:55:38,351 - INFO - Processing batch 960 with 50 files
2025-10-07 10:55:38,352 - INFO - Batch 960 completed: 50 valid samples
2025-10-07 10:55:38,353 - INFO - Collected batch 961/1008: 50 samples
2025-10-07 10:55:38,353 - INFO - Collected batch 962/1008: 50 samples
2025-10-07 10:55:38,411 - INFO - Processing batch 963 with 50 files
2025-10-07 10:55:38,412 - INFO - Batch 963 completed: 50 valid samples
2025-10-07 10:55:38,459 - INFO - Processing batch 962 with 50 files
2025-10-07 10:55:38,459 - INFO - Batch 962 completed: 50 valid samples
2025-10-07 10:55:38,465 - INFO - Collected batch 963/1008: 50 samples
2025-10-07 10:55:38,465 - INFO - Collected batch 964/1008: 50 samples
2025-10-07 10:55:38,507 - INFO - Processing batch 965 with 50 files
2025-10-07 10:55:38,508 - INFO - Batch 965 completed: 50 valid samples
2025-10-07 10:55:38,674 - INFO - Processing batch 966 with 50 files
2025-10-07 10:55:38,675 - INFO - Batch 966 completed: 50 valid samples
2025-10-07 10:55:38,899 - INFO - Processing batch 964 with 50 files
2025-10-07 10:55:38,899 - INFO - Batch 964 completed: 50 valid samples
2025-10-07 10:55:38,900 - INFO - Collected batch 965/1008: 50 samples
2025-10-07 10:55:38,901 - INFO - Collected batch 966/1008: 50 samples
2025-10-07 10:55:38,901 - INFO - Collected batch 967/1008: 50 samples
2025-10-07 10:55:38,957 - INFO - Processing batch 968 with 50 files
2025-10-07 10:55:38,958 - INFO - Batch 968 completed: 50 valid samples
2025-10-07 10:55:38,993 - INFO - Processing batch 967 with 50 files
2025-10-07 10:55:38,993 - INFO - Batch 967 completed: 50 valid samples
2025-10-07 10:55:39,010 - INFO - Collected batch 968/1008: 50 samples
2025-10-07 10:55:39,011 - INFO - Collected batch 969/1008: 50 samples
2025-10-07 10:55:39,054 - INFO - Processing batch 970 with 50 files
2025-10-07 10:55:39,055 - INFO - Batch 970 completed: 50 valid samples
2025-10-07 10:55:39,236 - INFO - Processing batch 969 with 50 files
2025-10-07 10:55:39,236 - INFO - Batch 969 completed: 50 valid samples
2025-10-07 10:55:39,237 - INFO - Collected batch 970/1008: 50 samples
2025-10-07 10:55:39,238 - INFO - Collected batch 971/1008: 50 samples
2025-10-07 10:55:39,400 - INFO - Processing batch 971 with 50 files
2025-10-07 10:55:39,400 - INFO - Batch 971 completed: 50 valid samples
2025-10-07 10:55:39,401 - INFO - Collected batch 972/1008: 50 samples
2025-10-07 10:55:39,452 - INFO - Processing batch 973 with 50 files
2025-10-07 10:55:39,453 - INFO - Batch 973 completed: 50 valid samples
2025-10-07 10:55:39,748 - INFO - Processing batch 972 with 50 files
2025-10-07 10:55:39,749 - INFO - Batch 972 completed: 50 valid samples
2025-10-07 10:55:39,750 - INFO - Collected batch 973/1008: 50 samples
2025-10-07 10:55:39,751 - INFO - Collected batch 974/1008: 50 samples
2025-10-07 10:55:39,781 - INFO - Processing batch 974 with 50 files
2025-10-07 10:55:39,782 - INFO - Batch 974 completed: 50 valid samples
2025-10-07 10:55:39,806 - INFO - Processing batch 975 with 50 files
2025-10-07 10:55:39,807 - INFO - Batch 975 completed: 50 valid samples
2025-10-07 10:55:39,823 - INFO - Collected batch 975/1008: 50 samples
2025-10-07 10:55:39,823 - INFO - Collected batch 976/1008: 50 samples
2025-10-07 10:55:39,863 - INFO - Processing batch 976 with 50 files
2025-10-07 10:55:39,864 - INFO - Batch 976 completed: 50 valid samples
2025-10-07 10:55:39,865 - INFO - Collected batch 977/1008: 50 samples
2025-10-07 10:55:40,065 - INFO - Processing batch 978 with 50 files
2025-10-07 10:55:40,066 - INFO - Batch 978 completed: 50 valid samples
2025-10-07 10:55:40,169 - INFO - Processing batch 977 with 50 files
2025-10-07 10:55:40,170 - INFO - Batch 977 completed: 50 valid samples
2025-10-07 10:55:40,171 - INFO - Collected batch 978/1008: 50 samples
2025-10-07 10:55:40,171 - INFO - Collected batch 979/1008: 50 samples
2025-10-07 10:55:40,219 - INFO - Processing batch 980 with 50 files
2025-10-07 10:55:40,219 - INFO - Batch 980 completed: 50 valid samples
2025-10-07 10:55:40,380 - INFO - Processing batch 979 with 50 files
2025-10-07 10:55:40,381 - INFO - Batch 979 completed: 50 valid samples
2025-10-07 10:55:40,382 - INFO - Collected batch 980/1008: 50 samples
2025-10-07 10:55:40,382 - INFO - Collected batch 981/1008: 50 samples
2025-10-07 10:55:40,388 - INFO - Processing batch 981 with 50 files
2025-10-07 10:55:40,389 - INFO - Batch 981 completed: 50 valid samples
2025-10-07 10:55:40,390 - INFO - Collected batch 982/1008: 50 samples
2025-10-07 10:55:40,428 - INFO - Processing batch 982 with 50 files
2025-10-07 10:55:40,429 - INFO - Batch 982 completed: 50 valid samples
2025-10-07 10:55:40,430 - INFO - Collected batch 983/1008: 50 samples
2025-10-07 10:55:40,807 - INFO - Processing batch 984 with 50 files
2025-10-07 10:55:40,808 - INFO - Batch 984 completed: 50 valid samples
2025-10-07 10:55:40,854 - INFO - Processing batch 985 with 50 files
2025-10-07 10:55:40,855 - INFO - Batch 985 completed: 50 valid samples
2025-10-07 10:55:40,938 - INFO - Processing batch 983 with 50 files
2025-10-07 10:55:40,939 - INFO - Batch 983 completed: 50 valid samples
2025-10-07 10:55:40,940 - INFO - Collected batch 984/1008: 50 samples
2025-10-07 10:55:40,941 - INFO - Collected batch 985/1008: 50 samples
2025-10-07 10:55:40,941 - INFO - Collected batch 986/1008: 50 samples
2025-10-07 10:55:40,996 - INFO - Processing batch 987 with 50 files
2025-10-07 10:55:40,997 - INFO - Batch 987 completed: 50 valid samples
2025-10-07 10:55:41,041 - INFO - Processing batch 986 with 50 files
2025-10-07 10:55:41,042 - INFO - Batch 986 completed: 50 valid samples
2025-10-07 10:55:41,043 - INFO - Collected batch 987/1008: 50 samples
2025-10-07 10:55:41,043 - INFO - Collected batch 988/1008: 50 samples
2025-10-07 10:55:41,354 - INFO - Processing batch 989 with 50 files
2025-10-07 10:55:41,355 - INFO - Batch 989 completed: 50 valid samples
2025-10-07 10:55:41,402 - INFO - Processing batch 990 with 50 files
2025-10-07 10:55:41,403 - INFO - Batch 990 completed: 50 valid samples
2025-10-07 10:55:41,489 - INFO - Processing batch 988 with 50 files
2025-10-07 10:55:41,490 - INFO - Batch 988 completed: 50 valid samples
2025-10-07 10:55:41,491 - INFO - Collected batch 989/1008: 50 samples
2025-10-07 10:55:41,491 - INFO - Collected batch 990/1008: 50 samples
2025-10-07 10:55:41,491 - INFO - Collected batch 991/1008: 50 samples
2025-10-07 10:55:41,539 - INFO - Processing batch 992 with 50 files
2025-10-07 10:55:41,540 - INFO - Batch 992 completed: 50 valid samples
2025-10-07 10:55:41,730 - INFO - Processing batch 991 with 50 files
2025-10-07 10:55:41,730 - INFO - Batch 991 completed: 50 valid samples
2025-10-07 10:55:41,731 - INFO - Collected batch 992/1008: 50 samples
2025-10-07 10:55:41,731 - INFO - Collected batch 993/1008: 50 samples
2025-10-07 10:55:41,779 - INFO - Processing batch 994 with 50 files
2025-10-07 10:55:41,779 - INFO - Batch 994 completed: 50 valid samples
2025-10-07 10:55:41,854 - INFO - Processing batch 993 with 50 files
2025-10-07 10:55:41,855 - INFO - Batch 993 completed: 50 valid samples
2025-10-07 10:55:41,856 - INFO - Collected batch 994/1008: 50 samples
2025-10-07 10:55:41,856 - INFO - Collected batch 995/1008: 50 samples
2025-10-07 10:55:41,903 - INFO - Processing batch 996 with 50 files
2025-10-07 10:55:41,904 - INFO - Batch 996 completed: 50 valid samples
2025-10-07 10:55:42,071 - INFO - Processing batch 997 with 50 files
2025-10-07 10:55:42,071 - INFO - Batch 997 completed: 50 valid samples
2025-10-07 10:55:42,112 - INFO - Processing batch 995 with 50 files
2025-10-07 10:55:42,112 - INFO - Batch 995 completed: 50 valid samples
2025-10-07 10:55:42,135 - INFO - Collected batch 996/1008: 50 samples
2025-10-07 10:55:42,135 - INFO - Collected batch 997/1008: 50 samples
2025-10-07 10:55:42,135 - INFO - Collected batch 998/1008: 50 samples
2025-10-07 10:55:42,187 - INFO - Processing batch 999 with 50 files
2025-10-07 10:55:42,188 - INFO - Batch 999 completed: 50 valid samples
2025-10-07 10:55:42,407 - INFO - Processing batch 998 with 50 files
2025-10-07 10:55:42,408 - INFO - Batch 998 completed: 50 valid samples
2025-10-07 10:55:42,408 - INFO - Collected batch 999/1008: 50 samples
2025-10-07 10:55:42,409 - INFO - Collected batch 1000/1008: 50 samples
2025-10-07 10:55:42,457 - INFO - Processing batch 1001 with 50 files
2025-10-07 10:55:42,458 - INFO - Batch 1001 completed: 50 valid samples
2025-10-07 10:55:42,458 - INFO - Processing batch 1000 with 50 files
2025-10-07 10:55:42,459 - INFO - Batch 1000 completed: 50 valid samples
2025-10-07 10:55:42,468 - INFO - Collected batch 1001/1008: 50 samples
2025-10-07 10:55:42,469 - INFO - Collected batch 1002/1008: 50 samples
2025-10-07 10:55:42,771 - INFO - Processing batch 1002 with 50 files
2025-10-07 10:55:42,772 - INFO - Batch 1002 completed: 50 valid samples
2025-10-07 10:55:42,773 - INFO - Collected batch 1003/1008: 50 samples
2025-10-07 10:55:42,823 - INFO - Processing batch 1004 with 50 files
2025-10-07 10:55:42,824 - INFO - Batch 1004 completed: 50 valid samples
2025-10-07 10:55:42,916 - INFO - Processing batch 1003 with 50 files
2025-10-07 10:55:42,917 - INFO - Batch 1003 completed: 50 valid samples
2025-10-07 10:55:42,918 - INFO - Collected batch 1004/1008: 50 samples
2025-10-07 10:55:42,918 - INFO - Collected batch 1005/1008: 50 samples
2025-10-07 10:55:42,965 - INFO - Processing batch 1006 with 50 files
2025-10-07 10:55:42,966 - INFO - Batch 1006 completed: 50 valid samples
2025-10-07 10:55:42,995 - INFO - Processing batch 1005 with 50 files
2025-10-07 10:55:42,995 - INFO - Batch 1005 completed: 50 valid samples
2025-10-07 10:55:42,996 - INFO - Collected batch 1006/1008: 50 samples
2025-10-07 10:55:42,996 - INFO - Collected batch 1007/1008: 50 samples
2025-10-07 10:55:43,281 - INFO - Processing batch 1007 with 31 files
2025-10-07 10:55:43,281 - INFO - Batch 1007 completed: 31 valid samples
2025-10-07 10:55:43,282 - INFO - Collected batch 1008/1008: 31 samples
2025-10-07 10:55:43,319 - INFO - Parallel loading completed in 106.97 seconds
2025-10-07 10:55:43,319 - INFO - Total samples loaded: 50381
2025-10-07 10:55:43,327 - INFO - Creating data splits...
2025-10-07 10:55:43,327 - INFO - Using stratified splitting based on dominant class...
2025-10-07 10:55:43,396 - INFO - Computing class distribution...
2025-10-07 10:55:43,400 - INFO - Class Abies: 1080 samples
2025-10-07 10:55:43,400 - INFO - Class Acer: 2637 samples
2025-10-07 10:55:43,400 - INFO - Class Alnus: 2381 samples
2025-10-07 10:55:43,400 - INFO - Class Betula: 2409 samples
2025-10-07 10:55:43,400 - INFO - Class Cleared: 3686 samples
2025-10-07 10:55:43,400 - INFO - Class Fagus: 6981 samples
2025-10-07 10:55:43,400 - INFO - Class Fraxinus: 2478 samples
2025-10-07 10:55:43,400 - INFO - Class Larix: 2921 samples
2025-10-07 10:55:43,400 - INFO - Class Picea: 6353 samples
2025-10-07 10:55:43,400 - INFO - Class Pinus: 8162 samples
2025-10-07 10:55:43,400 - INFO - Class Populus: 448 samples
2025-10-07 10:55:43,400 - INFO - Class Pseudotsuga: 2864 samples
2025-10-07 10:55:43,400 - INFO - Class Quercus: 7786 samples
2025-10-07 10:55:43,400 - INFO - Class Tilia: 195 samples
2025-10-07 10:55:43,400 - INFO - Creating train/temp split (70%/30%)...
2025-10-07 10:55:43,418 - INFO - Creating val/test split (15%/15%)...
2025-10-07 10:55:43,425 - INFO - Split 'train': 35266 samples
2025-10-07 10:55:43,425 - INFO - Train: 35266, Val: 7557, Test: 7558
✓ Fallback dataset initialized successfully
  Stratified train split size: 35266

✗ Some tests failed!
